  > 1079.menu
 ------ > 1079_Pol_Calibrate.ckb
 ------------ > 1079_FW.rcp
------------------> PREFILTERRANGE 1079
 ------------ > setupCal.rcp
------------------> DIFFUSER  IN
------------------> COVER OUT
------------------> OCC		OUT
------------------> SHUT	OUT
------------------> CALIB	IN
 ------------ > 1079_Pol_Calibrate.rcp
------------------> CALRET	0
------------------> CALPOL	0
 ------------------ > 1079_1_2beam_16sums.rcp
------------------------> DATA	RCAM	BOTH	1079.80	16
------------------------> DATA	TCAM	BOTH	1079.80	16
------------------> CALPOL	45
 ------------------ > 1079_1_2beam_16sums.rcp
------------------------> DATA	RCAM	BOTH	1079.80	16
------------------------> DATA	TCAM	BOTH	1079.80	16
------------------> CALPOL	90
 ------------------ > 1079_1_2beam_16sums.rcp
------------------------> DATA	RCAM	BOTH	1079.80	16
------------------------> DATA	TCAM	BOTH	1079.80	16
------------------> CALPOL	135
 ------------------ > 1079_1_2beam_16sums.rcp
------------------------> DATA	RCAM	BOTH	1079.80	16
------------------------> DATA	TCAM	BOTH	1079.80	16
------------------> CALRET	45
------------------> CALPOL	0
 ------------------ > 1079_1_2beam_16sums.rcp
------------------------> DATA	RCAM	BOTH	1079.80	16
------------------------> DATA	TCAM	BOTH	1079.80	16
------------------> CALPOL	45
 ------------------ > 1079_1_2beam_16sums.rcp
------------------------> DATA	RCAM	BOTH	1079.80	16
------------------------> DATA	TCAM	BOTH	1079.80	16
------------------> CALPOL	90
 ------------------ > 1079_1_2beam_16sums.rcp
------------------------> DATA	RCAM	BOTH	1079.80	16
------------------------> DATA	TCAM	BOTH	1079.80	16
------------------> CALPOL	135
 ------------------ > 1079_1_2beam_16sums.rcp
------------------------> DATA	RCAM	BOTH	1079.80	16
------------------------> DATA	TCAM	BOTH	1079.80	16
------------------> CALIB	OUT
 ------------------ > 1079_1_2beam_16sums.rcp
------------------------> DATA	RCAM	BOTH	1079.80	16
------------------------> DATA	TCAM	BOTH	1079.80	16
