  > 1079_Pol_Calibrate.cbk
 ------ > 1079_FW.rcp
------------> prefilterrange 1079
 ------ > setupCal.rcp
------------> diffuser  in
------------> cover out
------------> occ		out
------------> shut	out
------------> calib	in
 ------ > 1079_Pol_Calibrate.rcp
------------> calret	0
------------> calpol	0
 ------------ > 1079_01wave_2beam_16sums_1rep_BLUE.rcp
------------------> data	rcam	blue	1079.80	16
------------------> data	tcam	blue	1079.80	16
------------> calpol	45
 ------------ > 1079_01wave_2beam_16sums_1rep_BLUE.rcp
------------------> data	rcam	blue	1079.80	16
------------------> data	tcam	blue	1079.80	16
------------> calpol	90
 ------------ > 1079_01wave_2beam_16sums_1rep_BLUE.rcp
------------------> data	rcam	blue	1079.80	16
------------------> data	tcam	blue	1079.80	16
------------> calpol	135
 ------------ > 1079_01wave_2beam_16sums_1rep_BLUE.rcp
------------------> data	rcam	blue	1079.80	16
------------------> data	tcam	blue	1079.80	16
------------> calret	45
------------> calpol	0
 ------------ > 1079_01wave_2beam_16sums_1rep_BLUE.rcp
------------------> data	rcam	blue	1079.80	16
------------------> data	tcam	blue	1079.80	16
------------> calpol	45
 ------------ > 1079_01wave_2beam_16sums_1rep_BLUE.rcp
------------------> data	rcam	blue	1079.80	16
------------------> data	tcam	blue	1079.80	16
------------> calpol	90
 ------------ > 1079_01wave_2beam_16sums_1rep_BLUE.rcp
------------------> data	rcam	blue	1079.80	16
------------------> data	tcam	blue	1079.80	16
------------> calpol	135
 ------------ > 1079_01wave_2beam_16sums_1rep_BLUE.rcp
------------------> data	rcam	blue	1079.80	16
------------------> data	tcam	blue	1079.80	16
------------> calib	out
 ------------ > 1079_01wave_2beam_16sums_1rep_BLUE.rcp
------------------> data	rcam	blue	1079.80	16
------------------> data	tcam	blue	1079.80	16
