  > 656_Pol_Calibrate.cbk
 ------ > 656_FW.rcp
------------> prefilterrange 656
 ------ > setupCal.rcp
------------> diffuser  in
------------> cover out
------------> occ		out
------------> shut	out
------------> calib	in
 ------ > 656_Pol_Calibrate.rcp
------------> calret	0
------------> calpol	0
 ------------ > 656_01wave_2beam_16sums_1rep_BOTH.rcp
------------------> data	rcam	both	656.28	16
------------------> data	tcam	both	656.28	16
------------> calpol	45
 ------------ > 656_01wave_2beam_16sums_1rep_BOTH.rcp
------------------> data	rcam	both	656.28	16
------------------> data	tcam	both	656.28	16
------------> calpol	90
 ------------ > 656_01wave_2beam_16sums_1rep_BOTH.rcp
------------------> data	rcam	both	656.28	16
------------------> data	tcam	both	656.28	16
------------> calpol	135
 ------------ > 656_01wave_2beam_16sums_1rep_BOTH.rcp
------------------> data	rcam	both	656.28	16
------------------> data	tcam	both	656.28	16
------------> calret	45
------------> calpol	0
 ------------ > 656_01wave_2beam_16sums_1rep_BOTH.rcp
------------------> data	rcam	both	656.28	16
------------------> data	tcam	both	656.28	16
------------> calpol	45
 ------------ > 656_01wave_2beam_16sums_1rep_BOTH.rcp
------------------> data	rcam	both	656.28	16
------------------> data	tcam	both	656.28	16
------------> calpol	90
 ------------ > 656_01wave_2beam_16sums_1rep_BOTH.rcp
------------------> data	rcam	both	656.28	16
------------------> data	tcam	both	656.28	16
------------> calpol	135
 ------------ > 656_01wave_2beam_16sums_1rep_BOTH.rcp
------------------> data	rcam	both	656.28	16
------------------> data	tcam	both	656.28	16
------------> calib	out
 ------------ > 656_01wave_2beam_16sums_1rep_BOTH.rcp
------------------> data	rcam	both	656.28	16
------------------> data	tcam	both	656.28	16
