  > 706_Pol_Calibrate.cbk
 ------ > 706_FW.rcp
------------> prefilterrange 706
 ------ > setupCal.rcp
------------> diffuser  in
------------> cover out
------------> occ		out
------------> shut	out
------------> calib	in
 ------ > 706_Pol_Calibrate.rcp
------------> calret	0
------------> calpol	0
 ------------ > 706_01wave_2beam_16sums_1rep_BOTH.rcp
------------------> data	rcam	both	706.20	16
------------------> data	tcam	both	706.20	16
------------> calpol	45
 ------------ > 706_01wave_2beam_16sums_1rep_BOTH.rcp
------------------> data	rcam	both	706.20	16
------------------> data	tcam	both	706.20	16
------------> calpol	90
 ------------ > 706_01wave_2beam_16sums_1rep_BOTH.rcp
------------------> data	rcam	both	706.20	16
------------------> data	tcam	both	706.20	16
------------> calpol	135
 ------------ > 706_01wave_2beam_16sums_1rep_BOTH.rcp
------------------> data	rcam	both	706.20	16
------------------> data	tcam	both	706.20	16
------------> calret	45
------------> calpol	0
 ------------ > 706_01wave_2beam_16sums_1rep_BOTH.rcp
------------------> data	rcam	both	706.20	16
------------------> data	tcam	both	706.20	16
------------> calpol	45
 ------------ > 706_01wave_2beam_16sums_1rep_BOTH.rcp
------------------> data	rcam	both	706.20	16
------------------> data	tcam	both	706.20	16
------------> calpol	90
 ------------ > 706_01wave_2beam_16sums_1rep_BOTH.rcp
------------------> data	rcam	both	706.20	16
------------------> data	tcam	both	706.20	16
------------> calpol	135
 ------------ > 706_01wave_2beam_16sums_1rep_BOTH.rcp
------------------> data	rcam	both	706.20	16
------------------> data	tcam	both	706.20	16
------------> calib	out
 ------------ > 706_01wave_2beam_16sums_1rep_BOTH.rcp
------------------> data	rcam	both	706.20	16
------------------> data	tcam	both	706.20	16
