  > 761_Pol_Calibrate.cbk
 ------ > 761_FW.rcp
------------> prefilterrange 761
 ------ > setupCal.rcp
------------> diffuser  in
------------> cover out
------------> occ		out
------------> shut	out
------------> calib	in
 ------ > 761_Pol_Calibrate.rcp
------------> calret	0
------------> calpol	0
 ------------ > 761_01wave_2beam_16sums_1rep_BOTH.rcp
------------------> <<<<<<< head
------------------> data	rcam	both	761.1	16
------------------> data	tcam	both	761.1	16
------------------> =======
------------------> data	rcam	both	761.16	16
------------------> data	tcam	both	761.16	16
------------------> >>>>>>> c8caa955903d9a7770de42c956093fa1c1f9ea7b
------------> calpol	45
 ------------ > 761_01wave_2beam_16sums_1rep_BOTH.rcp
------------------> <<<<<<< head
------------------> data	rcam	both	761.1	16
------------------> data	tcam	both	761.1	16
------------------> =======
------------------> data	rcam	both	761.16	16
------------------> data	tcam	both	761.16	16
------------------> >>>>>>> c8caa955903d9a7770de42c956093fa1c1f9ea7b
------------> calpol	90
 ------------ > 761_01wave_2beam_16sums_1rep_BOTH.rcp
------------------> <<<<<<< head
------------------> data	rcam	both	761.1	16
------------------> data	tcam	both	761.1	16
------------------> =======
------------------> data	rcam	both	761.16	16
------------------> data	tcam	both	761.16	16
------------------> >>>>>>> c8caa955903d9a7770de42c956093fa1c1f9ea7b
------------> calpol	135
 ------------ > 761_01wave_2beam_16sums_1rep_BOTH.rcp
------------------> <<<<<<< head
------------------> data	rcam	both	761.1	16
------------------> data	tcam	both	761.1	16
------------------> =======
------------------> data	rcam	both	761.16	16
------------------> data	tcam	both	761.16	16
------------------> >>>>>>> c8caa955903d9a7770de42c956093fa1c1f9ea7b
------------> calret	45
------------> calpol	0
 ------------ > 761_01wave_2beam_16sums_1rep_BOTH.rcp
------------------> <<<<<<< head
------------------> data	rcam	both	761.1	16
------------------> data	tcam	both	761.1	16
------------------> =======
------------------> data	rcam	both	761.16	16
------------------> data	tcam	both	761.16	16
------------------> >>>>>>> c8caa955903d9a7770de42c956093fa1c1f9ea7b
------------> calpol	45
 ------------ > 761_01wave_2beam_16sums_1rep_BOTH.rcp
------------------> <<<<<<< head
------------------> data	rcam	both	761.1	16
------------------> data	tcam	both	761.1	16
------------------> =======
------------------> data	rcam	both	761.16	16
------------------> data	tcam	both	761.16	16
------------------> >>>>>>> c8caa955903d9a7770de42c956093fa1c1f9ea7b
------------> calpol	90
 ------------ > 761_01wave_2beam_16sums_1rep_BOTH.rcp
------------------> <<<<<<< head
------------------> data	rcam	both	761.1	16
------------------> data	tcam	both	761.1	16
------------------> =======
------------------> data	rcam	both	761.16	16
------------------> data	tcam	both	761.16	16
------------------> >>>>>>> c8caa955903d9a7770de42c956093fa1c1f9ea7b
------------> calpol	135
 ------------ > 761_01wave_2beam_16sums_1rep_BOTH.rcp
------------------> <<<<<<< head
------------------> data	rcam	both	761.1	16
------------------> data	tcam	both	761.1	16
------------------> =======
------------------> data	rcam	both	761.16	16
------------------> data	tcam	both	761.16	16
------------------> >>>>>>> c8caa955903d9a7770de42c956093fa1c1f9ea7b
------------> calib	out
 ------------ > 761_01wave_2beam_16sums_1rep_BOTH.rcp
------------------> <<<<<<< head
------------------> data	rcam	both	761.1	16
------------------> data	tcam	both	761.1	16
------------------> =======
------------------> data	rcam	both	761.16	16
------------------> data	tcam	both	761.16	16
------------------> >>>>>>> c8caa955903d9a7770de42c956093fa1c1f9ea7b
