  > Clock_Retarder_656.menu
 ------ > Clock_Retarder_656.cbk
 ------------ > Gain_high.rcp
------------------> Gain High
 ------------ > Exposure_70.rcp
------------------> EXPOSURE 70
 ------------ > 656_FW.rcp
------------------> PREFILTERRANGE 656
 ------------ > Cal_Optics_In.rcp
------------------> CALIB IN
 ------------ > Shutter_Close.rcp
------------------> SHUT IN
 ------------ > 1074_1beam_4sums.rcp
------------------> DATA	TCAM	BOTH	1074.70	4
 ------------ > Shutter_Open.rcp
------------------> SHUT OUT
------------> Calpol_0.rcp
------------> Calret_0.rcp
 ------------ > 656_1beam_4sums.rcp
------------------> DATA	TCAM	BOTH	656.28	4
------------> Calret_5.rcp
 ------------ > 656_1beam_4sums.rcp
------------------> DATA	TCAM	BOTH	656.28	4
------------> Calret_10.rcp
 ------------ > 656_1beam_4sums.rcp
------------------> DATA	TCAM	BOTH	656.28	4
------------> Calret_15.rcp
 ------------ > 656_1beam_4sums.rcp
------------------> DATA	TCAM	BOTH	656.28	4
------------> Calret_20.rcp
 ------------ > 656_1beam_4sums.rcp
------------------> DATA	TCAM	BOTH	656.28	4
------------> Calret_25.rcp
 ------------ > 656_1beam_4sums.rcp
------------------> DATA	TCAM	BOTH	656.28	4
------------> Calret_30.rcp
 ------------ > 656_1beam_4sums.rcp
------------------> DATA	TCAM	BOTH	656.28	4
------------> Calret_35.rcp
 ------------ > 656_1beam_4sums.rcp
------------------> DATA	TCAM	BOTH	656.28	4
------------> Calret_40.rcp
 ------------ > 656_1beam_4sums.rcp
------------------> DATA	TCAM	BOTH	656.28	4
------------> Calret_45.rcp
 ------------ > 656_1beam_4sums.rcp
------------------> DATA	TCAM	BOTH	656.28	4
------------> Calret_50.rcp
 ------------ > 656_1beam_4sums.rcp
------------------> DATA	TCAM	BOTH	656.28	4
------------> Calret_55.rcp
 ------------ > 656_1beam_4sums.rcp
------------------> DATA	TCAM	BOTH	656.28	4
------------> Calret_60.rcp
 ------------ > 656_1beam_4sums.rcp
------------------> DATA	TCAM	BOTH	656.28	4
------------> Calret_65.rcp
 ------------ > 656_1beam_4sums.rcp
------------------> DATA	TCAM	BOTH	656.28	4
------------> Calret_70.rcp
 ------------ > 656_1beam_4sums.rcp
------------------> DATA	TCAM	BOTH	656.28	4
------------> Calret_75.rcp
 ------------ > 656_1beam_4sums.rcp
------------------> DATA	TCAM	BOTH	656.28	4
------------> Calret_80.rcp
 ------------ > 656_1beam_4sums.rcp
------------------> DATA	TCAM	BOTH	656.28	4
------------> Calret_85.rcp
 ------------ > 656_1beam_4sums.rcp
------------------> DATA	TCAM	BOTH	656.28	4
------------> Calret_90.rcp
 ------------ > 656_1beam_4sums.rcp
------------------> DATA	TCAM	BOTH	656.28	4
------------> Calret_95.rcp
 ------------ > 656_1beam_4sums.rcp
------------------> DATA	TCAM	BOTH	656.28	4
------------> Calret_100.rcp
 ------------ > 656_1beam_4sums.rcp
------------------> DATA	TCAM	BOTH	656.28	4
------------> Calret_105.rcp
 ------------ > 656_1beam_4sums.rcp
------------------> DATA	TCAM	BOTH	656.28	4
------------> Calret_110.rcp
 ------------ > 656_1beam_4sums.rcp
------------------> DATA	TCAM	BOTH	656.28	4
------------> Calret_115.rcp
 ------------ > 656_1beam_4sums.rcp
------------------> DATA	TCAM	BOTH	656.28	4
------------> Calret_120.rcp
 ------------ > 656_1beam_4sums.rcp
------------------> DATA	TCAM	BOTH	656.28	4
------------> Calret_125.rcp
 ------------ > 656_1beam_4sums.rcp
------------------> DATA	TCAM	BOTH	656.28	4
------------> Calret_130.rcp
 ------------ > 656_1beam_4sums.rcp
------------------> DATA	TCAM	BOTH	656.28	4
------------> Calret_135.rcp
 ------------ > 656_1beam_4sums.rcp
------------------> DATA	TCAM	BOTH	656.28	4
------------> Calret_140.rcp
 ------------ > 656_1beam_4sums.rcp
------------------> DATA	TCAM	BOTH	656.28	4
------------> Calret_145.rcp
 ------------ > 656_1beam_4sums.rcp
------------------> DATA	TCAM	BOTH	656.28	4
------------> Calret_150.rcp
 ------------ > 656_1beam_4sums.rcp
------------------> DATA	TCAM	BOTH	656.28	4
------------> Calret_155.rcp
 ------------ > 656_1beam_4sums.rcp
------------------> DATA	TCAM	BOTH	656.28	4
------------> Calret_160.rcp
 ------------ > 656_1beam_4sums.rcp
------------------> DATA	TCAM	BOTH	656.28	4
------------> Calret_165.rcp
 ------------ > 656_1beam_4sums.rcp
------------------> DATA	TCAM	BOTH	656.28	4
------------> Calret_170.rcp
 ------------ > 656_1beam_4sums.rcp
------------------> DATA	TCAM	BOTH	656.28	4
------------> Calret_175.rcp
 ------------ > 656_1beam_4sums.rcp
------------------> DATA	TCAM	BOTH	656.28	4
------------> Calret_180.rcp
 ------------ > 656_1beam_4sums.rcp
------------------> DATA	TCAM	BOTH	656.28	4
 ------------ > Cal_Optics_Out.rcp
------------------> CALIB OUT
