  > clock_polarizer_1074.menu
 ------ > Clock_Polarizer_1074.cbk
 ------------ > Gain_high.rcp
------------------> Gain High
 ------------ > Exposure_10.rcp
------------------> EXPOSURE 10
 ------------ > 1074_FW.rcp
------------------> PREFILTERRANGE 1074
 ------------ > Cal_Optics_In.rcp
------------------> CALIB IN
 ------------ > Shutter_Close.rcp
------------------> SHUT IN
 ------------ > 1074_1beam_4sums.rcp
------------------> DATA	TCAM	BOTH	1074.70	4
 ------------ > Shutter_Open.rcp
------------------> SHUT OUT
------------> Calpol_0.rcp
 ------------ > 1074_1beam_4sums.rcp
------------------> DATA	TCAM	BOTH	1074.70	4
------------> Calpol_5.rcp
 ------------ > 1074_1beam_4sums.rcp
------------------> DATA	TCAM	BOTH	1074.70	4
------------> Calpol_10.rcp
 ------------ > 1074_1beam_4sums.rcp
------------------> DATA	TCAM	BOTH	1074.70	4
------------> Calpol_15.rcp
 ------------ > 1074_1beam_4sums.rcp
------------------> DATA	TCAM	BOTH	1074.70	4
------------> Calpol_20.rcp
 ------------ > 1074_1beam_4sums.rcp
------------------> DATA	TCAM	BOTH	1074.70	4
------------> Calpol_25.rcp
 ------------ > 1074_1beam_4sums.rcp
------------------> DATA	TCAM	BOTH	1074.70	4
------------> Calpol_30.rcp
 ------------ > 1074_1beam_4sums.rcp
------------------> DATA	TCAM	BOTH	1074.70	4
------------> Calpol_35.rcp
 ------------ > 1074_1beam_4sums.rcp
------------------> DATA	TCAM	BOTH	1074.70	4
------------> Calpol_40.rcp
 ------------ > 1074_1beam_4sums.rcp
------------------> DATA	TCAM	BOTH	1074.70	4
------------> Calpol_45.rcp
 ------------ > 1074_1beam_4sums.rcp
------------------> DATA	TCAM	BOTH	1074.70	4
------------> Calpol_50.rcp
 ------------ > 1074_1beam_4sums.rcp
------------------> DATA	TCAM	BOTH	1074.70	4
------------> Calpol_55.rcp
 ------------ > 1074_1beam_4sums.rcp
------------------> DATA	TCAM	BOTH	1074.70	4
------------> Calpol_60.rcp
 ------------ > 1074_1beam_4sums.rcp
------------------> DATA	TCAM	BOTH	1074.70	4
------------> Calpol_65.rcp
 ------------ > 1074_1beam_4sums.rcp
------------------> DATA	TCAM	BOTH	1074.70	4
------------> Calpol_70.rcp
 ------------ > 1074_1beam_4sums.rcp
------------------> DATA	TCAM	BOTH	1074.70	4
------------> Calpol_75.rcp
 ------------ > 1074_1beam_4sums.rcp
------------------> DATA	TCAM	BOTH	1074.70	4
------------> Calpol_80.rcp
 ------------ > 1074_1beam_4sums.rcp
------------------> DATA	TCAM	BOTH	1074.70	4
------------> Calpol_85.rcp
 ------------ > 1074_1beam_4sums.rcp
------------------> DATA	TCAM	BOTH	1074.70	4
------------> Calpol_90.rcp
 ------------ > 1074_1beam_4sums.rcp
------------------> DATA	TCAM	BOTH	1074.70	4
------------> Calpol_95.rcp
 ------------ > 1074_1beam_4sums.rcp
------------------> DATA	TCAM	BOTH	1074.70	4
------------> Calpol_100.rcp
 ------------ > 1074_1beam_4sums.rcp
------------------> DATA	TCAM	BOTH	1074.70	4
------------> Calpol_105.rcp
 ------------ > 1074_1beam_4sums.rcp
------------------> DATA	TCAM	BOTH	1074.70	4
------------> Calpol_110.rcp
 ------------ > 1074_1beam_4sums.rcp
------------------> DATA	TCAM	BOTH	1074.70	4
------------> Calpol_115.rcp
 ------------ > 1074_1beam_4sums.rcp
------------------> DATA	TCAM	BOTH	1074.70	4
------------> Calpol_120.rcp
 ------------ > 1074_1beam_4sums.rcp
------------------> DATA	TCAM	BOTH	1074.70	4
------------> Calpol_125.rcp
 ------------ > 1074_1beam_4sums.rcp
------------------> DATA	TCAM	BOTH	1074.70	4
------------> Calpol_130.rcp
 ------------ > 1074_1beam_4sums.rcp
------------------> DATA	TCAM	BOTH	1074.70	4
------------> Calpol_135.rcp
 ------------ > 1074_1beam_4sums.rcp
------------------> DATA	TCAM	BOTH	1074.70	4
------------> Calpol_140.rcp
 ------------ > 1074_1beam_4sums.rcp
------------------> DATA	TCAM	BOTH	1074.70	4
------------> Calpol_145.rcp
 ------------ > 1074_1beam_4sums.rcp
------------------> DATA	TCAM	BOTH	1074.70	4
------------> Calpol_150.rcp
 ------------ > 1074_1beam_4sums.rcp
------------------> DATA	TCAM	BOTH	1074.70	4
------------> Calpol_155.rcp
 ------------ > 1074_1beam_4sums.rcp
------------------> DATA	TCAM	BOTH	1074.70	4
------------> Calpol_160.rcp
 ------------ > 1074_1beam_4sums.rcp
------------------> DATA	TCAM	BOTH	1074.70	4
------------> Calpol_165.rcp
 ------------ > 1074_1beam_4sums.rcp
------------------> DATA	TCAM	BOTH	1074.70	4
------------> Calpol_170.rcp
 ------------ > 1074_1beam_4sums.rcp
------------------> DATA	TCAM	BOTH	1074.70	4
------------> Calpol_175.rcp
 ------------ > 1074_1beam_4sums.rcp
------------------> DATA	TCAM	BOTH	1074.70	4
------------> Calpol_180.rcp
 ------------ > 1074_1beam_4sums.rcp
------------------> DATA	TCAM	BOTH	1074.70	4
 ------------ > Cal_Optics_Out.rcp
------------------> CALIB OUT
