  > daily.menu
 ------ > all_wavelength_coronal_flat.cbk
 ------ > all_wavelength_coronal.cbk
 ------ > all_wavelength_coronal.cbk
 ------ > waves_1074_1hour.cbk
 ------ > all_wavelength_coronal.cbk
 ------ > all_wavelength_coronal_flat.cbk
 ------ > all_wavelength_coronal.cbk
 ------ > all_wavelength_coronal.cbk
 ------ > all_wavelength_coronal.cbk
 ------ > all_wavelength_coronal_flat.cbk
 ------ > all_wavelength_coronal.cbk
 ------ > all_wavelength_coronal.cbk
 ------ > all_wavelength_coronal.cbk
 ------ > all_wavelength_coronal_flat.cbk
 ------ > all_wavelength_coronal.cbk
 ------ > all_wavelength_coronal.cbk
 ------ > all_wavelength_coronal.cbk
 ------ > all_wavelength_coronal_flat.cbk
 ------ > all_wavelength_coronal.cbk
 ------ > all_wavelength_coronal.cbk
 ------ > all_wavelength_coronal.cbk
 ------ > all_wavelength_coronal_flat.cbk
 ------ > all_wavelength_coronal.cbk
 ------ > all_wavelength_coronal.cbk
 ------ > all_wavelength_coronal.cbk
 ------ > all_wavelength_coronal_flat.cbk
 ------ > all_wavelength_coronal.cbk
 ------ > all_wavelength_coronal.cbk
 ------ > all_wavelength_coronal.cbk
 ------ > all_wavelength_coronal_flat.cbk
 ------ > all_wavelength_coronal.cbk
 ------ > all_wavelength_coronal.cbk
 ------ > all_wavelength_coronal.cbk
 ------ > all_wavelength_coronal_flat.cbk
 ------ > all_wavelength_coronal.cbk
 ------ > all_wavelength_coronal.cbk
 ------ > all_wavelength_coronal.cbk
 ------ > all_wavelength_coronal_flat.cbk
 ------ > all_wavelength_coronal.cbk
 ------ > all_wavelength_coronal.cbk
 ------ > all_wavelength_coronal.cbk
