  > daily-polarizations.menu
 ------ > all_wavelength_coronal_flat.cbk
 ------ > all_wavelength_coronal.cbk
 ------ > all_wavelength_coronal.cbk
 ------ > all_wavelength_coronal.cbk
 ------ > all_wavelength_coronal_flat.cbk
 ------ > waves_1074_1hour.cbk
 ------ > dark_80ms_2beam_16sums_BOTH.cbk
 ------ > 637_Pol_Calibrate.cbk
 ------ > 706_Pol_Calibrate.cbk
 ------ > 789_Pol_Calibrate.cbk
 ------ > 1074_Pol_Calibrate.cbk
 ------ > 1079_Pol_Calibrate.cbk
 ------ > no-occulter-flat.cbk
 ------------ > gain_high.rcp
------------------> gain	high
 ------ > all_wavelength_coronal.cbk
 ------ > all_wavelength_coronal_flat.cbk
 ------ > all_wavelength_coronal.cbk
 ------ > all_wavelength_coronal.cbk
 ------ > all_wavelength_coronal.cbk
 ------ > all_wavelength_coronal_flat.cbk
 ------ > all_wavelength_coronal.cbk
 ------ > all_wavelength_coronal.cbk
 ------ > all_wavelength_coronal.cbk
 ------ > all_wavelength_coronal_flat.cbk
 ------ > all_wavelength_coronal.cbk
 ------ > all_wavelength_coronal.cbk
 ------ > all_wavelength_coronal.cbk
 ------ > all_wavelength_coronal_flat.cbk
 ------ > all_wavelength_coronal.cbk
 ------ > all_wavelength_coronal.cbk
 ------ > all_wavelength_coronal.cbk
 ------ > all_wavelength_coronal_flat.cbk
 ------ > all_wavelength_coronal.cbk
 ------ > all_wavelength_coronal.cbk
 ------ > all_wavelength_coronal.cbk
 ------ > all_wavelength_coronal_flat.cbk
 ------ > all_wavelength_coronal.cbk
 ------ > all_wavelength_coronal.cbk
 ------ > all_wavelength_coronal.cbk
 ------ > all_wavelength_coronal_flat.cbk
 ------ > all_wavelength_coronal.cbk
 ------ > all_wavelength_coronal.cbk
 ------ > all_wavelength_coronal.cbk
 ------ > all_wavelength_coronal_flat.cbk
 ------ > all_wavelength_coronal.cbk
 ------ > all_wavelength_coronal.cbk
 ------ > all_wavelength_coronal.cbk
 ------ > all_wavelength_coronal_flat.cbk
 ------ > all_wavelength_coronal.cbk
 ------ > all_wavelength_coronal.cbk
 ------ > all_wavelength_coronal.cbk
