  > diffuser-calibration.menu
 ------ > diffuser-calibration.cbk
 ------------ > gain_high.rcp
------------------> gain	high
 ------------ > exposure_80.rcp
------------------> exposure	80
 ------------ > setupflat.rcp
------------------> diffuser	in
------------------> cover	out
------------------> occ	out
------------------> shut	out
------------------> calib	out
 ------------ > setupdark.rcp
------------------> shut	in
 ------------ > dark_01wave_1beam_16sums_10rep_both.rcp
------------------> shut	in
------------------> data	rcam	both	656.28	16
------------------> data	rcam	both	656.28	16
------------------> data	rcam	both	656.28	16
------------------> data	rcam	both	656.28	16
------------------> data	rcam	both	656.28	16
------------------> data	rcam	both	656.28	16
------------------> data	rcam	both	656.28	16
------------------> data	rcam	both	656.28	16
------------------> data	rcam	both	656.28	16
------------------> data	rcam	both	656.28	16
 ------------ > setupflat.rcp
------------------> diffuser	in
------------------> cover	out
------------------> occ	out
------------------> shut	out
------------------> calib	out
 ------------ > 530_fw.rcp
------------------> prefilterrange	530
 ------------ > 530_01wave_2beam_16sums_4rep_both.rcp
------------------> data	rcam	both	530.30	16
------------------> data	tcam	both	530.30	16
------------------> data	rcam	both	530.30	16
------------------> data	tcam	both	530.30	16
------------------> data	rcam	both	530.30	16
------------------> data	tcam	both	530.30	16
------------------> data	rcam	both	530.30	16
------------------> data	tcam	both	530.30	16
 ------------ > 637_fw.rcp
------------------> prefilterrange	637
 ------------ > 637_01wave_2beam_16sums_4rep_both.rcp
------------------> data	rcam	both	637.40	16
------------------> data	tcam	both	637.40	16
------------------> data	rcam	both	637.40	16
------------------> data	tcam	both	637.40	16
------------------> data	rcam	both	637.40	16
------------------> data	tcam	both	637.40	16
------------------> data	rcam	both	637.40	16
------------------> data	tcam	both	637.40	16
 ------------ > 656_fw.rcp
------------------> prefilterrange	656
 ------------ > 656_01wave_2beam_16sums_4rep_both.rcp
------------------> data	rcam	both	656.28	16
------------------> data	tcam	both	656.28	16
------------------> data	rcam	both	656.28	16
------------------> data	tcam	both	656.28	16
------------------> data	rcam	both	656.28	16
------------------> data	tcam	both	656.28	16
------------------> data	rcam	both	656.28	16
------------------> data	tcam	both	656.28	16
 ------------ > 706_fw.rcp
------------------> prefilterrange	706
 ------------ > 706_01wave_2beam_16sums_4rep_both.rcp
------------------> data	rcam	both	706.20	16
------------------> data	tcam	both	706.20	16
------------------> data	rcam	both	706.20	16
------------------> data	tcam	both	706.20	16
------------------> data	rcam	both	706.20	16
------------------> data	tcam	both	706.20	16
------------------> data	rcam	both	706.20	16
------------------> data	tcam	both	706.20	16
 ------------ > 789_fw.rcp
------------------> prefilterrange	789
 ------------ > 789_01wave_2beam_16sums_4rep_both.rcp
------------------> data	rcam	both	789.40	16
------------------> data	tcam	both	789.40	16
------------------> data	rcam	both	789.40	16
------------------> data	tcam	both	789.40	16
------------------> data	rcam	both	789.40	16
------------------> data	tcam	both	789.40	16
------------------> data	rcam	both	789.40	16
------------------> data	tcam	both	789.40	16
 ------------ > 1074_fw.rcp
------------------> prefilterrange	1074
 ------------ > 1074_01wave_2beam_16sums_4rep_both.rcp
------------------> data	rcam	both	1074.70	16
------------------> data	tcam	both	1074.70	16
------------------> data	rcam	both	1074.70	16
------------------> data	tcam	both	1074.70	16
------------------> data	rcam	both	1074.70	16
------------------> data	tcam	both	1074.70	16
------------------> data	rcam	both	1074.70	16
------------------> data	tcam	both	1074.70	16
 ------------ > 1079_fw.rcp
------------------> prefilterrange	1079
 ------------ > 1079_01wave_2beam_16sums_4rep_both.rcp
------------------> data	rcam	both	1079.80	16
------------------> data	tcam	both	1079.80	16
------------------> data	rcam	both	1079.80	16
------------------> data	tcam	both	1079.80	16
------------------> data	rcam	both	1079.80	16
------------------> data	tcam	both	1079.80	16
------------------> data	rcam	both	1079.80	16
------------------> data	tcam	both	1079.80	16
 ------------ > 1083_fw.rcp
------------------> prefilterrange	1083
 ------------ > 1083_01wave_2beam_16sums_4rep_both.rcp
------------------> data	rcam	both	1083.00	16
------------------> data	tcam	both	1083.00	16
------------------> data	rcam	both	1083.00	16
------------------> data	tcam	both	1083.00	16
------------------> data	rcam	both	1083.00	16
------------------> data	tcam	both	1083.00	16
------------------> data	rcam	both	1083.00	16
------------------> data	tcam	both	1083.00	16
 ------------ > setupdark.rcp
------------------> shut	in
 ------------ > dark_01wave_1beam_16sums_10rep_both.rcp
------------------> shut	in
------------------> data	rcam	both	656.28	16
------------------> data	rcam	both	656.28	16
------------------> data	rcam	both	656.28	16
------------------> data	rcam	both	656.28	16
------------------> data	rcam	both	656.28	16
------------------> data	rcam	both	656.28	16
------------------> data	rcam	both	656.28	16
------------------> data	rcam	both	656.28	16
------------------> data	rcam	both	656.28	16
------------------> data	rcam	both	656.28	16
 ------------ > setupnd.rcp
------------------> shut	in
------------------> diffuser	out
------------------> nd	in
------------------> cover	out
------------------> occ	out
------------------> calib	out
------------------> shut	out
 ------------ > 530_fw.rcp
------------------> prefilterrange	530
 ------------ > 530_01wave_2beam_16sums_4rep_both.rcp
------------------> data	rcam	both	530.30	16
------------------> data	tcam	both	530.30	16
------------------> data	rcam	both	530.30	16
------------------> data	tcam	both	530.30	16
------------------> data	rcam	both	530.30	16
------------------> data	tcam	both	530.30	16
------------------> data	rcam	both	530.30	16
------------------> data	tcam	both	530.30	16
 ------------ > 637_fw.rcp
------------------> prefilterrange	637
 ------------ > 637_01wave_2beam_16sums_4rep_both.rcp
------------------> data	rcam	both	637.40	16
------------------> data	tcam	both	637.40	16
------------------> data	rcam	both	637.40	16
------------------> data	tcam	both	637.40	16
------------------> data	rcam	both	637.40	16
------------------> data	tcam	both	637.40	16
------------------> data	rcam	both	637.40	16
------------------> data	tcam	both	637.40	16
 ------------ > 656_fw.rcp
------------------> prefilterrange	656
 ------------ > 656_01wave_2beam_16sums_4rep_both.rcp
------------------> data	rcam	both	656.28	16
------------------> data	tcam	both	656.28	16
------------------> data	rcam	both	656.28	16
------------------> data	tcam	both	656.28	16
------------------> data	rcam	both	656.28	16
------------------> data	tcam	both	656.28	16
------------------> data	rcam	both	656.28	16
------------------> data	tcam	both	656.28	16
 ------------ > 706_fw.rcp
------------------> prefilterrange	706
 ------------ > 706_01wave_2beam_16sums_4rep_both.rcp
------------------> data	rcam	both	706.20	16
------------------> data	tcam	both	706.20	16
------------------> data	rcam	both	706.20	16
------------------> data	tcam	both	706.20	16
------------------> data	rcam	both	706.20	16
------------------> data	tcam	both	706.20	16
------------------> data	rcam	both	706.20	16
------------------> data	tcam	both	706.20	16
 ------------ > 789_fw.rcp
------------------> prefilterrange	789
 ------------ > 789_01wave_2beam_16sums_4rep_both.rcp
------------------> data	rcam	both	789.40	16
------------------> data	tcam	both	789.40	16
------------------> data	rcam	both	789.40	16
------------------> data	tcam	both	789.40	16
------------------> data	rcam	both	789.40	16
------------------> data	tcam	both	789.40	16
------------------> data	rcam	both	789.40	16
------------------> data	tcam	both	789.40	16
 ------------ > 1074_fw.rcp
------------------> prefilterrange	1074
 ------------ > 1074_01wave_2beam_16sums_4rep_both.rcp
------------------> data	rcam	both	1074.70	16
------------------> data	tcam	both	1074.70	16
------------------> data	rcam	both	1074.70	16
------------------> data	tcam	both	1074.70	16
------------------> data	rcam	both	1074.70	16
------------------> data	tcam	both	1074.70	16
------------------> data	rcam	both	1074.70	16
------------------> data	tcam	both	1074.70	16
 ------------ > 1079_fw.rcp
------------------> prefilterrange	1079
 ------------ > 1079_01wave_2beam_16sums_4rep_both.rcp
------------------> data	rcam	both	1079.80	16
------------------> data	tcam	both	1079.80	16
------------------> data	rcam	both	1079.80	16
------------------> data	tcam	both	1079.80	16
------------------> data	rcam	both	1079.80	16
------------------> data	tcam	both	1079.80	16
------------------> data	rcam	both	1079.80	16
------------------> data	tcam	both	1079.80	16
 ------------ > 1083_fw.rcp
------------------> prefilterrange	1083
 ------------ > 1083_01wave_2beam_16sums_4rep_both.rcp
------------------> data	rcam	both	1083.00	16
------------------> data	tcam	both	1083.00	16
------------------> data	rcam	both	1083.00	16
------------------> data	tcam	both	1083.00	16
------------------> data	rcam	both	1083.00	16
------------------> data	tcam	both	1083.00	16
------------------> data	rcam	both	1083.00	16
------------------> data	tcam	both	1083.00	16
 ------------ > setupdark.rcp
------------------> shut	in
 ------------ > dark_01wave_1beam_16sums_10rep_both.rcp
------------------> shut	in
------------------> data	rcam	both	656.28	16
------------------> data	rcam	both	656.28	16
------------------> data	rcam	both	656.28	16
------------------> data	rcam	both	656.28	16
------------------> data	rcam	both	656.28	16
------------------> data	rcam	both	656.28	16
------------------> data	rcam	both	656.28	16
------------------> data	rcam	both	656.28	16
------------------> data	rcam	both	656.28	16
------------------> data	rcam	both	656.28	16
 ------------ > nd_out.rcp
------------------> nd	out
 ------------ > setupnd.rcp
------------------> shut	in
------------------> diffuser	out
------------------> nd	in
------------------> cover	out
------------------> occ	out
------------------> calib	out
------------------> shut	out
 ------------ > 530_01wave_2beam_16sums_4rep_both.rcp
------------------> data	rcam	both	530.30	16
------------------> data	tcam	both	530.30	16
------------------> data	rcam	both	530.30	16
------------------> data	tcam	both	530.30	16
------------------> data	rcam	both	530.30	16
------------------> data	tcam	both	530.30	16
------------------> data	rcam	both	530.30	16
------------------> data	tcam	both	530.30	16
 ------------ > 637_fw.rcp
------------------> prefilterrange	637
 ------------ > 637_01wave_2beam_16sums_4rep_both.rcp
------------------> data	rcam	both	637.40	16
------------------> data	tcam	both	637.40	16
------------------> data	rcam	both	637.40	16
------------------> data	tcam	both	637.40	16
------------------> data	rcam	both	637.40	16
------------------> data	tcam	both	637.40	16
------------------> data	rcam	both	637.40	16
------------------> data	tcam	both	637.40	16
 ------------ > 656_fw.rcp
------------------> prefilterrange	656
 ------------ > 656_01wave_2beam_16sums_4rep_both.rcp
------------------> data	rcam	both	656.28	16
------------------> data	tcam	both	656.28	16
------------------> data	rcam	both	656.28	16
------------------> data	tcam	both	656.28	16
------------------> data	rcam	both	656.28	16
------------------> data	tcam	both	656.28	16
------------------> data	rcam	both	656.28	16
------------------> data	tcam	both	656.28	16
 ------------ > 706_fw.rcp
------------------> prefilterrange	706
 ------------ > 706_01wave_2beam_16sums_4rep_both.rcp
------------------> data	rcam	both	706.20	16
------------------> data	tcam	both	706.20	16
------------------> data	rcam	both	706.20	16
------------------> data	tcam	both	706.20	16
------------------> data	rcam	both	706.20	16
------------------> data	tcam	both	706.20	16
------------------> data	rcam	both	706.20	16
------------------> data	tcam	both	706.20	16
 ------------ > 789_fw.rcp
------------------> prefilterrange	789
 ------------ > 789_01wave_2beam_16sums_4rep_both.rcp
------------------> data	rcam	both	789.40	16
------------------> data	tcam	both	789.40	16
------------------> data	rcam	both	789.40	16
------------------> data	tcam	both	789.40	16
------------------> data	rcam	both	789.40	16
------------------> data	tcam	both	789.40	16
------------------> data	rcam	both	789.40	16
------------------> data	tcam	both	789.40	16
 ------------ > 1074_fw.rcp
------------------> prefilterrange	1074
 ------------ > 1074_01wave_2beam_16sums_4rep_both.rcp
------------------> data	rcam	both	1074.70	16
------------------> data	tcam	both	1074.70	16
------------------> data	rcam	both	1074.70	16
------------------> data	tcam	both	1074.70	16
------------------> data	rcam	both	1074.70	16
------------------> data	tcam	both	1074.70	16
------------------> data	rcam	both	1074.70	16
------------------> data	tcam	both	1074.70	16
 ------------ > 1079_fw.rcp
------------------> prefilterrange	1079
 ------------ > 1079_01wave_2beam_16sums_4rep_both.rcp
------------------> data	rcam	both	1079.80	16
------------------> data	tcam	both	1079.80	16
------------------> data	rcam	both	1079.80	16
------------------> data	tcam	both	1079.80	16
------------------> data	rcam	both	1079.80	16
------------------> data	tcam	both	1079.80	16
------------------> data	rcam	both	1079.80	16
------------------> data	tcam	both	1079.80	16
 ------------ > 1083_fw.rcp
------------------> prefilterrange	1083
 ------------ > 1083_01wave_2beam_16sums_4rep_both.rcp
------------------> data	rcam	both	1083.00	16
------------------> data	tcam	both	1083.00	16
------------------> data	rcam	both	1083.00	16
------------------> data	tcam	both	1083.00	16
------------------> data	rcam	both	1083.00	16
------------------> data	tcam	both	1083.00	16
------------------> data	rcam	both	1083.00	16
------------------> data	tcam	both	1083.00	16
 ------------ > setupdark.rcp
------------------> shut	in
