  > distortion.menu
 ------ > distortion.cbk
 ------------ > setupDark.rcp
------------------> shut	in
 ------------ > dark_01wave_1beam_16sums_10rep_BOTH.rcp
------------------> shut	in
------------------> data	rcam	both	656.28	16
------------------> data	rcam	both	656.28	16
------------------> data	rcam	both	656.28	16
------------------> data	rcam	both	656.28	16
------------------> data	rcam	both	656.28	16
------------------> data	rcam	both	656.28	16
------------------> data	rcam	both	656.28	16
------------------> data	rcam	both	656.28	16
------------------> data	rcam	both	656.28	16
------------------> data	rcam	both	656.28	16
 ------------ > setupFlat.rcp
------------------> diffuser  in
------------------> cover out
------------------> occ		out
------------------> shut	out
------------------> calib	out
 ------------ > setupFlat.rcp
------------------> diffuser  in
------------------> cover out
------------------> occ		out
------------------> shut	out
------------------> calib	out
 ------------ > 637_FW.rcp
------------------> prefilterrange 637
 ------------ > 637_01wave_2beam_16sums_16rep_BOTH.rcp
------------------> data	rcam	both	637.40	16
------------------> data	tcam	both	637.40	16
------------------> data	rcam	both	637.40	16
------------------> data	tcam	both	637.40	16
------------------> data	rcam	both	637.40	16
------------------> data	tcam	both	637.40	16
------------------> data	rcam	both	637.40	16
------------------> data	tcam	both	637.40	16
------------------> data	rcam	both	637.40	16
------------------> data	tcam	both	637.40	16
------------------> data	rcam	both	637.40	16
------------------> data	tcam	both	637.40	16
------------------> data	rcam	both	637.40	16
------------------> data	tcam	both	637.40	16
------------------> data	rcam	both	637.40	16
------------------> data	tcam	both	637.40	16
------------------> data	rcam	both	637.40	16
------------------> data	tcam	both	637.40	16
------------------> data	rcam	both	637.40	16
------------------> data	tcam	both	637.40	16
------------------> data	rcam	both	637.40	16
------------------> data	tcam	both	637.40	16
------------------> data	rcam	both	637.40	16
------------------> data	tcam	both	637.40	16
------------------> data	rcam	both	637.40	16
------------------> data	tcam	both	637.40	16
------------------> data	rcam	both	637.40	16
------------------> data	tcam	both	637.40	16
------------------> data	rcam	both	637.40	16
------------------> data	tcam	both	637.40	16
------------------> data	rcam	both	637.40	16
------------------> data	tcam	both	637.40	16
 ------------ > 670_FW.rcp
------------------> prefilterrange 670
 ------------ > 637_01wave_2beam_16sums_16rep_BOTH.rcp
------------------> data	rcam	both	637.40	16
------------------> data	tcam	both	637.40	16
------------------> data	rcam	both	637.40	16
------------------> data	tcam	both	637.40	16
------------------> data	rcam	both	637.40	16
------------------> data	tcam	both	637.40	16
------------------> data	rcam	both	637.40	16
------------------> data	tcam	both	637.40	16
------------------> data	rcam	both	637.40	16
------------------> data	tcam	both	637.40	16
------------------> data	rcam	both	637.40	16
------------------> data	tcam	both	637.40	16
------------------> data	rcam	both	637.40	16
------------------> data	tcam	both	637.40	16
------------------> data	rcam	both	637.40	16
------------------> data	tcam	both	637.40	16
------------------> data	rcam	both	637.40	16
------------------> data	tcam	both	637.40	16
------------------> data	rcam	both	637.40	16
------------------> data	tcam	both	637.40	16
------------------> data	rcam	both	637.40	16
------------------> data	tcam	both	637.40	16
------------------> data	rcam	both	637.40	16
------------------> data	tcam	both	637.40	16
------------------> data	rcam	both	637.40	16
------------------> data	tcam	both	637.40	16
------------------> data	rcam	both	637.40	16
------------------> data	tcam	both	637.40	16
------------------> data	rcam	both	637.40	16
------------------> data	tcam	both	637.40	16
------------------> data	rcam	both	637.40	16
------------------> data	tcam	both	637.40	16
 ------------ > 706_FW.rcp
------------------> prefilterrange 706
 ------------ > 706_01wave_2beam_16sums_16rep_BOTH.rcp
------------------> data	rcam	both	706.20	16
------------------> data	tcam	both	706.20	16
------------------> data	rcam	both	706.20	16
------------------> data	tcam	both	706.20	16
------------------> data	rcam	both	706.20	16
------------------> data	tcam	both	706.20	16
------------------> data	rcam	both	706.20	16
------------------> data	tcam	both	706.20	16
------------------> data	rcam	both	706.20	16
------------------> data	tcam	both	706.20	16
------------------> data	rcam	both	706.20	16
------------------> data	tcam	both	706.20	16
------------------> data	rcam	both	706.20	16
------------------> data	tcam	both	706.20	16
------------------> data	rcam	both	706.20	16
------------------> data	tcam	both	706.20	16
------------------> data	rcam	both	706.20	16
------------------> data	tcam	both	706.20	16
------------------> data	rcam	both	706.20	16
------------------> data	tcam	both	706.20	16
------------------> data	rcam	both	706.20	16
------------------> data	tcam	both	706.20	16
------------------> data	rcam	both	706.20	16
------------------> data	tcam	both	706.20	16
------------------> data	rcam	both	706.20	16
------------------> data	tcam	both	706.20	16
------------------> data	rcam	both	706.20	16
------------------> data	tcam	both	706.20	16
------------------> data	rcam	both	706.20	16
------------------> data	tcam	both	706.20	16
------------------> data	rcam	both	706.20	16
------------------> data	tcam	both	706.20	16
 ------------ > 761_FW.rcp
------------------> prefilterrange 761
 ------------ > 706_01wave_2beam_16sums_16rep_BOTH.rcp
------------------> data	rcam	both	706.20	16
------------------> data	tcam	both	706.20	16
------------------> data	rcam	both	706.20	16
------------------> data	tcam	both	706.20	16
------------------> data	rcam	both	706.20	16
------------------> data	tcam	both	706.20	16
------------------> data	rcam	both	706.20	16
------------------> data	tcam	both	706.20	16
------------------> data	rcam	both	706.20	16
------------------> data	tcam	both	706.20	16
------------------> data	rcam	both	706.20	16
------------------> data	tcam	both	706.20	16
------------------> data	rcam	both	706.20	16
------------------> data	tcam	both	706.20	16
------------------> data	rcam	both	706.20	16
------------------> data	tcam	both	706.20	16
------------------> data	rcam	both	706.20	16
------------------> data	tcam	both	706.20	16
------------------> data	rcam	both	706.20	16
------------------> data	tcam	both	706.20	16
------------------> data	rcam	both	706.20	16
------------------> data	tcam	both	706.20	16
------------------> data	rcam	both	706.20	16
------------------> data	tcam	both	706.20	16
------------------> data	rcam	both	706.20	16
------------------> data	tcam	both	706.20	16
------------------> data	rcam	both	706.20	16
------------------> data	tcam	both	706.20	16
------------------> data	rcam	both	706.20	16
------------------> data	tcam	both	706.20	16
------------------> data	rcam	both	706.20	16
------------------> data	tcam	both	706.20	16
 ------------ > 789_FW.rcp
------------------> prefilterrange 789
 ------------ > 789_01wave_2beam_16sums_16rep_BOTH.rcp
------------------> data	rcam	both	789.40	16
------------------> data	tcam	both	789.40	16
------------------> data	rcam	both	789.40	16
------------------> data	tcam	both	789.40	16
------------------> data	rcam	both	789.40	16
------------------> data	tcam	both	789.40	16
------------------> data	rcam	both	789.40	16
------------------> data	tcam	both	789.40	16
------------------> data	rcam	both	789.40	16
------------------> data	tcam	both	789.40	16
------------------> data	rcam	both	789.40	16
------------------> data	tcam	both	789.40	16
------------------> data	rcam	both	789.40	16
------------------> data	tcam	both	789.40	16
------------------> data	rcam	both	789.40	16
------------------> data	tcam	both	789.40	16
------------------> data	rcam	both	789.40	16
------------------> data	tcam	both	789.40	16
------------------> data	rcam	both	789.40	16
------------------> data	tcam	both	789.40	16
------------------> data	rcam	both	789.40	16
------------------> data	tcam	both	789.40	16
------------------> data	rcam	both	789.40	16
------------------> data	tcam	both	789.40	16
------------------> data	rcam	both	789.40	16
------------------> data	tcam	both	789.40	16
------------------> data	rcam	both	789.40	16
------------------> data	tcam	both	789.40	16
------------------> data	rcam	both	789.40	16
------------------> data	tcam	both	789.40	16
------------------> data	rcam	both	789.40	16
------------------> data	tcam	both	789.40	16
 ------------ > 802_FW.rcp
------------------> prefilterrange 802
 ------------ > 991_FW.rcp
------------------> prefilterrange 991
 ------------ > 1074_FW.rcp
------------------> prefilterrange 1074
 ------------ > 1074_01wave_2beam_16sums_16rep_BOTH.rcp
------------------> data	rcam	both	1074.70	16
------------------> data	tcam	both	1074.70	16
------------------> data	rcam	both	1074.70	16
------------------> data	tcam	both	1074.70	16
------------------> data	rcam	both	1074.70	16
------------------> data	tcam	both	1074.70	16
------------------> data	rcam	both	1074.70	16
------------------> data	tcam	both	1074.70	16
------------------> data	rcam	both	1074.70	16
------------------> data	tcam	both	1074.70	16
------------------> data	rcam	both	1074.70	16
------------------> data	tcam	both	1074.70	16
------------------> data	rcam	both	1074.70	16
------------------> data	tcam	both	1074.70	16
------------------> data	rcam	both	1074.70	16
------------------> data	tcam	both	1074.70	16
------------------> data	rcam	both	1074.70	16
------------------> data	tcam	both	1074.70	16
------------------> data	rcam	both	1074.70	16
------------------> data	tcam	both	1074.70	16
------------------> data	rcam	both	1074.70	16
------------------> data	tcam	both	1074.70	16
------------------> data	rcam	both	1074.70	16
------------------> data	tcam	both	1074.70	16
------------------> data	rcam	both	1074.70	16
------------------> data	tcam	both	1074.70	16
------------------> data	rcam	both	1074.70	16
------------------> data	tcam	both	1074.70	16
------------------> data	rcam	both	1074.70	16
------------------> data	tcam	both	1074.70	16
------------------> data	rcam	both	1074.70	16
------------------> data	tcam	both	1074.70	16
 ------------ > 1079_FW.rcp
------------------> prefilterrange 1079
 ------------ > 1079_01wave_2beam_16sums_16rep_BOTH.rcp
------------------> data	rcam	both	1079.80	16
------------------> data	tcam	both	1079.80	16
------------------> data	rcam	both	1079.80	16
------------------> data	tcam	both	1079.80	16
------------------> data	rcam	both	1079.80	16
------------------> data	tcam	both	1079.80	16
------------------> data	rcam	both	1079.80	16
------------------> data	tcam	both	1079.80	16
------------------> data	rcam	both	1079.80	16
------------------> data	tcam	both	1079.80	16
------------------> data	rcam	both	1079.80	16
------------------> data	tcam	both	1079.80	16
------------------> data	rcam	both	1079.80	16
------------------> data	tcam	both	1079.80	16
------------------> data	rcam	both	1079.80	16
------------------> data	tcam	both	1079.80	16
------------------> data	rcam	both	1079.80	16
------------------> data	tcam	both	1079.80	16
------------------> data	rcam	both	1079.80	16
------------------> data	tcam	both	1079.80	16
------------------> data	rcam	both	1079.80	16
------------------> data	tcam	both	1079.80	16
------------------> data	rcam	both	1079.80	16
------------------> data	tcam	both	1079.80	16
------------------> data	rcam	both	1079.80	16
------------------> data	tcam	both	1079.80	16
------------------> data	rcam	both	1079.80	16
------------------> data	tcam	both	1079.80	16
------------------> data	rcam	both	1079.80	16
------------------> data	tcam	both	1079.80	16
------------------> data	rcam	both	1079.80	16
------------------> data	tcam	both	1079.80	16
 ------------ > setupDark.rcp
------------------> shut	in
