  > distortion.menu
 ------ > distortion.cbk
 ------------ > Exposure_80.rcp
------------------> exposure 80
 ------------ > setupDark.rcp
------------------> shut	in
 ------------ > dark_01wave_1beam_16sums_10rep_BOTH.rcp
------------------> shut	in
------------------> data	rcam	both	656.28	16
------------------> data	rcam	both	656.28	16
------------------> data	rcam	both	656.28	16
------------------> data	rcam	both	656.28	16
------------------> data	rcam	both	656.28	16
------------------> data	rcam	both	656.28	16
------------------> data	rcam	both	656.28	16
------------------> data	rcam	both	656.28	16
------------------> data	rcam	both	656.28	16
------------------> data	rcam	both	656.28	16
 ------------ > setupFlat.rcp
------------------> diffuser  in
------------------> cover out
------------------> occ		out
------------------> shut	out
------------------> calib	out
 ------------ > setupFlat.rcp
------------------> diffuser  in
------------------> cover out
------------------> occ		out
------------------> shut	out
------------------> calib	out
 ------------ > 530_FW.rcp
------------------> prefilterrange 530
 ------------ > 530_01wave_2beam_16sums_1rep_BOTH.rcp
------------------> data	rcam	both	530.30	16
------------------> data	tcam	both	530.30	16
 ------------ > 637_FW.rcp
------------------> prefilterrange 637
 ------------ > 637_01wave_2beam_16sums_1rep_BOTH.rcp
------------------> data	rcam	both	637.40	16
------------------> data	tcam	both	637.40	16
 ------------ > 656_FW.rcp
------------------> prefilterrange 656
 ------------ > 656_01wave_2beam_16sums_1rep_BOTH.rcp
------------------> data	rcam	both	656.28	16
------------------> data	tcam	both	656.28	16
 ------------ > 691_FW.rcp
------------------> prefilterrange 691
 ------------ > 691_01wave_2beam_16sums_1rep_BOTH.rcp
------------------> data	rcam	both	691.80	16
------------------> data	tcam	both	691.80	16
 ------------ > 706_FW.rcp
------------------> prefilterrange 706
 ------------ > 706_01wave_2beam_16sums_1rep_BOTH.rcp
------------------> data	rcam	both	706.20	16
------------------> data	tcam	both	706.20	16
 ------------ > 789_FW.rcp
------------------> prefilterrange 789
 ------------ > 789_01wave_2beam_16sums_1rep_BOTH.rcp
------------------> data	rcam	both	789.40	16
------------------> data	tcam	both	789.40	16
 ------------ > 1074_FW.rcp
------------------> prefilterrange 1074
 ------------ > 1074_01wave_2beam_16sums_1rep_BOTH.rcp
------------------> data	rcam	both	1074.70	16
------------------> data	tcam	both	1074.70	16
 ------------ > 1079_FW.rcp
------------------> prefilterrange 1079
 ------------ > 1079_01wave_2beam_16sums_1rep_BOTH.rcp
------------------> data	rcam	both	1079.80	16
------------------> data	tcam	both	1079.80	16
 ------------ > 1083_FW.rcp
------------------> prefilterrange 1083
 ------------ > 1083_01wave_2beam_16sums_1rep_BOTH.rcp
------------------> data	rcam	both	1083.00	16
------------------> data	tcam	both	1083.00	16
 ------------ > setupDark.rcp
------------------> shut	in
