  > find_focus.menu
 ------ > find_focus.cbk
 ------------ > Exposure_80.rcp
------------------> exposure 80
 ------------ > dark_01wave_1beam_16sums_1rep_BOTH.rcp
------------------> shut	in
------------------> data	rcam	both	656.28	16
------------------> data	rcam	both	656.28	16
------------------> data	rcam	both	656.28	16
------------------> data	rcam	both	656.28	16
------------------> data	rcam	both	656.28	16
------------------> data	rcam	both	656.28	16
------------------> data	rcam	both	656.28	16
------------------> data	rcam	both	656.28	16
------------------> data	rcam	both	656.28	16
------------------> data	rcam	both	656.28	16
 ------------ > setupND.rcp
------------------> shut in
------------------> diffuser  out
------------------> nd in
------------------> cover out
------------------> occ		out
------------------> calib	out
------------------> shut	out
 ------------ > 530_focus.rcp
------------------> prefilterrange 530
------------------> shut	out
------------------> o1 1.25
 ------------------ > 530_01wave_2beam_16sums_4rep_BOTH.rcp
------------------------> data	rcam	both	530.30	16
------------------------> data	tcam	both	530.30	16
------------------------> data	rcam	both	530.30	16
------------------------> data	tcam	both	530.30	16
------------------------> data	rcam	both	530.30	16
------------------------> data	tcam	both	530.30	16
------------------------> data	rcam	both	530.30	16
------------------------> data	tcam	both	530.30	16
------------------> o1 1.5
 ------------------ > 530_01wave_2beam_16sums_4rep_BOTH.rcp
------------------------> data	rcam	both	530.30	16
------------------------> data	tcam	both	530.30	16
------------------------> data	rcam	both	530.30	16
------------------------> data	tcam	both	530.30	16
------------------------> data	rcam	both	530.30	16
------------------------> data	tcam	both	530.30	16
------------------------> data	rcam	both	530.30	16
------------------------> data	tcam	both	530.30	16
------------------> o1 1.75
 ------------------ > 530_01wave_2beam_16sums_4rep_BOTH.rcp
------------------------> data	rcam	both	530.30	16
------------------------> data	tcam	both	530.30	16
------------------------> data	rcam	both	530.30	16
------------------------> data	tcam	both	530.30	16
------------------------> data	rcam	both	530.30	16
------------------------> data	tcam	both	530.30	16
------------------------> data	rcam	both	530.30	16
------------------------> data	tcam	both	530.30	16
------------------> o1 2
 ------------------ > 530_01wave_2beam_16sums_4rep_BOTH.rcp
------------------------> data	rcam	both	530.30	16
------------------------> data	tcam	both	530.30	16
------------------------> data	rcam	both	530.30	16
------------------------> data	tcam	both	530.30	16
------------------------> data	rcam	both	530.30	16
------------------------> data	tcam	both	530.30	16
------------------------> data	rcam	both	530.30	16
------------------------> data	tcam	both	530.30	16
------------------> o1 2.25
 ------------------ > 530_01wave_2beam_16sums_4rep_BOTH.rcp
------------------------> data	rcam	both	530.30	16
------------------------> data	tcam	both	530.30	16
------------------------> data	rcam	both	530.30	16
------------------------> data	tcam	both	530.30	16
------------------------> data	rcam	both	530.30	16
------------------------> data	tcam	both	530.30	16
------------------------> data	rcam	both	530.30	16
------------------------> data	tcam	both	530.30	16
------------------> o1 2.5
 ------------------ > 530_01wave_2beam_16sums_4rep_BOTH.rcp
------------------------> data	rcam	both	530.30	16
------------------------> data	tcam	both	530.30	16
------------------------> data	rcam	both	530.30	16
------------------------> data	tcam	both	530.30	16
------------------------> data	rcam	both	530.30	16
------------------------> data	tcam	both	530.30	16
------------------------> data	rcam	both	530.30	16
------------------------> data	tcam	both	530.30	16
------------------> o1 2.75
 ------------------ > 530_01wave_2beam_16sums_4rep_BOTH.rcp
------------------------> data	rcam	both	530.30	16
------------------------> data	tcam	both	530.30	16
------------------------> data	rcam	both	530.30	16
------------------------> data	tcam	both	530.30	16
------------------------> data	rcam	both	530.30	16
------------------------> data	tcam	both	530.30	16
------------------------> data	rcam	both	530.30	16
------------------------> data	tcam	both	530.30	16
------------------> o1 3
 ------------------ > 530_01wave_2beam_16sums_4rep_BOTH.rcp
------------------------> data	rcam	both	530.30	16
------------------------> data	tcam	both	530.30	16
------------------------> data	rcam	both	530.30	16
------------------------> data	tcam	both	530.30	16
------------------------> data	rcam	both	530.30	16
------------------------> data	tcam	both	530.30	16
------------------------> data	rcam	both	530.30	16
------------------------> data	tcam	both	530.30	16
------------------> o1 3.25
 ------------------ > 530_01wave_2beam_16sums_4rep_BOTH.rcp
------------------------> data	rcam	both	530.30	16
------------------------> data	tcam	both	530.30	16
------------------------> data	rcam	both	530.30	16
------------------------> data	tcam	both	530.30	16
------------------------> data	rcam	both	530.30	16
------------------------> data	tcam	both	530.30	16
------------------------> data	rcam	both	530.30	16
------------------------> data	tcam	both	530.30	16
------------------> shut in
 ------------ > 637_focus.rcp
------------------> prefilterrange 637
------------------> shut	out
------------------> o1 20.25
 ------------------ > 637_01wave_2beam_16sums_4rep_BOTH.rcp
------------------------> data	rcam	both	637.40	16
------------------------> data	tcam	both	637.40	16
------------------------> data	rcam	both	637.40	16
------------------------> data	tcam	both	637.40	16
------------------------> data	rcam	both	637.40	16
------------------------> data	tcam	both	637.40	16
------------------------> data	rcam	both	637.40	16
------------------------> data	tcam	both	637.40	16
------------------> o1 20.5
 ------------------ > 637_01wave_2beam_16sums_4rep_BOTH.rcp
------------------------> data	rcam	both	637.40	16
------------------------> data	tcam	both	637.40	16
------------------------> data	rcam	both	637.40	16
------------------------> data	tcam	both	637.40	16
------------------------> data	rcam	both	637.40	16
------------------------> data	tcam	both	637.40	16
------------------------> data	rcam	both	637.40	16
------------------------> data	tcam	both	637.40	16
------------------> o1 20.75
 ------------------ > 637_01wave_2beam_16sums_4rep_BOTH.rcp
------------------------> data	rcam	both	637.40	16
------------------------> data	tcam	both	637.40	16
------------------------> data	rcam	both	637.40	16
------------------------> data	tcam	both	637.40	16
------------------------> data	rcam	both	637.40	16
------------------------> data	tcam	both	637.40	16
------------------------> data	rcam	both	637.40	16
------------------------> data	tcam	both	637.40	16
------------------> o1 21
 ------------------ > 637_01wave_2beam_16sums_4rep_BOTH.rcp
------------------------> data	rcam	both	637.40	16
------------------------> data	tcam	both	637.40	16
------------------------> data	rcam	both	637.40	16
------------------------> data	tcam	both	637.40	16
------------------------> data	rcam	both	637.40	16
------------------------> data	tcam	both	637.40	16
------------------------> data	rcam	both	637.40	16
------------------------> data	tcam	both	637.40	16
------------------> o1 21.25
 ------------------ > 637_01wave_2beam_16sums_4rep_BOTH.rcp
------------------------> data	rcam	both	637.40	16
------------------------> data	tcam	both	637.40	16
------------------------> data	rcam	both	637.40	16
------------------------> data	tcam	both	637.40	16
------------------------> data	rcam	both	637.40	16
------------------------> data	tcam	both	637.40	16
------------------------> data	rcam	both	637.40	16
------------------------> data	tcam	both	637.40	16
------------------> o1 21.5
 ------------------ > 637_01wave_2beam_16sums_4rep_BOTH.rcp
------------------------> data	rcam	both	637.40	16
------------------------> data	tcam	both	637.40	16
------------------------> data	rcam	both	637.40	16
------------------------> data	tcam	both	637.40	16
------------------------> data	rcam	both	637.40	16
------------------------> data	tcam	both	637.40	16
------------------------> data	rcam	both	637.40	16
------------------------> data	tcam	both	637.40	16
------------------> o1 21.75
 ------------------ > 637_01wave_2beam_16sums_4rep_BOTH.rcp
------------------------> data	rcam	both	637.40	16
------------------------> data	tcam	both	637.40	16
------------------------> data	rcam	both	637.40	16
------------------------> data	tcam	both	637.40	16
------------------------> data	rcam	both	637.40	16
------------------------> data	tcam	both	637.40	16
------------------------> data	rcam	both	637.40	16
------------------------> data	tcam	both	637.40	16
------------------> o1 22
 ------------------ > 637_01wave_2beam_16sums_4rep_BOTH.rcp
------------------------> data	rcam	both	637.40	16
------------------------> data	tcam	both	637.40	16
------------------------> data	rcam	both	637.40	16
------------------------> data	tcam	both	637.40	16
------------------------> data	rcam	both	637.40	16
------------------------> data	tcam	both	637.40	16
------------------------> data	rcam	both	637.40	16
------------------------> data	tcam	both	637.40	16
------------------> o1 22.25
 ------------------ > 637_01wave_2beam_16sums_4rep_BOTH.rcp
------------------------> data	rcam	both	637.40	16
------------------------> data	tcam	both	637.40	16
------------------------> data	rcam	both	637.40	16
------------------------> data	tcam	both	637.40	16
------------------------> data	rcam	both	637.40	16
------------------------> data	tcam	both	637.40	16
------------------------> data	rcam	both	637.40	16
------------------------> data	tcam	both	637.40	16
------------------> shut in
 ------------ > 656_focus.rcp
------------------> prefilterrange 656
------------------> shut	out
------------------> o1 22
 ------------------ > 656_01wave_2beam_16sums_4rep_BOTH.rcp
------------------------> data	rcam	both	656.28	16
------------------------> data	tcam	both	656.28	16
------------------------> data	rcam	both	656.28	16
------------------------> data	tcam	both	656.28	16
------------------------> data	rcam	both	656.28	16
------------------------> data	tcam	both	656.28	16
------------------------> data	rcam	both	656.28	16
------------------------> data	tcam	both	656.28	16
------------------> o1 23.25
 ------------------ > 656_01wave_2beam_16sums_4rep_BOTH.rcp
------------------------> data	rcam	both	656.28	16
------------------------> data	tcam	both	656.28	16
------------------------> data	rcam	both	656.28	16
------------------------> data	tcam	both	656.28	16
------------------------> data	rcam	both	656.28	16
------------------------> data	tcam	both	656.28	16
------------------------> data	rcam	both	656.28	16
------------------------> data	tcam	both	656.28	16
------------------> o1 23.5
 ------------------ > 656_01wave_2beam_16sums_4rep_BOTH.rcp
------------------------> data	rcam	both	656.28	16
------------------------> data	tcam	both	656.28	16
------------------------> data	rcam	both	656.28	16
------------------------> data	tcam	both	656.28	16
------------------------> data	rcam	both	656.28	16
------------------------> data	tcam	both	656.28	16
------------------------> data	rcam	both	656.28	16
------------------------> data	tcam	both	656.28	16
------------------> o1 23.75
 ------------------ > 656_01wave_2beam_16sums_4rep_BOTH.rcp
------------------------> data	rcam	both	656.28	16
------------------------> data	tcam	both	656.28	16
------------------------> data	rcam	both	656.28	16
------------------------> data	tcam	both	656.28	16
------------------------> data	rcam	both	656.28	16
------------------------> data	tcam	both	656.28	16
------------------------> data	rcam	both	656.28	16
------------------------> data	tcam	both	656.28	16
------------------> o1 24
 ------------------ > 656_01wave_2beam_16sums_4rep_BOTH.rcp
------------------------> data	rcam	both	656.28	16
------------------------> data	tcam	both	656.28	16
------------------------> data	rcam	both	656.28	16
------------------------> data	tcam	both	656.28	16
------------------------> data	rcam	both	656.28	16
------------------------> data	tcam	both	656.28	16
------------------------> data	rcam	both	656.28	16
------------------------> data	tcam	both	656.28	16
------------------> o1 24.25
 ------------------ > 656_01wave_2beam_16sums_4rep_BOTH.rcp
------------------------> data	rcam	both	656.28	16
------------------------> data	tcam	both	656.28	16
------------------------> data	rcam	both	656.28	16
------------------------> data	tcam	both	656.28	16
------------------------> data	rcam	both	656.28	16
------------------------> data	tcam	both	656.28	16
------------------------> data	rcam	both	656.28	16
------------------------> data	tcam	both	656.28	16
------------------> o1 24.5
 ------------------ > 656_01wave_2beam_16sums_4rep_BOTH.rcp
------------------------> data	rcam	both	656.28	16
------------------------> data	tcam	both	656.28	16
------------------------> data	rcam	both	656.28	16
------------------------> data	tcam	both	656.28	16
------------------------> data	rcam	both	656.28	16
------------------------> data	tcam	both	656.28	16
------------------------> data	rcam	both	656.28	16
------------------------> data	tcam	both	656.28	16
------------------> o1 24.75
 ------------------ > 656_01wave_2beam_16sums_4rep_BOTH.rcp
------------------------> data	rcam	both	656.28	16
------------------------> data	tcam	both	656.28	16
------------------------> data	rcam	both	656.28	16
------------------------> data	tcam	both	656.28	16
------------------------> data	rcam	both	656.28	16
------------------------> data	tcam	both	656.28	16
------------------------> data	rcam	both	656.28	16
------------------------> data	tcam	both	656.28	16
------------------> o1 25
 ------------------ > 656_01wave_2beam_16sums_4rep_BOTH.rcp
------------------------> data	rcam	both	656.28	16
------------------------> data	tcam	both	656.28	16
------------------------> data	rcam	both	656.28	16
------------------------> data	tcam	both	656.28	16
------------------------> data	rcam	both	656.28	16
------------------------> data	tcam	both	656.28	16
------------------------> data	rcam	both	656.28	16
------------------------> data	tcam	both	656.28	16
------------------> shut in
 ------------ > 691_focus.rcp
------------------> prefilterrange 691
------------------> shut	out
------------------> o1 27
 ------------------ > 691_01wave_2beam_16sums_4rep_BOTH.rcp
------------------------> data	rcam	both	691.80	16
------------------------> data	tcam	both	691.80	16
------------------------> data	rcam	both	691.80	16
------------------------> data	tcam	both	691.80	16
------------------------> data	rcam	both	691.80	16
------------------------> data	tcam	both	691.80	16
------------------------> data	rcam	both	691.80	16
------------------------> data	tcam	both	691.80	16
------------------> o1 27.25
 ------------------ > 691_01wave_2beam_16sums_4rep_BOTH.rcp
------------------------> data	rcam	both	691.80	16
------------------------> data	tcam	both	691.80	16
------------------------> data	rcam	both	691.80	16
------------------------> data	tcam	both	691.80	16
------------------------> data	rcam	both	691.80	16
------------------------> data	tcam	both	691.80	16
------------------------> data	rcam	both	691.80	16
------------------------> data	tcam	both	691.80	16
------------------> o1 27.5
 ------------------ > 691_01wave_2beam_16sums_4rep_BOTH.rcp
------------------------> data	rcam	both	691.80	16
------------------------> data	tcam	both	691.80	16
------------------------> data	rcam	both	691.80	16
------------------------> data	tcam	both	691.80	16
------------------------> data	rcam	both	691.80	16
------------------------> data	tcam	both	691.80	16
------------------------> data	rcam	both	691.80	16
------------------------> data	tcam	both	691.80	16
------------------> o1 27.75
 ------------------ > 691_01wave_2beam_16sums_4rep_BOTH.rcp
------------------------> data	rcam	both	691.80	16
------------------------> data	tcam	both	691.80	16
------------------------> data	rcam	both	691.80	16
------------------------> data	tcam	both	691.80	16
------------------------> data	rcam	both	691.80	16
------------------------> data	tcam	both	691.80	16
------------------------> data	rcam	both	691.80	16
------------------------> data	tcam	both	691.80	16
------------------> o1 28
 ------------------ > 691_01wave_2beam_16sums_4rep_BOTH.rcp
------------------------> data	rcam	both	691.80	16
------------------------> data	tcam	both	691.80	16
------------------------> data	rcam	both	691.80	16
------------------------> data	tcam	both	691.80	16
------------------------> data	rcam	both	691.80	16
------------------------> data	tcam	both	691.80	16
------------------------> data	rcam	both	691.80	16
------------------------> data	tcam	both	691.80	16
------------------> o1 28.25
 ------------------ > 691_01wave_2beam_16sums_4rep_BOTH.rcp
------------------------> data	rcam	both	691.80	16
------------------------> data	tcam	both	691.80	16
------------------------> data	rcam	both	691.80	16
------------------------> data	tcam	both	691.80	16
------------------------> data	rcam	both	691.80	16
------------------------> data	tcam	both	691.80	16
------------------------> data	rcam	both	691.80	16
------------------------> data	tcam	both	691.80	16
------------------> o1 28.5
 ------------------ > 691_01wave_2beam_16sums_4rep_BOTH.rcp
------------------------> data	rcam	both	691.80	16
------------------------> data	tcam	both	691.80	16
------------------------> data	rcam	both	691.80	16
------------------------> data	tcam	both	691.80	16
------------------------> data	rcam	both	691.80	16
------------------------> data	tcam	both	691.80	16
------------------------> data	rcam	both	691.80	16
------------------------> data	tcam	both	691.80	16
------------------> o1 28.75
 ------------------ > 691_01wave_2beam_16sums_4rep_BOTH.rcp
------------------------> data	rcam	both	691.80	16
------------------------> data	tcam	both	691.80	16
------------------------> data	rcam	both	691.80	16
------------------------> data	tcam	both	691.80	16
------------------------> data	rcam	both	691.80	16
------------------------> data	tcam	both	691.80	16
------------------------> data	rcam	both	691.80	16
------------------------> data	tcam	both	691.80	16
------------------> o1 29
------------------> shut in
 ------------ > 706_focus.rcp
------------------> prefilterrange 706
------------------> shut	out
------------------> o1 29
 ------------------ > 706_01wave_2beam_16sums_4rep_BOTH.rcp
------------------------> data	rcam	both	706.20	16
------------------------> data	tcam	both	706.20	16
------------------------> data	rcam	both	706.20	16
------------------------> data	tcam	both	706.20	16
------------------------> data	rcam	both	706.20	16
------------------------> data	tcam	both	706.20	16
------------------------> data	rcam	both	706.20	16
------------------------> data	tcam	both	706.20	16
------------------> o1 29.25
 ------------------ > 706_01wave_2beam_16sums_4rep_BOTH.rcp
------------------------> data	rcam	both	706.20	16
------------------------> data	tcam	both	706.20	16
------------------------> data	rcam	both	706.20	16
------------------------> data	tcam	both	706.20	16
------------------------> data	rcam	both	706.20	16
------------------------> data	tcam	both	706.20	16
------------------------> data	rcam	both	706.20	16
------------------------> data	tcam	both	706.20	16
------------------> o1 29.5
 ------------------ > 706_01wave_2beam_16sums_4rep_BOTH.rcp
------------------------> data	rcam	both	706.20	16
------------------------> data	tcam	both	706.20	16
------------------------> data	rcam	both	706.20	16
------------------------> data	tcam	both	706.20	16
------------------------> data	rcam	both	706.20	16
------------------------> data	tcam	both	706.20	16
------------------------> data	rcam	both	706.20	16
------------------------> data	tcam	both	706.20	16
------------------> o1 29.75
 ------------------ > 706_01wave_2beam_16sums_4rep_BOTH.rcp
------------------------> data	rcam	both	706.20	16
------------------------> data	tcam	both	706.20	16
------------------------> data	rcam	both	706.20	16
------------------------> data	tcam	both	706.20	16
------------------------> data	rcam	both	706.20	16
------------------------> data	tcam	both	706.20	16
------------------------> data	rcam	both	706.20	16
------------------------> data	tcam	both	706.20	16
------------------> o1 30
 ------------------ > 706_01wave_2beam_16sums_4rep_BOTH.rcp
------------------------> data	rcam	both	706.20	16
------------------------> data	tcam	both	706.20	16
------------------------> data	rcam	both	706.20	16
------------------------> data	tcam	both	706.20	16
------------------------> data	rcam	both	706.20	16
------------------------> data	tcam	both	706.20	16
------------------------> data	rcam	both	706.20	16
------------------------> data	tcam	both	706.20	16
------------------> o1 30.25
 ------------------ > 706_01wave_2beam_16sums_4rep_BOTH.rcp
------------------------> data	rcam	both	706.20	16
------------------------> data	tcam	both	706.20	16
------------------------> data	rcam	both	706.20	16
------------------------> data	tcam	both	706.20	16
------------------------> data	rcam	both	706.20	16
------------------------> data	tcam	both	706.20	16
------------------------> data	rcam	both	706.20	16
------------------------> data	tcam	both	706.20	16
------------------> o1 30.5
 ------------------ > 706_01wave_2beam_16sums_4rep_BOTH.rcp
------------------------> data	rcam	both	706.20	16
------------------------> data	tcam	both	706.20	16
------------------------> data	rcam	both	706.20	16
------------------------> data	tcam	both	706.20	16
------------------------> data	rcam	both	706.20	16
------------------------> data	tcam	both	706.20	16
------------------------> data	rcam	both	706.20	16
------------------------> data	tcam	both	706.20	16
------------------> o1 30.75
 ------------------ > 706_01wave_2beam_16sums_4rep_BOTH.rcp
------------------------> data	rcam	both	706.20	16
------------------------> data	tcam	both	706.20	16
------------------------> data	rcam	both	706.20	16
------------------------> data	tcam	both	706.20	16
------------------------> data	rcam	both	706.20	16
------------------------> data	tcam	both	706.20	16
------------------------> data	rcam	both	706.20	16
------------------------> data	tcam	both	706.20	16
------------------> o1 31
 ------------------ > 706_01wave_2beam_16sums_4rep_BOTH.rcp
------------------------> data	rcam	both	706.20	16
------------------------> data	tcam	both	706.20	16
------------------------> data	rcam	both	706.20	16
------------------------> data	tcam	both	706.20	16
------------------------> data	rcam	both	706.20	16
------------------------> data	tcam	both	706.20	16
------------------------> data	rcam	both	706.20	16
------------------------> data	tcam	both	706.20	16
------------------> shut in
 ------------ > 789_focus.rcp
------------------> prefilterrange 789
------------------> shut	out
------------------> o1 39
 ------------------ > 789_01wave_2beam_16sums_4rep_BOTH.rcp
------------------------> data	rcam	both	789.40	16
------------------------> data	tcam	both	789.40	16
------------------------> data	rcam	both	789.40	16
------------------------> data	tcam	both	789.40	16
------------------------> data	rcam	both	789.40	16
------------------------> data	tcam	both	789.40	16
------------------------> data	rcam	both	789.40	16
------------------------> data	tcam	both	789.40	16
------------------> o1 39.5
 ------------------ > 789_01wave_2beam_16sums_4rep_BOTH.rcp
------------------------> data	rcam	both	789.40	16
------------------------> data	tcam	both	789.40	16
------------------------> data	rcam	both	789.40	16
------------------------> data	tcam	both	789.40	16
------------------------> data	rcam	both	789.40	16
------------------------> data	tcam	both	789.40	16
------------------------> data	rcam	both	789.40	16
------------------------> data	tcam	both	789.40	16
------------------> o1 40
 ------------------ > 789_01wave_2beam_16sums_4rep_BOTH.rcp
------------------------> data	rcam	both	789.40	16
------------------------> data	tcam	both	789.40	16
------------------------> data	rcam	both	789.40	16
------------------------> data	tcam	both	789.40	16
------------------------> data	rcam	both	789.40	16
------------------------> data	tcam	both	789.40	16
------------------------> data	rcam	both	789.40	16
------------------------> data	tcam	both	789.40	16
------------------> o1 40.5
 ------------------ > 789_01wave_2beam_16sums_4rep_BOTH.rcp
------------------------> data	rcam	both	789.40	16
------------------------> data	tcam	both	789.40	16
------------------------> data	rcam	both	789.40	16
------------------------> data	tcam	both	789.40	16
------------------------> data	rcam	both	789.40	16
------------------------> data	tcam	both	789.40	16
------------------------> data	rcam	both	789.40	16
------------------------> data	tcam	both	789.40	16
------------------> o1 41
 ------------------ > 789_01wave_2beam_16sums_4rep_BOTH.rcp
------------------------> data	rcam	both	789.40	16
------------------------> data	tcam	both	789.40	16
------------------------> data	rcam	both	789.40	16
------------------------> data	tcam	both	789.40	16
------------------------> data	rcam	both	789.40	16
------------------------> data	tcam	both	789.40	16
------------------------> data	rcam	both	789.40	16
------------------------> data	tcam	both	789.40	16
------------------> o1 41.5
 ------------------ > 789_01wave_2beam_16sums_4rep_BOTH.rcp
------------------------> data	rcam	both	789.40	16
------------------------> data	tcam	both	789.40	16
------------------------> data	rcam	both	789.40	16
------------------------> data	tcam	both	789.40	16
------------------------> data	rcam	both	789.40	16
------------------------> data	tcam	both	789.40	16
------------------------> data	rcam	both	789.40	16
------------------------> data	tcam	both	789.40	16
------------------> shut in
 ------------ > 1074_focus.rcp
------------------> prefilterrange 1074
------------------> shut	out
------------------> o1 59.25
 ------------------ > 1074_01wave_2beam_16sums_4rep_BOTH.rcp
------------------------> data	rcam	both	1074.70	16
------------------------> data	tcam	both	1074.70	16
------------------------> data	rcam	both	1074.70	16
------------------------> data	tcam	both	1074.70	16
------------------------> data	rcam	both	1074.70	16
------------------------> data	tcam	both	1074.70	16
------------------------> data	rcam	both	1074.70	16
------------------------> data	tcam	both	1074.70	16
------------------> o1 59.5
 ------------------ > 1074_01wave_2beam_16sums_4rep_BOTH.rcp
------------------------> data	rcam	both	1074.70	16
------------------------> data	tcam	both	1074.70	16
------------------------> data	rcam	both	1074.70	16
------------------------> data	tcam	both	1074.70	16
------------------------> data	rcam	both	1074.70	16
------------------------> data	tcam	both	1074.70	16
------------------------> data	rcam	both	1074.70	16
------------------------> data	tcam	both	1074.70	16
------------------> o1 59.75
 ------------------ > 1074_01wave_2beam_16sums_4rep_BOTH.rcp
------------------------> data	rcam	both	1074.70	16
------------------------> data	tcam	both	1074.70	16
------------------------> data	rcam	both	1074.70	16
------------------------> data	tcam	both	1074.70	16
------------------------> data	rcam	both	1074.70	16
------------------------> data	tcam	both	1074.70	16
------------------------> data	rcam	both	1074.70	16
------------------------> data	tcam	both	1074.70	16
------------------> o1 60
 ------------------ > 1074_01wave_2beam_16sums_4rep_BOTH.rcp
------------------------> data	rcam	both	1074.70	16
------------------------> data	tcam	both	1074.70	16
------------------------> data	rcam	both	1074.70	16
------------------------> data	tcam	both	1074.70	16
------------------------> data	rcam	both	1074.70	16
------------------------> data	tcam	both	1074.70	16
------------------------> data	rcam	both	1074.70	16
------------------------> data	tcam	both	1074.70	16
------------------> o1 60.25
 ------------------ > 1074_01wave_2beam_16sums_4rep_BOTH.rcp
------------------------> data	rcam	both	1074.70	16
------------------------> data	tcam	both	1074.70	16
------------------------> data	rcam	both	1074.70	16
------------------------> data	tcam	both	1074.70	16
------------------------> data	rcam	both	1074.70	16
------------------------> data	tcam	both	1074.70	16
------------------------> data	rcam	both	1074.70	16
------------------------> data	tcam	both	1074.70	16
------------------> o1 60.5
 ------------------ > 1074_01wave_2beam_16sums_4rep_BOTH.rcp
------------------------> data	rcam	both	1074.70	16
------------------------> data	tcam	both	1074.70	16
------------------------> data	rcam	both	1074.70	16
------------------------> data	tcam	both	1074.70	16
------------------------> data	rcam	both	1074.70	16
------------------------> data	tcam	both	1074.70	16
------------------------> data	rcam	both	1074.70	16
------------------------> data	tcam	both	1074.70	16
------------------> o1 60.75
 ------------------ > 1074_01wave_2beam_16sums_4rep_BOTH.rcp
------------------------> data	rcam	both	1074.70	16
------------------------> data	tcam	both	1074.70	16
------------------------> data	rcam	both	1074.70	16
------------------------> data	tcam	both	1074.70	16
------------------------> data	rcam	both	1074.70	16
------------------------> data	tcam	both	1074.70	16
------------------------> data	rcam	both	1074.70	16
------------------------> data	tcam	both	1074.70	16
------------------> o1 61
 ------------------ > 1074_01wave_2beam_16sums_4rep_BOTH.rcp
------------------------> data	rcam	both	1074.70	16
------------------------> data	tcam	both	1074.70	16
------------------------> data	rcam	both	1074.70	16
------------------------> data	tcam	both	1074.70	16
------------------------> data	rcam	both	1074.70	16
------------------------> data	tcam	both	1074.70	16
------------------------> data	rcam	both	1074.70	16
------------------------> data	tcam	both	1074.70	16
------------------> o1 61.25
 ------------------ > 1074_01wave_2beam_16sums_4rep_BOTH.rcp
------------------------> data	rcam	both	1074.70	16
------------------------> data	tcam	both	1074.70	16
------------------------> data	rcam	both	1074.70	16
------------------------> data	tcam	both	1074.70	16
------------------------> data	rcam	both	1074.70	16
------------------------> data	tcam	both	1074.70	16
------------------------> data	rcam	both	1074.70	16
------------------------> data	tcam	both	1074.70	16
------------------> shut in
 ------------ > 1079_focus.rcp
------------------> prefilterrange 1079
------------------> shut	out
------------------> o1 59.75
 ------------------ > 1079_01wave_2beam_16sums_4rep_BOTH.rcp
------------------------> data	rcam	both	1079.80	16
------------------------> data	tcam	both	1079.80	16
------------------------> data	rcam	both	1079.80	16
------------------------> data	tcam	both	1079.80	16
------------------------> data	rcam	both	1079.80	16
------------------------> data	tcam	both	1079.80	16
------------------------> data	rcam	both	1079.80	16
------------------------> data	tcam	both	1079.80	16
------------------> o1 60
 ------------------ > 1079_01wave_2beam_16sums_4rep_BOTH.rcp
------------------------> data	rcam	both	1079.80	16
------------------------> data	tcam	both	1079.80	16
------------------------> data	rcam	both	1079.80	16
------------------------> data	tcam	both	1079.80	16
------------------------> data	rcam	both	1079.80	16
------------------------> data	tcam	both	1079.80	16
------------------------> data	rcam	both	1079.80	16
------------------------> data	tcam	both	1079.80	16
------------------> o1 60.25
 ------------------ > 1079_01wave_2beam_16sums_4rep_BOTH.rcp
------------------------> data	rcam	both	1079.80	16
------------------------> data	tcam	both	1079.80	16
------------------------> data	rcam	both	1079.80	16
------------------------> data	tcam	both	1079.80	16
------------------------> data	rcam	both	1079.80	16
------------------------> data	tcam	both	1079.80	16
------------------------> data	rcam	both	1079.80	16
------------------------> data	tcam	both	1079.80	16
------------------> o1 60.5
 ------------------ > 1079_01wave_2beam_16sums_4rep_BOTH.rcp
------------------------> data	rcam	both	1079.80	16
------------------------> data	tcam	both	1079.80	16
------------------------> data	rcam	both	1079.80	16
------------------------> data	tcam	both	1079.80	16
------------------------> data	rcam	both	1079.80	16
------------------------> data	tcam	both	1079.80	16
------------------------> data	rcam	both	1079.80	16
------------------------> data	tcam	both	1079.80	16
------------------> o1 60.75
 ------------------ > 1079_01wave_2beam_16sums_4rep_BOTH.rcp
------------------------> data	rcam	both	1079.80	16
------------------------> data	tcam	both	1079.80	16
------------------------> data	rcam	both	1079.80	16
------------------------> data	tcam	both	1079.80	16
------------------------> data	rcam	both	1079.80	16
------------------------> data	tcam	both	1079.80	16
------------------------> data	rcam	both	1079.80	16
------------------------> data	tcam	both	1079.80	16
------------------> o1 61
 ------------------ > 1079_01wave_2beam_16sums_4rep_BOTH.rcp
------------------------> data	rcam	both	1079.80	16
------------------------> data	tcam	both	1079.80	16
------------------------> data	rcam	both	1079.80	16
------------------------> data	tcam	both	1079.80	16
------------------------> data	rcam	both	1079.80	16
------------------------> data	tcam	both	1079.80	16
------------------------> data	rcam	both	1079.80	16
------------------------> data	tcam	both	1079.80	16
------------------> o1 61.25
 ------------------ > 1079_01wave_2beam_16sums_4rep_BOTH.rcp
------------------------> data	rcam	both	1079.80	16
------------------------> data	tcam	both	1079.80	16
------------------------> data	rcam	both	1079.80	16
------------------------> data	tcam	both	1079.80	16
------------------------> data	rcam	both	1079.80	16
------------------------> data	tcam	both	1079.80	16
------------------------> data	rcam	both	1079.80	16
------------------------> data	tcam	both	1079.80	16
------------------> o1 61.5
 ------------------ > 1079_01wave_2beam_16sums_4rep_BOTH.rcp
------------------------> data	rcam	both	1079.80	16
------------------------> data	tcam	both	1079.80	16
------------------------> data	rcam	both	1079.80	16
------------------------> data	tcam	both	1079.80	16
------------------------> data	rcam	both	1079.80	16
------------------------> data	tcam	both	1079.80	16
------------------------> data	rcam	both	1079.80	16
------------------------> data	tcam	both	1079.80	16
------------------> o1 61.75
 ------------------ > 1079_01wave_2beam_16sums_4rep_BOTH.rcp
------------------------> data	rcam	both	1079.80	16
------------------------> data	tcam	both	1079.80	16
------------------------> data	rcam	both	1079.80	16
------------------------> data	tcam	both	1079.80	16
------------------------> data	rcam	both	1079.80	16
------------------------> data	tcam	both	1079.80	16
------------------------> data	rcam	both	1079.80	16
------------------------> data	tcam	both	1079.80	16
------------------> shut in
 ------------ > 1083_focus.rcp
------------------> prefilterrange 1083
------------------> shut	out
------------------> o1 60.25
 ------------------ > 1083_01wave_2beam_16sums_4rep_BOTH.rcp
------------------------> data	rcam	both	1083.00	16
------------------------> data	tcam	both	1083.00	16
------------------------> data	rcam	both	1083.00	16
------------------------> data	tcam	both	1083.00	16
------------------------> data	rcam	both	1083.00	16
------------------------> data	tcam	both	1083.00	16
------------------------> data	rcam	both	1083.00	16
------------------------> data	tcam	both	1083.00	16
------------------> o1 60.5
 ------------------ > 1083_01wave_2beam_16sums_4rep_BOTH.rcp
------------------------> data	rcam	both	1083.00	16
------------------------> data	tcam	both	1083.00	16
------------------------> data	rcam	both	1083.00	16
------------------------> data	tcam	both	1083.00	16
------------------------> data	rcam	both	1083.00	16
------------------------> data	tcam	both	1083.00	16
------------------------> data	rcam	both	1083.00	16
------------------------> data	tcam	both	1083.00	16
------------------> o1 60.75
 ------------------ > 1083_01wave_2beam_16sums_4rep_BOTH.rcp
------------------------> data	rcam	both	1083.00	16
------------------------> data	tcam	both	1083.00	16
------------------------> data	rcam	both	1083.00	16
------------------------> data	tcam	both	1083.00	16
------------------------> data	rcam	both	1083.00	16
------------------------> data	tcam	both	1083.00	16
------------------------> data	rcam	both	1083.00	16
------------------------> data	tcam	both	1083.00	16
------------------> o1 61
 ------------------ > 1083_01wave_2beam_16sums_4rep_BOTH.rcp
------------------------> data	rcam	both	1083.00	16
------------------------> data	tcam	both	1083.00	16
------------------------> data	rcam	both	1083.00	16
------------------------> data	tcam	both	1083.00	16
------------------------> data	rcam	both	1083.00	16
------------------------> data	tcam	both	1083.00	16
------------------------> data	rcam	both	1083.00	16
------------------------> data	tcam	both	1083.00	16
------------------> o1 61.25
 ------------------ > 1083_01wave_2beam_16sums_4rep_BOTH.rcp
------------------------> data	rcam	both	1083.00	16
------------------------> data	tcam	both	1083.00	16
------------------------> data	rcam	both	1083.00	16
------------------------> data	tcam	both	1083.00	16
------------------------> data	rcam	both	1083.00	16
------------------------> data	tcam	both	1083.00	16
------------------------> data	rcam	both	1083.00	16
------------------------> data	tcam	both	1083.00	16
------------------> o1 61.5
 ------------------ > 1083_01wave_2beam_16sums_4rep_BOTH.rcp
------------------------> data	rcam	both	1083.00	16
------------------------> data	tcam	both	1083.00	16
------------------------> data	rcam	both	1083.00	16
------------------------> data	tcam	both	1083.00	16
------------------------> data	rcam	both	1083.00	16
------------------------> data	tcam	both	1083.00	16
------------------------> data	rcam	both	1083.00	16
------------------------> data	tcam	both	1083.00	16
------------------> o1 61.75
 ------------------ > 1083_01wave_2beam_16sums_4rep_BOTH.rcp
------------------------> data	rcam	both	1083.00	16
------------------------> data	tcam	both	1083.00	16
------------------------> data	rcam	both	1083.00	16
------------------------> data	tcam	both	1083.00	16
------------------------> data	rcam	both	1083.00	16
------------------------> data	tcam	both	1083.00	16
------------------------> data	rcam	both	1083.00	16
------------------------> data	tcam	both	1083.00	16
------------------> o1 62
 ------------------ > 1083_01wave_2beam_16sums_4rep_BOTH.rcp
------------------------> data	rcam	both	1083.00	16
------------------------> data	tcam	both	1083.00	16
------------------------> data	rcam	both	1083.00	16
------------------------> data	tcam	both	1083.00	16
------------------------> data	rcam	both	1083.00	16
------------------------> data	tcam	both	1083.00	16
------------------------> data	rcam	both	1083.00	16
------------------------> data	tcam	both	1083.00	16
------------------> o1 62.25
 ------------------ > 1083_01wave_2beam_16sums_4rep_BOTH.rcp
------------------------> data	rcam	both	1083.00	16
------------------------> data	tcam	both	1083.00	16
------------------------> data	rcam	both	1083.00	16
------------------------> data	tcam	both	1083.00	16
------------------------> data	rcam	both	1083.00	16
------------------------> data	tcam	both	1083.00	16
------------------------> data	rcam	both	1083.00	16
------------------------> data	tcam	both	1083.00	16
------------------> shut in
 ------------ > setupDark.rcp
------------------> shut	in
 ------------ > ND_OUT.rcp
------------------> nd out
