  > find_focus.menu
 ------ > find_focus.cbk
 ------------ > 530_focus-a.rcp
------------------> prefilterrange 530
------------------> shut	out
------------------> o1 0
------------------> data	tcam	both	530.00	16
------------------> o1 .25
------------------> data	tcam	both	530.00	16
------------------> o1 .5
------------------> data	tcam	both	530.00	16
------------------> o1 .75
------------------> data	tcam	both	530.00	16
------------------> o1 1
------------------> data	tcam	both	530.00	16
------------------> o1 1.25
------------------> data	tcam	both	530.00	16
------------------> o1 1.50
------------------> data	tcam	both	530.00	16
------------------> o1 1.75
------------------> data	tcam	both	530.00	16
------------------> o1 2.0
------------------> data	tcam	both	530.00	16
------------------> o1 2.25
------------------> data	tcam	both	530.00	16
------------------> o1 2.5
------------------> data	tcam	both	530.00	16
------------------> o1 2.75
------------------> data	tcam	both	530.00	16
------------------> o1 3
------------------> data	tcam	both	530.00	16
------------------> o1 3.25
------------------> data	tcam	both	530.00	16
------------------> o1 3.50
------------------> data	tcam	both	530.00	16
------------------> o1 3.75
------------------> data	tcam	both	530.00	16
------------------> o1 4
------------------> data	tcam	both	530.00	16
------------------> o1 4.25
------------------> data	tcam	both	530.00	16
------------------> o1 4.5
------------------> data	tcam	both	530.00	16
------------------> o1 4.75
------------------> data	tcam	both	530.00	16
------------------> o1 5
------------------> data	tcam	both	530.00	16
------------------> o1 5.25
------------------> data	tcam	both	530.00	16
------------------> o1 .5
------------------> data	tcam	both	530.00	16
------------------> o1 5.75
------------------> data	tcam	both	530.00	16
------------------> o1 6
------------------> data	tcam	both	530.00	16
------------------> o1 6.25
------------------> data	tcam	both	530.00	16
------------------> o1 6.50
------------------> data	tcam	both	530.00	16
------------------> o1 6.75
------------------> data	tcam	both	530.00	16
------------------> o1 7.0
------------------> data	tcam	both	530.00	16
------------------> o1 7.25
------------------> data	tcam	both	530.00	16
------------------> o1 7.5
------------------> data	tcam	both	530.00	16
------------------> o1 7.75
------------------> data	tcam	both	530.00	16
------------------> o1 8
------------------> data	tcam	both	530.00	16
------------------> o1 8.25
------------------> data	tcam	both	530.00	16
------------------> o1 8.50
------------------> data	tcam	both	530.00	16
------------------> o1 8.75
------------------> data	tcam	both	530.00	16
------------------> o1 8
------------------> data	tcam	both	530.00	16
------------------> o1 8.25
------------------> data	tcam	both	530.00	16
------------------> o1 8.5
------------------> data	tcam	both	530.00	16
------------------> o1 8.75
------------------> data	tcam	both	530.00	16
------------------> shut in
 ------------ > 637_focus.rcp
------------------> prefilterrange 637
------------------> shut	out
------------------> o1 13
------------------> data	tcam	both	637.40	4
------------------> o1 14
------------------> data	tcam	both	637.40	4
------------------> o1 14.5
------------------> data	tcam	both	637.40	4
------------------> o1 15
------------------> data	tcam	both	637.40	4
------------------> o1 15.5
------------------> data	tcam	both	637.40	4
------------------> o1 16
------------------> data	tcam	both	637.40	4
------------------> o1 16.5
------------------> data	tcam	both	637.40	4
------------------> o1 17
------------------> data	tcam	both	637.40	4
------------------> o1 17.5
------------------> data	tcam	both	637.40	4
------------------> o1 18
------------------> data	tcam	both	637.40	4
------------------> o1 18.5
------------------> data	tcam	both	637.40	4
------------------> o1 19
------------------> data	tcam	both	637.40	4
------------------> o1 19.5
------------------> data	tcam	both	637.40	4
------------------> o1 20
------------------> data	tcam	both	637.40	4
------------------> o1 20.5
------------------> data	tcam	both	637.40	4
------------------> o1 21
------------------> data	tcam	both	637.40	4
------------------> o1 21.5
------------------> data	tcam	both	637.40	4
------------------> o1 22
------------------> data	tcam	both	637.40	4
------------------> o1 22.5
------------------> data	tcam	both	637.40	4
------------------> o1 23
------------------> data	tcam	both	637.40	4
------------------> o1 23.5
------------------> data	tcam	both	637.40	4
------------------> o1 24
------------------> data	tcam	both	637.40	4
------------------> o1 24.5
------------------> data	tcam	both	637.40	4
------------------> o1 25
------------------> data	tcam	both	637.40	4
------------------> o1 25.5
------------------> data	tcam	both	637.40	4
------------------> o1 26
------------------> data	tcam	both	637.40	4
------------------> o1 26.5
------------------> data	tcam	both	637.40	4
------------------> o1 27
------------------> data	tcam	both	637.40	4
------------------> shut in
 ------------ > 691_focus.rcp
------------------> prefilterrange 691
------------------> shut	out
------------------> o1 20
------------------> data	tcam	both	637.40	4
------------------> o1 20.5
------------------> data	tcam	both	637.40	4
------------------> o1 21
------------------> data	tcam	both	637.40	4
------------------> o1 21.5
------------------> data	tcam	both	637.40	4
------------------> o1 22
------------------> data	tcam	both	637.40	4
------------------> o1 22.5
------------------> data	tcam	both	637.40	4
------------------> o1 23
------------------> data	tcam	both	637.40	4
------------------> o1 23.5
------------------> data	tcam	both	637.40	4
------------------> o1 24
------------------> data	tcam	both	637.40	4
------------------> o1 24.5
------------------> data	tcam	both	637.40	4
------------------> o1 25
------------------> data	tcam	both	637.40	4
------------------> o1 25.5
------------------> data	tcam	both	637.40	4
------------------> o1 26
------------------> data	tcam	both	637.40	4
------------------> o1 26.5
------------------> data	tcam	both	637.40	4
------------------> o1 27
------------------> data	tcam	both	637.40	4
------------------> o1 27.5
------------------> data	tcam	both	637.40	4
------------------> o1 28
------------------> data	tcam	both	637.40	4
------------------> o1 28.5
------------------> data	tcam	both	637.40	4
------------------> o1 29
------------------> data	tcam	both	637.40	4
------------------> o1 29.5
------------------> data	tcam	both	637.40	4
------------------> o1 30
------------------> data	tcam	both	637.40	4
------------------> o1 30.5
------------------> data	tcam	both	637.40	4
------------------> o1 31
------------------> data	tcam	both	637.40	4
------------------> o1 31.5
------------------> data	tcam	both	637.40	4
------------------> o1 32
------------------> data	tcam	both	637.40	4
------------------> o1 32.5
------------------> data	tcam	both	637.40	4
------------------> shut in
 ------------ > 706_focus.rcp
------------------> prefilterrange 706
------------------> shut	out
------------------> o1 23.5
------------------> data	tcam	both	706.20	4
------------------> o1 24
------------------> data	tcam	both	706.20	4
------------------> o1 24.5
------------------> data	tcam	both	706.20	4
------------------> o1 25
------------------> data	tcam	both	706.20	4
------------------> o1 25.5
------------------> data	tcam	both	706.20	4
------------------> o1 26
------------------> data	tcam	both	706.20	4
------------------> o1 26.5
------------------> data	tcam	both	706.20	4
------------------> o1 27
------------------> data	tcam	both	706.20	4
------------------> o1 27.5
------------------> data	tcam	both	706.20	4
------------------> o1 28
------------------> data	tcam	both	706.20	4
------------------> o1 28.5
------------------> data	tcam	both	706.20	4
------------------> o1 29
------------------> data	tcam	both	706.20	4
------------------> o1 29.5
------------------> data	tcam	both	706.20	4
------------------> o1 30
------------------> data	tcam	both	706.20	4
------------------> o1 30.5
------------------> data	tcam	both	706.20	4
------------------> o1 31
------------------> data	tcam	both	706.20	4
------------------> o1 31.5
------------------> data	tcam	both	706.20	4
------------------> o1 32
------------------> data	tcam	both	706.20	4
------------------> o1 32.5
------------------> data	tcam	both	706.20	4
------------------> o1 33
------------------> data	tcam	both	706.20	4
------------------> o1 33.5
------------------> data	tcam	both	706.20	4
------------------> o1 34
------------------> data	tcam	both	706.20	4
------------------> o1 34.5
------------------> data	tcam	both	706.20	4
------------------> shut in
 ------------ > 789_focus.rcp
------------------> prefilterrange 789
------------------> shut	out
------------------> o1 30
------------------> data	tcam	both	789.40	4
------------------> o1 30.5
------------------> data	tcam	both	789.40	4
------------------> o1 31
------------------> data	tcam	both	789.40	4
------------------> o1 31.5
------------------> data	tcam	both	789.40	4
------------------> o1 32
------------------> data	tcam	both	789.40	4
------------------> o1 32.5
------------------> data	tcam	both	789.40	4
------------------> o1 33
------------------> data	tcam	both	789.40	4
------------------> o1 33.5
------------------> data	tcam	both	789.40	4
------------------> o1 34
------------------> data	tcam	both	789.40	4
------------------> o1 34.5
------------------> data	tcam	both	789.40	4
------------------> o1 35
------------------> data	tcam	both	789.40	4
------------------> o1 35.5
------------------> data	tcam	both	789.40	4
------------------> o1 36
------------------> data	tcam	both	789.40	4
------------------> o1 36.5
------------------> data	tcam	both	789.40	4
------------------> o1 37
------------------> data	tcam	both	789.40	4
------------------> o1 37.5
------------------> data	tcam	both	789.40	4
------------------> o1 38
------------------> data	tcam	both	789.40	4
------------------> o1 38.5
------------------> data	tcam	both	789.40	4
------------------> o1 39
------------------> data	tcam	both	789.40	4
------------------> o1 39.5
------------------> data	tcam	both	789.40	4
------------------> o1 40
------------------> data	tcam	both	789.40	4
------------------> o1 40.5
------------------> data	tcam	both	789.40	4
------------------> o1 41
------------------> data	tcam	both	789.40	4
------------------> o1 41.5
------------------> data	tcam	both	789.40	4
------------------> o1 42
------------------> data	tcam	both	789.40	4
------------------> o1 42.5
------------------> data	tcam	both	789.40	4
------------------> o1 43
------------------> data	tcam	both	789.40	4
------------------> shut in
 ------------ > 1074_focus.rcp
------------------> prefilterrange 1074
------------------> shut	out
------------------> o1 50
------------------> data	tcam	both	1074.45	4
------------------> o1 50.5
------------------> data	tcam	both	1074.45	4
------------------> o1 51
------------------> data	tcam	both	1074.45	4
------------------> o1 51.5
------------------> data	tcam	both	1074.45	4
------------------> o1 52
------------------> data	tcam	both	1074.45	4
------------------> o1 52.5
------------------> data	tcam	both	1074.45	4
------------------> o1 53
------------------> data	tcam	both	1074.45	4
------------------> o1 53.5
------------------> data	tcam	both	1074.45	4
------------------> o1 54
------------------> data	tcam	both	1074.45	4
------------------> o1 54.5
------------------> data	tcam	both	1074.45	4
------------------> o1 55
------------------> data	tcam	both	1074.45	4
------------------> o1 55.5
------------------> data	tcam	both	1074.45	4
------------------> o1 56
------------------> data	tcam	both	1074.45	4
------------------> o1 56.5
------------------> data	tcam	both	1074.45	4
------------------> o1 57
------------------> data	tcam	both	1074.45	4
------------------> o1 57.5
------------------> data	tcam	both	1074.45	4
------------------> o1 58
------------------> data	tcam	both	1074.45	4
------------------> o1 58.5
------------------> data	tcam	both	1074.45	4
------------------> o1 59
------------------> data	tcam	both	1074.45	4
------------------> o1 59.5
------------------> data	tcam	both	1074.45	4
------------------> o1 60
------------------> data	tcam	both	1074.45	4
------------------> o1 60.5
------------------> data	tcam	both	1074.45	4
------------------> o1 61
------------------> data	tcam	both	1074.45	4
------------------> o1 61.5
------------------> data	tcam	both	1074.45	4
------------------> o1 62
------------------> data	tcam	both	1074.45	4
------------------> shut in
 ------------ > 1079_focus.rcp
------------------> prefilterrange 1079
------------------> shut	out
------------------> o1 50
------------------> data	tcam	both	1079.80	4
------------------> o1 50.5
------------------> data	tcam	both	1079.80	4
------------------> o1 51
------------------> data	tcam	both	1079.80	4
------------------> o1 51.5
------------------> data	tcam	both	1079.80	4
------------------> o1 52
------------------> data	tcam	both	1079.80	4
------------------> o1 52.5
------------------> data	tcam	both	1079.80	4
------------------> o1 53
------------------> data	tcam	both	1079.80	4
------------------> o1 53.5
------------------> data	tcam	both	1079.80	4
------------------> o1 54
------------------> data	tcam	both	1079.80	4
------------------> o1 54.5
------------------> data	tcam	both	1079.80	4
------------------> o1 55
------------------> data	tcam	both	1079.80	4
------------------> o1 55.5
------------------> data	tcam	both	1079.80	4
------------------> o1 56
------------------> data	tcam	both	1079.80	4
------------------> o1 56.5
------------------> data	tcam	both	1079.80	4
------------------> o1 57
------------------> data	tcam	both	1079.80	4
------------------> o1 57.5
------------------> data	tcam	both	1079.80	4
------------------> o1 58
------------------> data	tcam	both	1079.80	4
------------------> o1 58.5
------------------> data	tcam	both	1079.80	4
------------------> o1 59
------------------> data	tcam	both	1079.80	4
------------------> o1 59.5
------------------> data	tcam	both	1079.80	4
------------------> o1 60
------------------> data	tcam	both	1079.80	4
------------------> o1 60.5
------------------> data	tcam	both	1079.80	4
------------------> o1 61
------------------> data	tcam	both	1079.80	4
------------------> o1 61.5
------------------> data	tcam	both	1079.80	4
------------------> o1 62
------------------> data	tcam	both	1079.80	4
------------------> o1 62.5
------------------> data	tcam	both	1079.80	4
------------------> shut in
 ------------ > 1083_focus.rcp
------------------> prefilterrange 1083
------------------> shut	out
------------------> o1 62
------------------> data	tcam	both	1083.00	4
------------------> o1 61.5
------------------> data	tcam	both	1083.00	4
------------------> o1 61
------------------> data	tcam	both	1083.00	4
------------------> o1 60.5
------------------> data	tcam	both	1083.00	4
------------------> o1 60
------------------> data	tcam	both	1083.00	4
------------------> o1 59.5
------------------> data	tcam	both	1083.00	4
------------------> o1 59
------------------> data	tcam	both	1083.00	4
------------------> o1 58.5
------------------> data	tcam	both	1083.00	4
------------------> o1 58
------------------> data	tcam	both	1083.00	4
------------------> o1 57.5
------------------> data	tcam	both	1083.00	4
------------------> o1 57
------------------> data	tcam	both	1083.00	4
------------------> o1 56.5
------------------> data	tcam	both	1083.00	4
------------------> o1 56
------------------> data	tcam	both	1083.00	4
------------------> o1 55.5
------------------> data	tcam	both	1083.00	4
------------------> o1 55
------------------> data	tcam	both	1083.00	4
------------------> o1 54.4
------------------> data	tcam	both	1083.00	4
------------------> o1 54
------------------> data	tcam	both	1083.00	4
------------------> o1 53.5
------------------> data	tcam	both	1083.00	4
------------------> o1 53
------------------> data	tcam	both	1083.00	4
------------------> o1 52.5
------------------> data	tcam	both	1083.00	4
------------------> o1 52
------------------> data	tcam	both	1083.00	4
------------------> o1 51.5
------------------> data	tcam	both	1083.00	4
------------------> o1 51
------------------> data	tcam	both	1083.00	4
------------------> o1 50.5
------------------> data	tcam	both	1083.00	4
------------------> o1 50
------------------> data	tcam	both	1083.00	4
------------------> shut in
