  > find_focus.menu
 ------ > find_focus.cbk
 ------------ > ND_IN.rcp
------------------> nd in
 ------------ > Exposure_80.rcp
------------------> exposure 80
 ------------ > dark_01wave_1beam_16sums_1rep_BOTH.rcp
------------------> shut	in
------------------> data	rcam	both	656.28	16
------------------> data	rcam	both	656.28	16
------------------> data	rcam	both	656.28	16
------------------> data	rcam	both	656.28	16
------------------> data	rcam	both	656.28	16
------------------> data	rcam	both	656.28	16
------------------> data	rcam	both	656.28	16
------------------> data	rcam	both	656.28	16
------------------> data	rcam	both	656.28	16
------------------> data	rcam	both	656.28	16
 ------------ > 530_focus.rcp
------------------> prefilterrange 530
------------------> shut	out
------------------> o1 2.5
------------------> data	tcam	both	530.00	4
------------------> data	tcam	both	530.00	4
------------------> data	tcam	both	530.00	4
------------------> data	tcam	both	530.00	4
------------------> o1 2.75
------------------> data	tcam	both	530.00	4
------------------> data	tcam	both	530.00	4
------------------> data	tcam	both	530.00	4
------------------> data	tcam	both	530.00	4
------------------> o1 3
------------------> data	tcam	both	530.00	4
------------------> data	tcam	both	530.00	4
------------------> data	tcam	both	530.00	4
------------------> data	tcam	both	530.00	4
------------------> o1 3.25
------------------> data	tcam	both	530.00	4
------------------> data	tcam	both	530.00	4
------------------> data	tcam	both	530.00	4
------------------> data	tcam	both	530.00	4
------------------> o1 3.50
------------------> data	tcam	both	530.00	4
------------------> data	tcam	both	530.00	4
------------------> data	tcam	both	530.00	4
------------------> data	tcam	both	530.00	4
------------------> o1 3.75
------------------> data	tcam	both	530.00	4
------------------> data	tcam	both	530.00	4
------------------> data	tcam	both	530.00	4
------------------> data	tcam	both	530.00	4
------------------> o1 4
------------------> data	tcam	both	530.00	4
------------------> data	tcam	both	530.00	4
------------------> data	tcam	both	530.00	4
------------------> data	tcam	both	530.00	4
------------------> shut in
 ------------ > 637_focus.rcp
------------------> prefilterrange 637
------------------> shut	out
------------------> o1 21.5
------------------> data	tcam	both	637.40	4
------------------> data	tcam	both	637.40	4
------------------> data	tcam	both	637.40	4
------------------> data	tcam	both	637.40	4
------------------> o1 22
------------------> data	tcam	both	637.40	4
------------------> data	tcam	both	637.40	4
------------------> data	tcam	both	637.40	4
------------------> data	tcam	both	637.40	4
------------------> o1 22.5
------------------> data	tcam	both	637.40	4
------------------> data	tcam	both	637.40	4
------------------> data	tcam	both	637.40	4
------------------> data	tcam	both	637.40	4
------------------> o1 23
------------------> data	tcam	both	637.40	4
------------------> data	tcam	both	637.40	4
------------------> data	tcam	both	637.40	4
------------------> data	tcam	both	637.40	4
------------------> o1 23.5
------------------> data	tcam	both	637.40	4
------------------> data	tcam	both	637.40	4
------------------> data	tcam	both	637.40	4
------------------> data	tcam	both	637.40	4
------------------> shut in
 ------------ > 656_focus.rcp
------------------> prefilterrange 656
------------------> shut	out
------------------> o1 23
------------------> data	tcam	both	656.28	4
------------------> data	tcam	both	656.28	4
------------------> data	tcam	both	656.28	4
------------------> data	tcam	both	656.28	4
------------------> o1 23.5
------------------> data	tcam	both	656.28	4
------------------> data	tcam	both	656.28	4
------------------> data	tcam	both	656.28	4
------------------> data	tcam	both	656.28	4
------------------> o1 24
------------------> data	tcam	both	656.28	4
------------------> data	tcam	both	656.28	4
------------------> data	tcam	both	656.28	4
------------------> data	tcam	both	656.28	4
------------------> o1 24.5
------------------> data	tcam	both	656.28	4
------------------> data	tcam	both	656.28	4
------------------> data	tcam	both	656.28	4
------------------> data	tcam	both	656.28	4
------------------> o1 25
------------------> data	tcam	both	656.28	4
------------------> data	tcam	both	656.28	4
------------------> data	tcam	both	656.28	4
------------------> data	tcam	both	656.28	4
------------------> o1 25.5
------------------> data	tcam	both	656.28	4
------------------> data	tcam	both	656.28	4
------------------> data	tcam	both	656.28	4
------------------> data	tcam	both	656.28	4
------------------> o1 26
------------------> data	tcam	both	656.28	4
------------------> data	tcam	both	656.28	4
------------------> data	tcam	both	656.28	4
------------------> data	tcam	both	656.28	4
------------------> 26.5
------------------> data	tcam	both	656.28	4
------------------> data	tcam	both	656.28	4
------------------> data	tcam	both	656.28	4
------------------> data	tcam	both	656.28	4
------------------> shut in
 ------------ > 691_focus.rcp
------------------> prefilterrange 691
------------------> shut	out
------------------> o1 28
------------------> data	tcam	both	637.40	4
------------------> data	tcam	both	637.40	4
------------------> data	tcam	both	637.40	4
------------------> data	tcam	both	637.40	4
------------------> o1 28.5
------------------> data	tcam	both	637.40	4
------------------> data	tcam	both	637.40	4
------------------> data	tcam	both	637.40	4
------------------> data	tcam	both	637.40	4
------------------> o1 29
------------------> data	tcam	both	637.40	4
------------------> data	tcam	both	637.40	4
------------------> data	tcam	both	637.40	4
------------------> data	tcam	both	637.40	4
------------------> o1 29.5
------------------> data	tcam	both	637.40	4
------------------> data	tcam	both	637.40	4
------------------> data	tcam	both	637.40	4
------------------> data	tcam	both	637.40	4
------------------> o1 30
------------------> data	tcam	both	637.40	4
------------------> data	tcam	both	637.40	4
------------------> data	tcam	both	637.40	4
------------------> data	tcam	both	637.40	4
------------------> o1 30.5
------------------> data	tcam	both	637.40	4
------------------> data	tcam	both	637.40	4
------------------> data	tcam	both	637.40	4
------------------> data	tcam	both	637.40	4
------------------> o1 31
------------------> data	tcam	both	637.40	4
------------------> data	tcam	both	637.40	4
------------------> data	tcam	both	637.40	4
------------------> data	tcam	both	637.40	4
------------------> shut in
 ------------ > 706_focus.rcp
------------------> prefilterrange 706
------------------> shut	out
------------------> o1 30
------------------> data	tcam	both	706.20	4
------------------> data	tcam	both	706.20	4
------------------> data	tcam	both	706.20	4
------------------> data	tcam	both	706.20	4
------------------> o1 30.5
------------------> data	tcam	both	706.20	4
------------------> data	tcam	both	706.20	4
------------------> data	tcam	both	706.20	4
------------------> data	tcam	both	706.20	4
------------------> o1 31
------------------> data	tcam	both	706.20	4
------------------> data	tcam	both	706.20	4
------------------> data	tcam	both	706.20	4
------------------> data	tcam	both	706.20	4
------------------> o1 31.5
------------------> data	tcam	both	706.20	4
------------------> data	tcam	both	706.20	4
------------------> data	tcam	both	706.20	4
------------------> data	tcam	both	706.20	4
------------------> o1 32
------------------> data	tcam	both	706.20	4
------------------> data	tcam	both	706.20	4
------------------> data	tcam	both	706.20	4
------------------> data	tcam	both	706.20	4
------------------> shut in
 ------------ > 789_focus.rcp
------------------> prefilterrange 789
------------------> shut	out
------------------> o1 39
------------------> data	tcam	both	789.40	16
------------------> data	tcam	both	789.40	16
------------------> data	tcam	both	789.40	16
------------------> data	tcam	both	789.40	16
------------------> o1 39.5
------------------> data	tcam	both	789.40	16
------------------> data	tcam	both	789.40	16
------------------> data	tcam	both	789.40	16
------------------> data	tcam	both	789.40	16
------------------> o1 40
------------------> data	tcam	both	789.40	16
------------------> data	tcam	both	789.40	16
------------------> data	tcam	both	789.40	16
------------------> data	tcam	both	789.40	16
------------------> o1 40.5
------------------> data	tcam	both	789.40	16
------------------> data	tcam	both	789.40	16
------------------> data	tcam	both	789.40	16
------------------> data	tcam	both	789.40	16
------------------> o1 41
------------------> data	tcam	both	789.40	16
------------------> data	tcam	both	789.40	16
------------------> data	tcam	both	789.40	16
------------------> data	tcam	both	789.40	16
------------------> o1 41.5
------------------> data	tcam	both	789.40	16
------------------> data	tcam	both	789.40	16
------------------> data	tcam	both	789.40	16
------------------> data	tcam	both	789.40	16
------------------> shut in
 ------------ > 1074_focus.rcp
------------------> prefilterrange 1074
------------------> shut	out
------------------> o1 60
------------------> data	tcam	both	1074.45	4
------------------> data	tcam	both	1074.45	4
------------------> data	tcam	both	1074.45	4
------------------> data	tcam	both	1074.45	4
------------------> o1 60.5
------------------> data	tcam	both	1074.45	4
------------------> data	tcam	both	1074.45	4
------------------> data	tcam	both	1074.45	4
------------------> data	tcam	both	1074.45	4
------------------> o1 61
------------------> data	tcam	both	1074.45	4
------------------> data	tcam	both	1074.45	4
------------------> data	tcam	both	1074.45	4
------------------> data	tcam	both	1074.45	4
------------------> o1 61.5
------------------> data	tcam	both	1074.45	4
------------------> data	tcam	both	1074.45	4
------------------> data	tcam	both	1074.45	4
------------------> data	tcam	both	1074.45	4
------------------> o1 62
------------------> data	tcam	both	1074.45	4
------------------> data	tcam	both	1074.45	4
------------------> data	tcam	both	1074.45	4
------------------> data	tcam	both	1074.45	4
------------------> shut in
 ------------ > 1079_focus.rcp
------------------> prefilterrange 1079
------------------> shut	out
------------------> o1 60
------------------> data	tcam	both	1079.80	4
------------------> data	tcam	both	1079.80	4
------------------> data	tcam	both	1079.80	4
------------------> data	tcam	both	1079.80	4
------------------> o1 60.5
------------------> data	tcam	both	1079.80	4
------------------> data	tcam	both	1079.80	4
------------------> data	tcam	both	1079.80	4
------------------> data	tcam	both	1079.80	4
------------------> o1 61
------------------> data	tcam	both	1079.80	4
------------------> data	tcam	both	1079.80	4
------------------> data	tcam	both	1079.80	4
------------------> data	tcam	both	1079.80	4
------------------> o1 61.5
------------------> data	tcam	both	1079.80	4
------------------> data	tcam	both	1079.80	4
------------------> data	tcam	both	1079.80	4
------------------> data	tcam	both	1079.80	4
------------------> o1 62
------------------> data	tcam	both	1079.80	4
------------------> data	tcam	both	1079.80	4
------------------> data	tcam	both	1079.80	4
------------------> data	tcam	both	1079.80	4
------------------> shut in
 ------------ > ND_OUT.rcp
------------------> nd out
