  > flat.menu
 ------ > 1074-multi-flats.cbk
 ------------ > setupflat.rcp
------------------> diffuser	in
------------------> cover	out
------------------> occ	out
------------------> shut	out
------------------> calib	out
 ------------ > setupdark.rcp
------------------> shut	in
 ------------ > dark_01wave_1beam_16sums_10rep_both.rcp
------------------> shut	in
------------------> data	rcam	both	656.28	16
------------------> data	rcam	both	656.28	16
------------------> data	rcam	both	656.28	16
------------------> data	rcam	both	656.28	16
------------------> data	rcam	both	656.28	16
------------------> data	rcam	both	656.28	16
------------------> data	rcam	both	656.28	16
------------------> data	rcam	both	656.28	16
------------------> data	rcam	both	656.28	16
------------------> data	rcam	both	656.28	16
 ------------ > setupflat.rcp
------------------> diffuser	in
------------------> cover	out
------------------> occ	out
------------------> shut	out
------------------> calib	out
 ------------ > 1074_fw.rcp
------------------> prefilterrange	1074
 ------------ > 1074_03wave_2beam_16sums_4rep_both.rcp
------------------> data	rcam	both	1074.59	16
------------------> data	rcam	both	1074.70	16
------------------> data	rcam	both	1074.81	16
------------------> data	tcam	both	1074.59	16
------------------> data	tcam	both	1074.70	16
------------------> data	tcam	both	1074.81	16
------------------> data	rcam	both	1074.59	16
------------------> data	rcam	both	1074.70	16
------------------> data	rcam	both	1074.81	16
------------------> data	tcam	both	1074.59	16
------------------> data	tcam	both	1074.70	16
------------------> data	tcam	both	1074.81	16
------------------> data	rcam	both	1074.59	16
------------------> data	rcam	both	1074.70	16
------------------> data	rcam	both	1074.81	16
------------------> data	tcam	both	1074.59	16
------------------> data	tcam	both	1074.70	16
------------------> data	tcam	both	1074.81	16
------------------> data	rcam	both	1074.59	16
------------------> data	rcam	both	1074.70	16
------------------> data	rcam	both	1074.81	16
------------------> data	tcam	both	1074.59	16
------------------> data	tcam	both	1074.70	16
------------------> data	tcam	both	1074.81	16
 ------------ > 1074_03wave_2beam_16sums_4rep_both.rcp
------------------> data	rcam	both	1074.59	16
------------------> data	rcam	both	1074.70	16
------------------> data	rcam	both	1074.81	16
------------------> data	tcam	both	1074.59	16
------------------> data	tcam	both	1074.70	16
------------------> data	tcam	both	1074.81	16
------------------> data	rcam	both	1074.59	16
------------------> data	rcam	both	1074.70	16
------------------> data	rcam	both	1074.81	16
------------------> data	tcam	both	1074.59	16
------------------> data	tcam	both	1074.70	16
------------------> data	tcam	both	1074.81	16
------------------> data	rcam	both	1074.59	16
------------------> data	rcam	both	1074.70	16
------------------> data	rcam	both	1074.81	16
------------------> data	tcam	both	1074.59	16
------------------> data	tcam	both	1074.70	16
------------------> data	tcam	both	1074.81	16
------------------> data	rcam	both	1074.59	16
------------------> data	rcam	both	1074.70	16
------------------> data	rcam	both	1074.81	16
------------------> data	tcam	both	1074.59	16
------------------> data	tcam	both	1074.70	16
------------------> data	tcam	both	1074.81	16
 ------------ > 1074_03wave_2beam_16sums_4rep_both.rcp
------------------> data	rcam	both	1074.59	16
------------------> data	rcam	both	1074.70	16
------------------> data	rcam	both	1074.81	16
------------------> data	tcam	both	1074.59	16
------------------> data	tcam	both	1074.70	16
------------------> data	tcam	both	1074.81	16
------------------> data	rcam	both	1074.59	16
------------------> data	rcam	both	1074.70	16
------------------> data	rcam	both	1074.81	16
------------------> data	tcam	both	1074.59	16
------------------> data	tcam	both	1074.70	16
------------------> data	tcam	both	1074.81	16
------------------> data	rcam	both	1074.59	16
------------------> data	rcam	both	1074.70	16
------------------> data	rcam	both	1074.81	16
------------------> data	tcam	both	1074.59	16
------------------> data	tcam	both	1074.70	16
------------------> data	tcam	both	1074.81	16
------------------> data	rcam	both	1074.59	16
------------------> data	rcam	both	1074.70	16
------------------> data	rcam	both	1074.81	16
------------------> data	tcam	both	1074.59	16
------------------> data	tcam	both	1074.70	16
------------------> data	tcam	both	1074.81	16
 ------------ > 1074_03wave_2beam_16sums_4rep_both.rcp
------------------> data	rcam	both	1074.59	16
------------------> data	rcam	both	1074.70	16
------------------> data	rcam	both	1074.81	16
------------------> data	tcam	both	1074.59	16
------------------> data	tcam	both	1074.70	16
------------------> data	tcam	both	1074.81	16
------------------> data	rcam	both	1074.59	16
------------------> data	rcam	both	1074.70	16
------------------> data	rcam	both	1074.81	16
------------------> data	tcam	both	1074.59	16
------------------> data	tcam	both	1074.70	16
------------------> data	tcam	both	1074.81	16
------------------> data	rcam	both	1074.59	16
------------------> data	rcam	both	1074.70	16
------------------> data	rcam	both	1074.81	16
------------------> data	tcam	both	1074.59	16
------------------> data	tcam	both	1074.70	16
------------------> data	tcam	both	1074.81	16
------------------> data	rcam	both	1074.59	16
------------------> data	rcam	both	1074.70	16
------------------> data	rcam	both	1074.81	16
------------------> data	tcam	both	1074.59	16
------------------> data	tcam	both	1074.70	16
------------------> data	tcam	both	1074.81	16
 ------------ > 1074_03wave_2beam_16sums_4rep_both.rcp
------------------> data	rcam	both	1074.59	16
------------------> data	rcam	both	1074.70	16
------------------> data	rcam	both	1074.81	16
------------------> data	tcam	both	1074.59	16
------------------> data	tcam	both	1074.70	16
------------------> data	tcam	both	1074.81	16
------------------> data	rcam	both	1074.59	16
------------------> data	rcam	both	1074.70	16
------------------> data	rcam	both	1074.81	16
------------------> data	tcam	both	1074.59	16
------------------> data	tcam	both	1074.70	16
------------------> data	tcam	both	1074.81	16
------------------> data	rcam	both	1074.59	16
------------------> data	rcam	both	1074.70	16
------------------> data	rcam	both	1074.81	16
------------------> data	tcam	both	1074.59	16
------------------> data	tcam	both	1074.70	16
------------------> data	tcam	both	1074.81	16
------------------> data	rcam	both	1074.59	16
------------------> data	rcam	both	1074.70	16
------------------> data	rcam	both	1074.81	16
------------------> data	tcam	both	1074.59	16
------------------> data	tcam	both	1074.70	16
------------------> data	tcam	both	1074.81	16
 ------------ > 1074_03wave_2beam_16sums_4rep_both.rcp
------------------> data	rcam	both	1074.59	16
------------------> data	rcam	both	1074.70	16
------------------> data	rcam	both	1074.81	16
------------------> data	tcam	both	1074.59	16
------------------> data	tcam	both	1074.70	16
------------------> data	tcam	both	1074.81	16
------------------> data	rcam	both	1074.59	16
------------------> data	rcam	both	1074.70	16
------------------> data	rcam	both	1074.81	16
------------------> data	tcam	both	1074.59	16
------------------> data	tcam	both	1074.70	16
------------------> data	tcam	both	1074.81	16
------------------> data	rcam	both	1074.59	16
------------------> data	rcam	both	1074.70	16
------------------> data	rcam	both	1074.81	16
------------------> data	tcam	both	1074.59	16
------------------> data	tcam	both	1074.70	16
------------------> data	tcam	both	1074.81	16
------------------> data	rcam	both	1074.59	16
------------------> data	rcam	both	1074.70	16
------------------> data	rcam	both	1074.81	16
------------------> data	tcam	both	1074.59	16
------------------> data	tcam	both	1074.70	16
------------------> data	tcam	both	1074.81	16
 ------------ > 1074_03wave_2beam_16sums_4rep_both.rcp
------------------> data	rcam	both	1074.59	16
------------------> data	rcam	both	1074.70	16
------------------> data	rcam	both	1074.81	16
------------------> data	tcam	both	1074.59	16
------------------> data	tcam	both	1074.70	16
------------------> data	tcam	both	1074.81	16
------------------> data	rcam	both	1074.59	16
------------------> data	rcam	both	1074.70	16
------------------> data	rcam	both	1074.81	16
------------------> data	tcam	both	1074.59	16
------------------> data	tcam	both	1074.70	16
------------------> data	tcam	both	1074.81	16
------------------> data	rcam	both	1074.59	16
------------------> data	rcam	both	1074.70	16
------------------> data	rcam	both	1074.81	16
------------------> data	tcam	both	1074.59	16
------------------> data	tcam	both	1074.70	16
------------------> data	tcam	both	1074.81	16
------------------> data	rcam	both	1074.59	16
------------------> data	rcam	both	1074.70	16
------------------> data	rcam	both	1074.81	16
------------------> data	tcam	both	1074.59	16
------------------> data	tcam	both	1074.70	16
------------------> data	tcam	both	1074.81	16
 ------------ > 1074_03wave_2beam_16sums_4rep_both.rcp
------------------> data	rcam	both	1074.59	16
------------------> data	rcam	both	1074.70	16
------------------> data	rcam	both	1074.81	16
------------------> data	tcam	both	1074.59	16
------------------> data	tcam	both	1074.70	16
------------------> data	tcam	both	1074.81	16
------------------> data	rcam	both	1074.59	16
------------------> data	rcam	both	1074.70	16
------------------> data	rcam	both	1074.81	16
------------------> data	tcam	both	1074.59	16
------------------> data	tcam	both	1074.70	16
------------------> data	tcam	both	1074.81	16
------------------> data	rcam	both	1074.59	16
------------------> data	rcam	both	1074.70	16
------------------> data	rcam	both	1074.81	16
------------------> data	tcam	both	1074.59	16
------------------> data	tcam	both	1074.70	16
------------------> data	tcam	both	1074.81	16
------------------> data	rcam	both	1074.59	16
------------------> data	rcam	both	1074.70	16
------------------> data	rcam	both	1074.81	16
------------------> data	tcam	both	1074.59	16
------------------> data	tcam	both	1074.70	16
------------------> data	tcam	both	1074.81	16
 ------------ > 1074_03wave_2beam_16sums_4rep_both.rcp
------------------> data	rcam	both	1074.59	16
------------------> data	rcam	both	1074.70	16
------------------> data	rcam	both	1074.81	16
------------------> data	tcam	both	1074.59	16
------------------> data	tcam	both	1074.70	16
------------------> data	tcam	both	1074.81	16
------------------> data	rcam	both	1074.59	16
------------------> data	rcam	both	1074.70	16
------------------> data	rcam	both	1074.81	16
------------------> data	tcam	both	1074.59	16
------------------> data	tcam	both	1074.70	16
------------------> data	tcam	both	1074.81	16
------------------> data	rcam	both	1074.59	16
------------------> data	rcam	both	1074.70	16
------------------> data	rcam	both	1074.81	16
------------------> data	tcam	both	1074.59	16
------------------> data	tcam	both	1074.70	16
------------------> data	tcam	both	1074.81	16
------------------> data	rcam	both	1074.59	16
------------------> data	rcam	both	1074.70	16
------------------> data	rcam	both	1074.81	16
------------------> data	tcam	both	1074.59	16
------------------> data	tcam	both	1074.70	16
------------------> data	tcam	both	1074.81	16
 ------------ > 1074_03wave_2beam_16sums_4rep_both.rcp
------------------> data	rcam	both	1074.59	16
------------------> data	rcam	both	1074.70	16
------------------> data	rcam	both	1074.81	16
------------------> data	tcam	both	1074.59	16
------------------> data	tcam	both	1074.70	16
------------------> data	tcam	both	1074.81	16
------------------> data	rcam	both	1074.59	16
------------------> data	rcam	both	1074.70	16
------------------> data	rcam	both	1074.81	16
------------------> data	tcam	both	1074.59	16
------------------> data	tcam	both	1074.70	16
------------------> data	tcam	both	1074.81	16
------------------> data	rcam	both	1074.59	16
------------------> data	rcam	both	1074.70	16
------------------> data	rcam	both	1074.81	16
------------------> data	tcam	both	1074.59	16
------------------> data	tcam	both	1074.70	16
------------------> data	tcam	both	1074.81	16
------------------> data	rcam	both	1074.59	16
------------------> data	rcam	both	1074.70	16
------------------> data	rcam	both	1074.81	16
------------------> data	tcam	both	1074.59	16
------------------> data	tcam	both	1074.70	16
------------------> data	tcam	both	1074.81	16
 ------------ > setupdark.rcp
------------------> shut	in
