  > flat.menu
 ------ > 1074-multi-flats.cbk
 ------------ > setupFlat.rcp
------------------> diffuser	in
------------------> cover	out
------------------> occ	out
------------------> shut	out
------------------> calib	out
 ------------ > setupDark.rcp
------------------> shut	in
 ------------ > dark_01wave_1beam_16sums_10rep_BOTH.rcp
 ------------ > setupFlat.rcp
------------------> diffuser	in
------------------> cover	out
------------------> occ	out
------------------> shut	out
------------------> calib	out
 ------------ > 1074_FW.rcp
------------------> prefilterrange	1074
 ------------ > 1074_03wave_2beam_16sums_4rep_BOTH.rcp
 ------------ > 1074_03wave_2beam_16sums_4rep_BOTH.rcp
 ------------ > 1074_03wave_2beam_16sums_4rep_BOTH.rcp
 ------------ > 1074_03wave_2beam_16sums_4rep_BOTH.rcp
 ------------ > 1074_03wave_2beam_16sums_4rep_BOTH.rcp
 ------------ > 1074_03wave_2beam_16sums_4rep_BOTH.rcp
 ------------ > 1074_03wave_2beam_16sums_4rep_BOTH.rcp
 ------------ > 1074_03wave_2beam_16sums_4rep_BOTH.rcp
 ------------ > 1074_03wave_2beam_16sums_4rep_BOTH.rcp
 ------------ > 1074_03wave_2beam_16sums_4rep_BOTH.rcp
 ------------ > setupDark.rcp
------------------> shut	in
