  > new_wave_scan.cbk
 ------ > setupDark.rcp
------------> shut	in
 ------ > dark_01wave_1beam_16sums_10rep_BOTH.rcp
------------> shut	in
------------> data	rcam	both	656.28	16
------------> data	rcam	both	656.28	16
------------> data	rcam	both	656.28	16
------------> data	rcam	both	656.28	16
------------> data	rcam	both	656.28	16
------------> data	rcam	both	656.28	16
------------> data	rcam	both	656.28	16
------------> data	rcam	both	656.28	16
------------> data	rcam	both	656.28	16
------------> data	rcam	both	656.28	16
 ------ > setupFlat.rcp
------------> diffuser  in
------------> cover out
------------> occ		out
------------> shut	out
------------> calib	out
 ------ > 802_FW.rcp
------------> prefilterrange 802
 ------ > 802_13wave_2beam_16sums_2rep_BOTH.rcp
------------> data	rcam	both	 801.91	   16
------------> data	rcam	both	 801.98	   16
------------> data	rcam	both	 802.05	   16
------------> data	rcam	both	 802.12	   16
------------> data	rcam	both	 802.19	   16
------------> data	rcam	both	 802.26	   16
------------> data	rcam	both	 802.33	   16
------------> data	rcam	both	 802.40	   16
------------> data	rcam	both	 802.47	   16
------------> data	rcam	both	 802.54	   16
------------> data	tcam	both	 801.91	   16
------------> data	tcam	both	 801.98	   16
------------> data	tcam	both	 802.05	   16
------------> data	tcam	both	 802.12	   16
------------> data	tcam	both	 802.19	   16
------------> data	tcam	both	 802.26	   16
------------> data	tcam	both	 802.33	   16
------------> data	tcam	both	 802.40	   16
------------> data	tcam	both	 802.47	   16
------------> data	tcam	both	 802.54	   16
------------> data	rcam	both	 801.91	   16
------------> data	rcam	both	 801.98	   16
------------> data	rcam	both	 802.05	   16
------------> data	rcam	both	 802.12	   16
------------> data	rcam	both	 802.19	   16
------------> data	rcam	both	 802.26	   16
------------> data	rcam	both	 802.33	   16
------------> data	rcam	both	 802.40	   16
------------> data	rcam	both	 802.47	   16
------------> data	rcam	both	 802.54	   16
------------> data	tcam	both	 801.91	   16
------------> data	tcam	both	 801.98	   16
------------> data	tcam	both	 802.05	   16
------------> data	tcam	both	 802.12	   16
------------> data	tcam	both	 802.19	   16
------------> data	tcam	both	 802.26	   16
------------> data	tcam	both	 802.33	   16
------------> data	tcam	both	 802.40	   16
------------> data	tcam	both	 802.47	   16
------------> data	tcam	both	 802.54	   16
 ------ > setupObserving.rcp
------------> shut in
------------> cover out
------------> calib	out
------------> occ		in
------------> diffuser out
------------> shut	out
 ------ > 802_FW.rcp
------------> prefilterrange 802
 ------ > 802_13wave_2beam_16sums_2rep_BOTH.rcp
------------> data	rcam	both	 801.91	   16
------------> data	rcam	both	 801.98	   16
------------> data	rcam	both	 802.05	   16
------------> data	rcam	both	 802.12	   16
------------> data	rcam	both	 802.19	   16
------------> data	rcam	both	 802.26	   16
------------> data	rcam	both	 802.33	   16
------------> data	rcam	both	 802.40	   16
------------> data	rcam	both	 802.47	   16
------------> data	rcam	both	 802.54	   16
------------> data	tcam	both	 801.91	   16
------------> data	tcam	both	 801.98	   16
------------> data	tcam	both	 802.05	   16
------------> data	tcam	both	 802.12	   16
------------> data	tcam	both	 802.19	   16
------------> data	tcam	both	 802.26	   16
------------> data	tcam	both	 802.33	   16
------------> data	tcam	both	 802.40	   16
------------> data	tcam	both	 802.47	   16
------------> data	tcam	both	 802.54	   16
------------> data	rcam	both	 801.91	   16
------------> data	rcam	both	 801.98	   16
------------> data	rcam	both	 802.05	   16
------------> data	rcam	both	 802.12	   16
------------> data	rcam	both	 802.19	   16
------------> data	rcam	both	 802.26	   16
------------> data	rcam	both	 802.33	   16
------------> data	rcam	both	 802.40	   16
------------> data	rcam	both	 802.47	   16
------------> data	rcam	both	 802.54	   16
------------> data	tcam	both	 801.91	   16
------------> data	tcam	both	 801.98	   16
------------> data	tcam	both	 802.05	   16
------------> data	tcam	both	 802.12	   16
------------> data	tcam	both	 802.19	   16
------------> data	tcam	both	 802.26	   16
------------> data	tcam	both	 802.33	   16
------------> data	tcam	both	 802.40	   16
------------> data	tcam	both	 802.47	   16
------------> data	tcam	both	 802.54	   16
 ------ > 802_13wave_2beam_16sums_2rep_BOTH.rcp
------------> data	rcam	both	 801.91	   16
------------> data	rcam	both	 801.98	   16
------------> data	rcam	both	 802.05	   16
------------> data	rcam	both	 802.12	   16
------------> data	rcam	both	 802.19	   16
------------> data	rcam	both	 802.26	   16
------------> data	rcam	both	 802.33	   16
------------> data	rcam	both	 802.40	   16
------------> data	rcam	both	 802.47	   16
------------> data	rcam	both	 802.54	   16
------------> data	tcam	both	 801.91	   16
------------> data	tcam	both	 801.98	   16
------------> data	tcam	both	 802.05	   16
------------> data	tcam	both	 802.12	   16
------------> data	tcam	both	 802.19	   16
------------> data	tcam	both	 802.26	   16
------------> data	tcam	both	 802.33	   16
------------> data	tcam	both	 802.40	   16
------------> data	tcam	both	 802.47	   16
------------> data	tcam	both	 802.54	   16
------------> data	rcam	both	 801.91	   16
------------> data	rcam	both	 801.98	   16
------------> data	rcam	both	 802.05	   16
------------> data	rcam	both	 802.12	   16
------------> data	rcam	both	 802.19	   16
------------> data	rcam	both	 802.26	   16
------------> data	rcam	both	 802.33	   16
------------> data	rcam	both	 802.40	   16
------------> data	rcam	both	 802.47	   16
------------> data	rcam	both	 802.54	   16
------------> data	tcam	both	 801.91	   16
------------> data	tcam	both	 801.98	   16
------------> data	tcam	both	 802.05	   16
------------> data	tcam	both	 802.12	   16
------------> data	tcam	both	 802.19	   16
------------> data	tcam	both	 802.26	   16
------------> data	tcam	both	 802.33	   16
------------> data	tcam	both	 802.40	   16
------------> data	tcam	both	 802.47	   16
------------> data	tcam	both	 802.54	   16
