  > Pol_Calibrate.menu
 ------ > 656_Pol_Calibrate.ckb
 ------------ > 656_FW.rcp
------------------> PREFILTERRANGE 656
 ------------ > setupCal.rcp
------------------> DIFFUSER  IN
------------------> COVER OUT
------------------> OCC		OUT
------------------> SHUT	OUT
------------------> CALIB	IN
 ------------ > 656_Pol_Calibrate.rcp
------------------> CALRET	0
------------------> CALPOL	0
 ------------------ > 656_1_2beams_16sums.rcp
------------------------> DATA	RCAM	BOTH	656.28	16
------------------------> DATA	TCAM	BOTH	656.28	16
------------------> CALPOL	45
 ------------------ > 656_1_2beams_16sums.rcp
------------------------> DATA	RCAM	BOTH	656.28	16
------------------------> DATA	TCAM	BOTH	656.28	16
------------------> CALPOL	90
 ------------------ > 656_1_2beams_16sums.rcp
------------------------> DATA	RCAM	BOTH	656.28	16
------------------------> DATA	TCAM	BOTH	656.28	16
------------------> CALPOL	135
 ------------------ > 656_1_2beams_16sums.rcp
------------------------> DATA	RCAM	BOTH	656.28	16
------------------------> DATA	TCAM	BOTH	656.28	16
------------------> CALRET	45
------------------> CALPOL	0
 ------------------ > 656_1_2beams_16sums.rcp
------------------------> DATA	RCAM	BOTH	656.28	16
------------------------> DATA	TCAM	BOTH	656.28	16
------------------> CALPOL	45
 ------------------ > 656_1_2beams_16sums.rcp
------------------------> DATA	RCAM	BOTH	656.28	16
------------------------> DATA	TCAM	BOTH	656.28	16
------------------> CALPOL	90
 ------------------ > 656_1_2beams_16sums.rcp
------------------------> DATA	RCAM	BOTH	656.28	16
------------------------> DATA	TCAM	BOTH	656.28	16
------------------> CALPOL	135
 ------------------ > 656_1_2beams_16sums.rcp
------------------------> DATA	RCAM	BOTH	656.28	16
------------------------> DATA	TCAM	BOTH	656.28	16
------------------> CALIB	OUT
 ------------------ > 656_1_2beams_16sums.rcp
------------------------> DATA	RCAM	BOTH	656.28	16
------------------------> DATA	TCAM	BOTH	656.28	16
