  > 2025-parker-instrument-checkout.menu
 ------ > scripts\checkout.cbk
 ------------ > scripts\setupDark.rcp
------------------> shut	in
 ------------ > scripts\1074_FW.rcp
------------------> prefilterrange	1074
 ------------ > scripts\637_FW.rcp
------------------> prefilterrange	637
 ------------ > scripts\706_FW.rcp
------------------> prefilterrange	706
 ------------ > scripts\789_FW.rcp
------------------> prefilterrange	789
 ------------ > scripts\1079_FW.rcp
------------------> prefilterrange	1079
 ------------ > scripts\setupDark.rcp
------------------> shut	in
 ------------ > scripts\dark_01wave_1beam_16sums_10rep_BOTH.rcp
------------------> shut	in
------------------> data	rcam	both	656.28	16
------------------> data	rcam	both	656.28	16
------------------> data	rcam	both	656.28	16
------------------> data	rcam	both	656.28	16
------------------> data	rcam	both	656.28	16
------------------> data	rcam	both	656.28	16
------------------> data	rcam	both	656.28	16
------------------> data	rcam	both	656.28	16
------------------> data	rcam	both	656.28	16
------------------> data	rcam	both	656.28	16
 ------------ > scripts\setupFlat.rcp
------------------> diffuser	in
------------------> cover	out
------------------> occ	out
------------------> shut	out
------------------> calib	out
 ------------ > scripts\1079_03wave_2beam_16sums_4rep_BOTH.rcp
------------------> data	rcam	both	1079.69	16
------------------> data	rcam	both	1079.80	16
------------------> data	rcam	both	1079.91	16
------------------> data	tcam	both	1079.69	16
------------------> data	tcam	both	1079.80	16
------------------> data	tcam	both	1079.91	16
------------------> data	rcam	both	1079.69	16
------------------> data	rcam	both	1079.80	16
------------------> data	rcam	both	1079.91	16
------------------> data	tcam	both	1079.69	16
------------------> data	tcam	both	1079.80	16
------------------> data	tcam	both	1079.91	16
------------------> data	rcam	both	1079.69	16
------------------> data	rcam	both	1079.80	16
------------------> data	rcam	both	1079.91	16
------------------> data	tcam	both	1079.69	16
------------------> data	tcam	both	1079.80	16
------------------> data	tcam	both	1079.91	16
------------------> data	rcam	both	1079.69	16
------------------> data	rcam	both	1079.80	16
------------------> data	rcam	both	1079.91	16
------------------> data	tcam	both	1079.69	16
------------------> data	tcam	both	1079.80	16
------------------> data	tcam	both	1079.91	16
 ------------ > scripts\setupObserving.rcp
------------------> shut	in
------------------> cover	out
------------------> calib	out
------------------> occ	in
------------------> diffuser	out
------------------> shut	out
 ------------ > scripts\1079_03wave_2beam_16sums_4rep_BOTH.rcp
------------------> data	rcam	both	1079.69	16
------------------> data	rcam	both	1079.80	16
------------------> data	rcam	both	1079.91	16
------------------> data	tcam	both	1079.69	16
------------------> data	tcam	both	1079.80	16
------------------> data	tcam	both	1079.91	16
------------------> data	rcam	both	1079.69	16
------------------> data	rcam	both	1079.80	16
------------------> data	rcam	both	1079.91	16
------------------> data	tcam	both	1079.69	16
------------------> data	tcam	both	1079.80	16
------------------> data	tcam	both	1079.91	16
------------------> data	rcam	both	1079.69	16
------------------> data	rcam	both	1079.80	16
------------------> data	rcam	both	1079.91	16
------------------> data	tcam	both	1079.69	16
------------------> data	tcam	both	1079.80	16
------------------> data	tcam	both	1079.91	16
------------------> data	rcam	both	1079.69	16
------------------> data	rcam	both	1079.80	16
------------------> data	rcam	both	1079.91	16
------------------> data	tcam	both	1079.69	16
------------------> data	tcam	both	1079.80	16
------------------> data	tcam	both	1079.91	16
 ------------ > scripts\setupCal.rcp
------------------> diffuser	in
------------------> cover	out
------------------> occ	out
------------------> shut	out
------------------> calib	in
 ------------ > scripts\1079_Pol_Calibrate.rcp
------------------> calret	0
------------------> calpol	0
 ------------------ > scripts\1079_01wave_2beam_16sums_1rep_BLUE.rcp
------------------------> data	rcam	blue	1079.80	16
------------------------> data	tcam	blue	1079.80	16
------------------> calpol	45
 ------------------ > scripts\1079_01wave_2beam_16sums_1rep_BLUE.rcp
------------------------> data	rcam	blue	1079.80	16
------------------------> data	tcam	blue	1079.80	16
------------------> calpol	90
 ------------------ > scripts\1079_01wave_2beam_16sums_1rep_BLUE.rcp
------------------------> data	rcam	blue	1079.80	16
------------------------> data	tcam	blue	1079.80	16
------------------> calpol	135
 ------------------ > scripts\1079_01wave_2beam_16sums_1rep_BLUE.rcp
------------------------> data	rcam	blue	1079.80	16
------------------------> data	tcam	blue	1079.80	16
------------------> calret	45
------------------> calpol	0
 ------------------ > scripts\1079_01wave_2beam_16sums_1rep_BLUE.rcp
------------------------> data	rcam	blue	1079.80	16
------------------------> data	tcam	blue	1079.80	16
------------------> calpol	45
 ------------------ > scripts\1079_01wave_2beam_16sums_1rep_BLUE.rcp
------------------------> data	rcam	blue	1079.80	16
------------------------> data	tcam	blue	1079.80	16
------------------> calpol	90
 ------------------ > scripts\1079_01wave_2beam_16sums_1rep_BLUE.rcp
------------------------> data	rcam	blue	1079.80	16
------------------------> data	tcam	blue	1079.80	16
------------------> calpol	135
 ------------------ > scripts\1079_01wave_2beam_16sums_1rep_BLUE.rcp
------------------------> data	rcam	blue	1079.80	16
------------------------> data	tcam	blue	1079.80	16
------------------> calib	out
 ------------------ > scripts\1079_01wave_2beam_16sums_1rep_BLUE.rcp
------------------------> data	rcam	blue	1079.80	16
------------------------> data	tcam	blue	1079.80	16
 ------------ > scripts\setupObserving.rcp
------------------> shut	in
------------------> cover	out
------------------> calib	out
------------------> occ	in
------------------> diffuser	out
------------------> shut	out
 ------------ > scripts\setupCover.rcp
------------------> cover	in
 ------------ > scripts\setupFlat.rcp
------------------> diffuser	in
------------------> cover	out
------------------> occ	out
------------------> shut	out
------------------> calib	out
 ------------ > scripts\1079_03wave_2beam_16sums_4rep_BOTH.rcp
------------------> data	rcam	both	1079.69	16
------------------> data	rcam	both	1079.80	16
------------------> data	rcam	both	1079.91	16
------------------> data	tcam	both	1079.69	16
------------------> data	tcam	both	1079.80	16
------------------> data	tcam	both	1079.91	16
------------------> data	rcam	both	1079.69	16
------------------> data	rcam	both	1079.80	16
------------------> data	rcam	both	1079.91	16
------------------> data	tcam	both	1079.69	16
------------------> data	tcam	both	1079.80	16
------------------> data	tcam	both	1079.91	16
------------------> data	rcam	both	1079.69	16
------------------> data	rcam	both	1079.80	16
------------------> data	rcam	both	1079.91	16
------------------> data	tcam	both	1079.69	16
------------------> data	tcam	both	1079.80	16
------------------> data	tcam	both	1079.91	16
------------------> data	rcam	both	1079.69	16
------------------> data	rcam	both	1079.80	16
------------------> data	rcam	both	1079.91	16
------------------> data	tcam	both	1079.69	16
------------------> data	tcam	both	1079.80	16
------------------> data	tcam	both	1079.91	16
