  > checkout.menu
 ------ > scripts/checkout.cbk
 ------------ > scripts/setupDark.rcp
------------------> shut	in
 ------------ > scripts/1074_FW.rcp
------------------> prefilterrange	1074
 ------------ > scripts/1079_FW.rcp
------------------> prefilterrange	1079
 ------------ > scripts/setupDark.rcp
------------------> shut	in
 ------------ > scripts/dark_01wave_1beam_16sums_10rep_BOTH.rcp
------------------> shut	in
------------------> data	rcam	both	656.28	16
------------------> data	rcam	both	656.28	16
------------------> data	rcam	both	656.28	16
------------------> data	rcam	both	656.28	16
------------------> data	rcam	both	656.28	16
------------------> data	rcam	both	656.28	16
------------------> data	rcam	both	656.28	16
------------------> data	rcam	both	656.28	16
------------------> data	rcam	both	656.28	16
------------------> data	rcam	both	656.28	16
 ------------ > scripts/setupFlat.rcp
------------------> diffuser	in
------------------> cover	out
------------------> occ	out
------------------> shut	out
------------------> calib	out
 ------------ > scripts/setupObserving.rcp
------------------> shut	in
------------------> cover	out
------------------> calib	out
------------------> occ	in
------------------> diffuser	out
------------------> shut	out
 ------------ > scripts/setupCal.rcp
------------------> diffuser	in
------------------> cover	out
------------------> occ	out
------------------> shut	out
------------------> calib	in
 ------------ > scripts/1079_Pol_Calibrate.rcp
------------------> calret	0
------------------> calpol	0
 ------------------ > scripts/1079_01wave_2beam_16sums_2rep_BLUE.rcp
------------------------> data	rcam	blue	1079.800	16
------------------------> data	tcam	blue	1079.800	16
------------------------> data	rcam	blue	1079.800	16
------------------------> data	tcam	blue	1079.800	16
------------------> calpol	45
 ------------------ > scripts/1079_01wave_2beam_16sums_2rep_BLUE.rcp
------------------------> data	rcam	blue	1079.800	16
------------------------> data	tcam	blue	1079.800	16
------------------------> data	rcam	blue	1079.800	16
------------------------> data	tcam	blue	1079.800	16
------------------> calpol	90
 ------------------ > scripts/1079_01wave_2beam_16sums_2rep_BLUE.rcp
------------------------> data	rcam	blue	1079.800	16
------------------------> data	tcam	blue	1079.800	16
------------------------> data	rcam	blue	1079.800	16
------------------------> data	tcam	blue	1079.800	16
------------------> calpol	135
 ------------------ > scripts/1079_01wave_2beam_16sums_2rep_BLUE.rcp
------------------------> data	rcam	blue	1079.800	16
------------------------> data	tcam	blue	1079.800	16
------------------------> data	rcam	blue	1079.800	16
------------------------> data	tcam	blue	1079.800	16
------------------> calret	45
------------------> calpol	0
 ------------------ > scripts/1079_01wave_2beam_16sums_2rep_BLUE.rcp
------------------------> data	rcam	blue	1079.800	16
------------------------> data	tcam	blue	1079.800	16
------------------------> data	rcam	blue	1079.800	16
------------------------> data	tcam	blue	1079.800	16
------------------> calpol	45
 ------------------ > scripts/1079_01wave_2beam_16sums_2rep_BLUE.rcp
------------------------> data	rcam	blue	1079.800	16
------------------------> data	tcam	blue	1079.800	16
------------------------> data	rcam	blue	1079.800	16
------------------------> data	tcam	blue	1079.800	16
------------------> calpol	90
 ------------------ > scripts/1079_01wave_2beam_16sums_2rep_BLUE.rcp
------------------------> data	rcam	blue	1079.800	16
------------------------> data	tcam	blue	1079.800	16
------------------------> data	rcam	blue	1079.800	16
------------------------> data	tcam	blue	1079.800	16
------------------> calpol	135
 ------------------ > scripts/1079_01wave_2beam_16sums_2rep_BLUE.rcp
------------------------> data	rcam	blue	1079.800	16
------------------------> data	tcam	blue	1079.800	16
------------------------> data	rcam	blue	1079.800	16
------------------------> data	tcam	blue	1079.800	16
------------------> calib	out
 ------------------ > scripts/1079_01wave_2beam_16sums_2rep_BLUE.rcp
------------------------> data	rcam	blue	1079.800	16
------------------------> data	tcam	blue	1079.800	16
------------------------> data	rcam	blue	1079.800	16
------------------------> data	tcam	blue	1079.800	16
 ------------ > scripts/setupObserving.rcp
------------------> shut	in
------------------> cover	out
------------------> calib	out
------------------> occ	in
------------------> diffuser	out
------------------> shut	out
 ------------ > scripts/setupCover.rcp
------------------> cover	in
 ------------ > scripts/setupFlat.rcp
------------------> diffuser	in
------------------> cover	out
------------------> occ	out
------------------> shut	out
------------------> calib	out
