  > flat.menu
 ------ > scripts\1074-multi-flats.cbk
 ------------ > scripts\setupFlat.rcp
------------------> diffuser	in
------------------> cover	out
------------------> occ	out
------------------> shut	out
------------------> calib	out
 ------------ > scripts\setupDark.rcp
------------------> shut	in
 ------------ > scripts\dark_01wave_1beam_16sums_10rep_BOTH.rcp
------------------> shut	in
------------------> data	rcam	both	656.28	16
------------------> data	rcam	both	656.28	16
------------------> data	rcam	both	656.28	16
------------------> data	rcam	both	656.28	16
------------------> data	rcam	both	656.28	16
------------------> data	rcam	both	656.28	16
------------------> data	rcam	both	656.28	16
------------------> data	rcam	both	656.28	16
------------------> data	rcam	both	656.28	16
------------------> data	rcam	both	656.28	16
 ------------ > scripts\setupFlat.rcp
------------------> diffuser	in
------------------> cover	out
------------------> occ	out
------------------> shut	out
------------------> calib	out
 ------------ > scripts\1074_FW.rcp
------------------> prefilterrange	1074
 ------------ > scripts\1074_03wave_2beam_16sums_4rep_BOTH.rcp
------------------> data	rcam	both	1074.59	16
------------------> data	rcam	both	1074.70	16
------------------> data	rcam	both	1074.81	16
------------------> data	tcam	both	1074.59	16
------------------> data	tcam	both	1074.70	16
------------------> data	tcam	both	1074.81	16
------------------> data	rcam	both	1074.59	16
------------------> data	rcam	both	1074.70	16
------------------> data	rcam	both	1074.81	16
------------------> data	tcam	both	1074.59	16
------------------> data	tcam	both	1074.70	16
------------------> data	tcam	both	1074.81	16
------------------> data	rcam	both	1074.59	16
------------------> data	rcam	both	1074.70	16
------------------> data	rcam	both	1074.81	16
------------------> data	tcam	both	1074.59	16
------------------> data	tcam	both	1074.70	16
------------------> data	tcam	both	1074.81	16
------------------> data	rcam	both	1074.59	16
------------------> data	rcam	both	1074.70	16
------------------> data	rcam	both	1074.81	16
------------------> data	tcam	both	1074.59	16
------------------> data	tcam	both	1074.70	16
------------------> data	tcam	both	1074.81	16
 ------------ > scripts\1074_03wave_2beam_16sums_4rep_BOTH.rcp
------------------> data	rcam	both	1074.59	16
------------------> data	rcam	both	1074.70	16
------------------> data	rcam	both	1074.81	16
------------------> data	tcam	both	1074.59	16
------------------> data	tcam	both	1074.70	16
------------------> data	tcam	both	1074.81	16
------------------> data	rcam	both	1074.59	16
------------------> data	rcam	both	1074.70	16
------------------> data	rcam	both	1074.81	16
------------------> data	tcam	both	1074.59	16
------------------> data	tcam	both	1074.70	16
------------------> data	tcam	both	1074.81	16
------------------> data	rcam	both	1074.59	16
------------------> data	rcam	both	1074.70	16
------------------> data	rcam	both	1074.81	16
------------------> data	tcam	both	1074.59	16
------------------> data	tcam	both	1074.70	16
------------------> data	tcam	both	1074.81	16
------------------> data	rcam	both	1074.59	16
------------------> data	rcam	both	1074.70	16
------------------> data	rcam	both	1074.81	16
------------------> data	tcam	both	1074.59	16
------------------> data	tcam	both	1074.70	16
------------------> data	tcam	both	1074.81	16
 ------------ > scripts\1074_03wave_2beam_16sums_4rep_BOTH.rcp
------------------> data	rcam	both	1074.59	16
------------------> data	rcam	both	1074.70	16
------------------> data	rcam	both	1074.81	16
------------------> data	tcam	both	1074.59	16
------------------> data	tcam	both	1074.70	16
------------------> data	tcam	both	1074.81	16
------------------> data	rcam	both	1074.59	16
------------------> data	rcam	both	1074.70	16
------------------> data	rcam	both	1074.81	16
------------------> data	tcam	both	1074.59	16
------------------> data	tcam	both	1074.70	16
------------------> data	tcam	both	1074.81	16
------------------> data	rcam	both	1074.59	16
------------------> data	rcam	both	1074.70	16
------------------> data	rcam	both	1074.81	16
------------------> data	tcam	both	1074.59	16
------------------> data	tcam	both	1074.70	16
------------------> data	tcam	both	1074.81	16
------------------> data	rcam	both	1074.59	16
------------------> data	rcam	both	1074.70	16
------------------> data	rcam	both	1074.81	16
------------------> data	tcam	both	1074.59	16
------------------> data	tcam	both	1074.70	16
------------------> data	tcam	both	1074.81	16
 ------------ > scripts\1074_03wave_2beam_16sums_4rep_BOTH.rcp
------------------> data	rcam	both	1074.59	16
------------------> data	rcam	both	1074.70	16
------------------> data	rcam	both	1074.81	16
------------------> data	tcam	both	1074.59	16
------------------> data	tcam	both	1074.70	16
------------------> data	tcam	both	1074.81	16
------------------> data	rcam	both	1074.59	16
------------------> data	rcam	both	1074.70	16
------------------> data	rcam	both	1074.81	16
------------------> data	tcam	both	1074.59	16
------------------> data	tcam	both	1074.70	16
------------------> data	tcam	both	1074.81	16
------------------> data	rcam	both	1074.59	16
------------------> data	rcam	both	1074.70	16
------------------> data	rcam	both	1074.81	16
------------------> data	tcam	both	1074.59	16
------------------> data	tcam	both	1074.70	16
------------------> data	tcam	both	1074.81	16
------------------> data	rcam	both	1074.59	16
------------------> data	rcam	both	1074.70	16
------------------> data	rcam	both	1074.81	16
------------------> data	tcam	both	1074.59	16
------------------> data	tcam	both	1074.70	16
------------------> data	tcam	both	1074.81	16
 ------------ > scripts\1074_03wave_2beam_16sums_4rep_BOTH.rcp
------------------> data	rcam	both	1074.59	16
------------------> data	rcam	both	1074.70	16
------------------> data	rcam	both	1074.81	16
------------------> data	tcam	both	1074.59	16
------------------> data	tcam	both	1074.70	16
------------------> data	tcam	both	1074.81	16
------------------> data	rcam	both	1074.59	16
------------------> data	rcam	both	1074.70	16
------------------> data	rcam	both	1074.81	16
------------------> data	tcam	both	1074.59	16
------------------> data	tcam	both	1074.70	16
------------------> data	tcam	both	1074.81	16
------------------> data	rcam	both	1074.59	16
------------------> data	rcam	both	1074.70	16
------------------> data	rcam	both	1074.81	16
------------------> data	tcam	both	1074.59	16
------------------> data	tcam	both	1074.70	16
------------------> data	tcam	both	1074.81	16
------------------> data	rcam	both	1074.59	16
------------------> data	rcam	both	1074.70	16
------------------> data	rcam	both	1074.81	16
------------------> data	tcam	both	1074.59	16
------------------> data	tcam	both	1074.70	16
------------------> data	tcam	both	1074.81	16
 ------------ > scripts\1074_03wave_2beam_16sums_4rep_BOTH.rcp
------------------> data	rcam	both	1074.59	16
------------------> data	rcam	both	1074.70	16
------------------> data	rcam	both	1074.81	16
------------------> data	tcam	both	1074.59	16
------------------> data	tcam	both	1074.70	16
------------------> data	tcam	both	1074.81	16
------------------> data	rcam	both	1074.59	16
------------------> data	rcam	both	1074.70	16
------------------> data	rcam	both	1074.81	16
------------------> data	tcam	both	1074.59	16
------------------> data	tcam	both	1074.70	16
------------------> data	tcam	both	1074.81	16
------------------> data	rcam	both	1074.59	16
------------------> data	rcam	both	1074.70	16
------------------> data	rcam	both	1074.81	16
------------------> data	tcam	both	1074.59	16
------------------> data	tcam	both	1074.70	16
------------------> data	tcam	both	1074.81	16
------------------> data	rcam	both	1074.59	16
------------------> data	rcam	both	1074.70	16
------------------> data	rcam	both	1074.81	16
------------------> data	tcam	both	1074.59	16
------------------> data	tcam	both	1074.70	16
------------------> data	tcam	both	1074.81	16
 ------------ > scripts\1074_03wave_2beam_16sums_4rep_BOTH.rcp
------------------> data	rcam	both	1074.59	16
------------------> data	rcam	both	1074.70	16
------------------> data	rcam	both	1074.81	16
------------------> data	tcam	both	1074.59	16
------------------> data	tcam	both	1074.70	16
------------------> data	tcam	both	1074.81	16
------------------> data	rcam	both	1074.59	16
------------------> data	rcam	both	1074.70	16
------------------> data	rcam	both	1074.81	16
------------------> data	tcam	both	1074.59	16
------------------> data	tcam	both	1074.70	16
------------------> data	tcam	both	1074.81	16
------------------> data	rcam	both	1074.59	16
------------------> data	rcam	both	1074.70	16
------------------> data	rcam	both	1074.81	16
------------------> data	tcam	both	1074.59	16
------------------> data	tcam	both	1074.70	16
------------------> data	tcam	both	1074.81	16
------------------> data	rcam	both	1074.59	16
------------------> data	rcam	both	1074.70	16
------------------> data	rcam	both	1074.81	16
------------------> data	tcam	both	1074.59	16
------------------> data	tcam	both	1074.70	16
------------------> data	tcam	both	1074.81	16
 ------------ > scripts\1074_03wave_2beam_16sums_4rep_BOTH.rcp
------------------> data	rcam	both	1074.59	16
------------------> data	rcam	both	1074.70	16
------------------> data	rcam	both	1074.81	16
------------------> data	tcam	both	1074.59	16
------------------> data	tcam	both	1074.70	16
------------------> data	tcam	both	1074.81	16
------------------> data	rcam	both	1074.59	16
------------------> data	rcam	both	1074.70	16
------------------> data	rcam	both	1074.81	16
------------------> data	tcam	both	1074.59	16
------------------> data	tcam	both	1074.70	16
------------------> data	tcam	both	1074.81	16
------------------> data	rcam	both	1074.59	16
------------------> data	rcam	both	1074.70	16
------------------> data	rcam	both	1074.81	16
------------------> data	tcam	both	1074.59	16
------------------> data	tcam	both	1074.70	16
------------------> data	tcam	both	1074.81	16
------------------> data	rcam	both	1074.59	16
------------------> data	rcam	both	1074.70	16
------------------> data	rcam	both	1074.81	16
------------------> data	tcam	both	1074.59	16
------------------> data	tcam	both	1074.70	16
------------------> data	tcam	both	1074.81	16
 ------------ > scripts\1074_03wave_2beam_16sums_4rep_BOTH.rcp
------------------> data	rcam	both	1074.59	16
------------------> data	rcam	both	1074.70	16
------------------> data	rcam	both	1074.81	16
------------------> data	tcam	both	1074.59	16
------------------> data	tcam	both	1074.70	16
------------------> data	tcam	both	1074.81	16
------------------> data	rcam	both	1074.59	16
------------------> data	rcam	both	1074.70	16
------------------> data	rcam	both	1074.81	16
------------------> data	tcam	both	1074.59	16
------------------> data	tcam	both	1074.70	16
------------------> data	tcam	both	1074.81	16
------------------> data	rcam	both	1074.59	16
------------------> data	rcam	both	1074.70	16
------------------> data	rcam	both	1074.81	16
------------------> data	tcam	both	1074.59	16
------------------> data	tcam	both	1074.70	16
------------------> data	tcam	both	1074.81	16
------------------> data	rcam	both	1074.59	16
------------------> data	rcam	both	1074.70	16
------------------> data	rcam	both	1074.81	16
------------------> data	tcam	both	1074.59	16
------------------> data	tcam	both	1074.70	16
------------------> data	tcam	both	1074.81	16
 ------------ > scripts\1074_03wave_2beam_16sums_4rep_BOTH.rcp
------------------> data	rcam	both	1074.59	16
------------------> data	rcam	both	1074.70	16
------------------> data	rcam	both	1074.81	16
------------------> data	tcam	both	1074.59	16
------------------> data	tcam	both	1074.70	16
------------------> data	tcam	both	1074.81	16
------------------> data	rcam	both	1074.59	16
------------------> data	rcam	both	1074.70	16
------------------> data	rcam	both	1074.81	16
------------------> data	tcam	both	1074.59	16
------------------> data	tcam	both	1074.70	16
------------------> data	tcam	both	1074.81	16
------------------> data	rcam	both	1074.59	16
------------------> data	rcam	both	1074.70	16
------------------> data	rcam	both	1074.81	16
------------------> data	tcam	both	1074.59	16
------------------> data	tcam	both	1074.70	16
------------------> data	tcam	both	1074.81	16
------------------> data	rcam	both	1074.59	16
------------------> data	rcam	both	1074.70	16
------------------> data	rcam	both	1074.81	16
------------------> data	tcam	both	1074.59	16
------------------> data	tcam	both	1074.70	16
------------------> data	tcam	both	1074.81	16
 ------------ > scripts\setupDark.rcp
------------------> shut	in
