  > marc-eng.menu
 ------ > scripts\marc-eng.cbk
 ------------ > scripts\991_FW.rcp
------------------> prefilterrange	991
 ------------ > scripts\setupDark.rcp
------------------> shut	in
 ------------ > scripts\dark_01wave_1beam_16sums_16rep_BOTH.rcp
------------------> data	rcam	both	656.28	16
------------------> data	rcam	both	656.28	16
------------------> data	rcam	both	656.28	16
------------------> data	rcam	both	656.28	16
------------------> data	rcam	both	656.28	16
------------------> data	rcam	both	656.28	16
------------------> data	rcam	both	656.28	16
------------------> data	rcam	both	656.28	16
------------------> data	rcam	both	656.28	16
------------------> data	rcam	both	656.28	16
------------------> data	rcam	both	656.28	16
------------------> data	rcam	both	656.28	16
------------------> data	rcam	both	656.28	16
------------------> data	rcam	both	656.28	16
------------------> data	rcam	both	656.28	16
------------------> data	rcam	both	656.28	16
------------------> data	rcam	both	656.28	16
------------------> data	rcam	both	656.28	16
------------------> data	rcam	both	656.28	16
------------------> data	rcam	both	656.28	16
------------------> data	rcam	both	656.28	16
------------------> data	rcam	both	656.28	16
------------------> data	rcam	both	656.28	16
------------------> data	rcam	both	656.28	16
------------------> data	rcam	both	656.28	16
------------------> data	rcam	both	656.28	16
------------------> data	rcam	both	656.28	16
------------------> data	rcam	both	656.28	16
------------------> data	rcam	both	656.28	16
------------------> data	rcam	both	656.28	16
------------------> data	rcam	both	656.28	16
------------------> data	rcam	both	656.28	16
 ------------ > scripts\setupFlat.rcp
------------------> diffuser	in
------------------> cover	out
------------------> occ	out
------------------> shut	out
------------------> calib	out
 ------------ > scripts\991_05wave_0.05step_2beam_16sums_4reps_BOTH.rcp
------------------> data	rcam	both	991.160	16
------------------> data	rcam	both	991.210	16
------------------> data	rcam	both	991.260	16
------------------> data	rcam	both	991.310	16
------------------> data	rcam	both	991.360	16
------------------> data	tcam	both	991.160	16
------------------> data	tcam	both	991.210	16
------------------> data	tcam	both	991.260	16
------------------> data	tcam	both	991.310	16
------------------> data	tcam	both	991.360	16
------------------> data	rcam	both	991.160	16
------------------> data	rcam	both	991.210	16
------------------> data	rcam	both	991.260	16
------------------> data	rcam	both	991.310	16
------------------> data	rcam	both	991.360	16
------------------> data	tcam	both	991.160	16
------------------> data	tcam	both	991.210	16
------------------> data	tcam	both	991.260	16
------------------> data	tcam	both	991.310	16
------------------> data	tcam	both	991.360	16
------------------> data	rcam	both	991.160	16
------------------> data	rcam	both	991.210	16
------------------> data	rcam	both	991.260	16
------------------> data	rcam	both	991.310	16
------------------> data	rcam	both	991.360	16
------------------> data	tcam	both	991.160	16
------------------> data	tcam	both	991.210	16
------------------> data	tcam	both	991.260	16
------------------> data	tcam	both	991.310	16
------------------> data	tcam	both	991.360	16
------------------> data	rcam	both	991.160	16
------------------> data	rcam	both	991.210	16
------------------> data	rcam	both	991.260	16
------------------> data	rcam	both	991.310	16
------------------> data	rcam	both	991.360	16
------------------> data	tcam	both	991.160	16
------------------> data	tcam	both	991.210	16
------------------> data	tcam	both	991.260	16
------------------> data	tcam	both	991.310	16
------------------> data	tcam	both	991.360	16
 ------------ > scripts\setupObserving.rcp
------------------> shut	in
------------------> cover	out
------------------> calib	out
------------------> occ	in
------------------> diffuser	out
------------------> shut	out
 ------------ > scripts\991_05wave_0.05step_2beam_16sums_4reps_BOTH.rcp
------------------> data	rcam	both	991.160	16
------------------> data	rcam	both	991.210	16
------------------> data	rcam	both	991.260	16
------------------> data	rcam	both	991.310	16
------------------> data	rcam	both	991.360	16
------------------> data	tcam	both	991.160	16
------------------> data	tcam	both	991.210	16
------------------> data	tcam	both	991.260	16
------------------> data	tcam	both	991.310	16
------------------> data	tcam	both	991.360	16
------------------> data	rcam	both	991.160	16
------------------> data	rcam	both	991.210	16
------------------> data	rcam	both	991.260	16
------------------> data	rcam	both	991.310	16
------------------> data	rcam	both	991.360	16
------------------> data	tcam	both	991.160	16
------------------> data	tcam	both	991.210	16
------------------> data	tcam	both	991.260	16
------------------> data	tcam	both	991.310	16
------------------> data	tcam	both	991.360	16
------------------> data	rcam	both	991.160	16
------------------> data	rcam	both	991.210	16
------------------> data	rcam	both	991.260	16
------------------> data	rcam	both	991.310	16
------------------> data	rcam	both	991.360	16
------------------> data	tcam	both	991.160	16
------------------> data	tcam	both	991.210	16
------------------> data	tcam	both	991.260	16
------------------> data	tcam	both	991.310	16
------------------> data	tcam	both	991.360	16
------------------> data	rcam	both	991.160	16
------------------> data	rcam	both	991.210	16
------------------> data	rcam	both	991.260	16
------------------> data	rcam	both	991.310	16
------------------> data	rcam	both	991.360	16
------------------> data	tcam	both	991.160	16
------------------> data	tcam	both	991.210	16
------------------> data	tcam	both	991.260	16
------------------> data	tcam	both	991.310	16
------------------> data	tcam	both	991.360	16
 ------------ > scripts\991_05wave_0.05step_2beam_16sums_4reps_BOTH.rcp
------------------> data	rcam	both	991.160	16
------------------> data	rcam	both	991.210	16
------------------> data	rcam	both	991.260	16
------------------> data	rcam	both	991.310	16
------------------> data	rcam	both	991.360	16
------------------> data	tcam	both	991.160	16
------------------> data	tcam	both	991.210	16
------------------> data	tcam	both	991.260	16
------------------> data	tcam	both	991.310	16
------------------> data	tcam	both	991.360	16
------------------> data	rcam	both	991.160	16
------------------> data	rcam	both	991.210	16
------------------> data	rcam	both	991.260	16
------------------> data	rcam	both	991.310	16
------------------> data	rcam	both	991.360	16
------------------> data	tcam	both	991.160	16
------------------> data	tcam	both	991.210	16
------------------> data	tcam	both	991.260	16
------------------> data	tcam	both	991.310	16
------------------> data	tcam	both	991.360	16
------------------> data	rcam	both	991.160	16
------------------> data	rcam	both	991.210	16
------------------> data	rcam	both	991.260	16
------------------> data	rcam	both	991.310	16
------------------> data	rcam	both	991.360	16
------------------> data	tcam	both	991.160	16
------------------> data	tcam	both	991.210	16
------------------> data	tcam	both	991.260	16
------------------> data	tcam	both	991.310	16
------------------> data	tcam	both	991.360	16
------------------> data	rcam	both	991.160	16
------------------> data	rcam	both	991.210	16
------------------> data	rcam	both	991.260	16
------------------> data	rcam	both	991.310	16
------------------> data	rcam	both	991.360	16
------------------> data	tcam	both	991.160	16
------------------> data	tcam	both	991.210	16
------------------> data	tcam	both	991.260	16
------------------> data	tcam	both	991.310	16
------------------> data	tcam	both	991.360	16
 ------------ > scripts\991_05wave_0.05step_2beam_16sums_4reps_BOTH.rcp
------------------> data	rcam	both	991.160	16
------------------> data	rcam	both	991.210	16
------------------> data	rcam	both	991.260	16
------------------> data	rcam	both	991.310	16
------------------> data	rcam	both	991.360	16
------------------> data	tcam	both	991.160	16
------------------> data	tcam	both	991.210	16
------------------> data	tcam	both	991.260	16
------------------> data	tcam	both	991.310	16
------------------> data	tcam	both	991.360	16
------------------> data	rcam	both	991.160	16
------------------> data	rcam	both	991.210	16
------------------> data	rcam	both	991.260	16
------------------> data	rcam	both	991.310	16
------------------> data	rcam	both	991.360	16
------------------> data	tcam	both	991.160	16
------------------> data	tcam	both	991.210	16
------------------> data	tcam	both	991.260	16
------------------> data	tcam	both	991.310	16
------------------> data	tcam	both	991.360	16
------------------> data	rcam	both	991.160	16
------------------> data	rcam	both	991.210	16
------------------> data	rcam	both	991.260	16
------------------> data	rcam	both	991.310	16
------------------> data	rcam	both	991.360	16
------------------> data	tcam	both	991.160	16
------------------> data	tcam	both	991.210	16
------------------> data	tcam	both	991.260	16
------------------> data	tcam	both	991.310	16
------------------> data	tcam	both	991.360	16
------------------> data	rcam	both	991.160	16
------------------> data	rcam	both	991.210	16
------------------> data	rcam	both	991.260	16
------------------> data	rcam	both	991.310	16
------------------> data	rcam	both	991.360	16
------------------> data	tcam	both	991.160	16
------------------> data	tcam	both	991.210	16
------------------> data	tcam	both	991.260	16
------------------> data	tcam	both	991.310	16
------------------> data	tcam	both	991.360	16
 ------------ > scripts\991_05wave_0.05step_2beam_16sums_4reps_BOTH.rcp
------------------> data	rcam	both	991.160	16
------------------> data	rcam	both	991.210	16
------------------> data	rcam	both	991.260	16
------------------> data	rcam	both	991.310	16
------------------> data	rcam	both	991.360	16
------------------> data	tcam	both	991.160	16
------------------> data	tcam	both	991.210	16
------------------> data	tcam	both	991.260	16
------------------> data	tcam	both	991.310	16
------------------> data	tcam	both	991.360	16
------------------> data	rcam	both	991.160	16
------------------> data	rcam	both	991.210	16
------------------> data	rcam	both	991.260	16
------------------> data	rcam	both	991.310	16
------------------> data	rcam	both	991.360	16
------------------> data	tcam	both	991.160	16
------------------> data	tcam	both	991.210	16
------------------> data	tcam	both	991.260	16
------------------> data	tcam	both	991.310	16
------------------> data	tcam	both	991.360	16
------------------> data	rcam	both	991.160	16
------------------> data	rcam	both	991.210	16
------------------> data	rcam	both	991.260	16
------------------> data	rcam	both	991.310	16
------------------> data	rcam	both	991.360	16
------------------> data	tcam	both	991.160	16
------------------> data	tcam	both	991.210	16
------------------> data	tcam	both	991.260	16
------------------> data	tcam	both	991.310	16
------------------> data	tcam	both	991.360	16
------------------> data	rcam	both	991.160	16
------------------> data	rcam	both	991.210	16
------------------> data	rcam	both	991.260	16
------------------> data	rcam	both	991.310	16
------------------> data	rcam	both	991.360	16
------------------> data	tcam	both	991.160	16
------------------> data	tcam	both	991.210	16
------------------> data	tcam	both	991.260	16
------------------> data	tcam	both	991.310	16
------------------> data	tcam	both	991.360	16
 ------ > scripts\waves_1074_1hour.cbk
 ------------ > scripts\1074_FW.rcp
------------------> prefilterrange	1074
 ------------ > scripts\setupDark.rcp
------------------> shut	in
 ------------ > scripts\dark_01wave_1beam_14sums_10rep_BOTH.rcp
------------------> shut	in
------------------> data	rcam	both	656.28	14
------------------> data	rcam	both	656.28	14
------------------> data	rcam	both	656.28	14
------------------> data	rcam	both	656.28	14
------------------> data	rcam	both	656.28	14
------------------> data	rcam	both	656.28	14
------------------> data	rcam	both	656.28	14
------------------> data	rcam	both	656.28	14
------------------> data	rcam	both	656.28	14
------------------> data	rcam	both	656.28	14
 ------------ > scripts\setupFlat.rcp
------------------> diffuser	in
------------------> cover	out
------------------> occ	out
------------------> shut	out
------------------> calib	out
 ------------ > scripts\1074_03wave_2beam_16sums_1_rep_BOTH.rcp
------------------> data	rcam	both	1074.59	12
------------------> data	rcam	both	1074.81	12
------------------> data	rcam	both	1074.70	12
------------------> data	tcam	both	1074.59	12
------------------> data	tcam	both	1074.81	12
------------------> data	tcam	both	1074.70	12
 ------------ > scripts\setupObserving.rcp
------------------> shut	in
------------------> cover	out
------------------> calib	out
------------------> occ	in
------------------> diffuser	out
------------------> shut	out
 ------------ > scripts\1074_03wave_2beam_14sums_1_rep_BOTH.rcp
------------------> data	rcam	both	1074.59	14
------------------> data	rcam	both	1074.81	14
------------------> data	rcam	both	1074.70	14
------------------> data	tcam	both	1074.59	14
------------------> data	tcam	both	1074.81	14
------------------> data	tcam	both	1074.70	14
 ------------ > scripts\1074_03wave_2beam_14sums_1_rep_BOTH.rcp
------------------> data	rcam	both	1074.59	14
------------------> data	rcam	both	1074.81	14
------------------> data	rcam	both	1074.70	14
------------------> data	tcam	both	1074.59	14
------------------> data	tcam	both	1074.81	14
------------------> data	tcam	both	1074.70	14
 ------------ > scripts\1074_03wave_2beam_14sums_1_rep_BOTH.rcp
------------------> data	rcam	both	1074.59	14
------------------> data	rcam	both	1074.81	14
------------------> data	rcam	both	1074.70	14
------------------> data	tcam	both	1074.59	14
------------------> data	tcam	both	1074.81	14
------------------> data	tcam	both	1074.70	14
 ------------ > scripts\1074_03wave_2beam_14sums_1_rep_BOTH.rcp
------------------> data	rcam	both	1074.59	14
------------------> data	rcam	both	1074.81	14
------------------> data	rcam	both	1074.70	14
------------------> data	tcam	both	1074.59	14
------------------> data	tcam	both	1074.81	14
------------------> data	tcam	both	1074.70	14
 ------------ > scripts\1074_03wave_2beam_14sums_1_rep_BOTH.rcp
------------------> data	rcam	both	1074.59	14
------------------> data	rcam	both	1074.81	14
------------------> data	rcam	both	1074.70	14
------------------> data	tcam	both	1074.59	14
------------------> data	tcam	both	1074.81	14
------------------> data	tcam	both	1074.70	14
 ------------ > scripts\1074_03wave_2beam_14sums_1_rep_BOTH.rcp
------------------> data	rcam	both	1074.59	14
------------------> data	rcam	both	1074.81	14
------------------> data	rcam	both	1074.70	14
------------------> data	tcam	both	1074.59	14
------------------> data	tcam	both	1074.81	14
------------------> data	tcam	both	1074.70	14
 ------------ > scripts\1074_03wave_2beam_14sums_1_rep_BOTH.rcp
------------------> data	rcam	both	1074.59	14
------------------> data	rcam	both	1074.81	14
------------------> data	rcam	both	1074.70	14
------------------> data	tcam	both	1074.59	14
------------------> data	tcam	both	1074.81	14
------------------> data	tcam	both	1074.70	14
 ------------ > scripts\1074_03wave_2beam_14sums_1_rep_BOTH.rcp
------------------> data	rcam	both	1074.59	14
------------------> data	rcam	both	1074.81	14
------------------> data	rcam	both	1074.70	14
------------------> data	tcam	both	1074.59	14
------------------> data	tcam	both	1074.81	14
------------------> data	tcam	both	1074.70	14
 ------------ > scripts\1074_03wave_2beam_14sums_1_rep_BOTH.rcp
------------------> data	rcam	both	1074.59	14
------------------> data	rcam	both	1074.81	14
------------------> data	rcam	both	1074.70	14
------------------> data	tcam	both	1074.59	14
------------------> data	tcam	both	1074.81	14
------------------> data	tcam	both	1074.70	14
 ------------ > scripts\1074_03wave_2beam_14sums_1_rep_BOTH.rcp
------------------> data	rcam	both	1074.59	14
------------------> data	rcam	both	1074.81	14
------------------> data	rcam	both	1074.70	14
------------------> data	tcam	both	1074.59	14
------------------> data	tcam	both	1074.81	14
------------------> data	tcam	both	1074.70	14
 ------------ > scripts\1074_03wave_2beam_14sums_1_rep_BOTH.rcp
------------------> data	rcam	both	1074.59	14
------------------> data	rcam	both	1074.81	14
------------------> data	rcam	both	1074.70	14
------------------> data	tcam	both	1074.59	14
------------------> data	tcam	both	1074.81	14
------------------> data	tcam	both	1074.70	14
 ------------ > scripts\1074_03wave_2beam_14sums_1_rep_BOTH.rcp
------------------> data	rcam	both	1074.59	14
------------------> data	rcam	both	1074.81	14
------------------> data	rcam	both	1074.70	14
------------------> data	tcam	both	1074.59	14
------------------> data	tcam	both	1074.81	14
------------------> data	tcam	both	1074.70	14
 ------------ > scripts\1074_03wave_2beam_14sums_1_rep_BOTH.rcp
------------------> data	rcam	both	1074.59	14
------------------> data	rcam	both	1074.81	14
------------------> data	rcam	both	1074.70	14
------------------> data	tcam	both	1074.59	14
------------------> data	tcam	both	1074.81	14
------------------> data	tcam	both	1074.70	14
 ------------ > scripts\1074_03wave_2beam_14sums_1_rep_BOTH.rcp
------------------> data	rcam	both	1074.59	14
------------------> data	rcam	both	1074.81	14
------------------> data	rcam	both	1074.70	14
------------------> data	tcam	both	1074.59	14
------------------> data	tcam	both	1074.81	14
------------------> data	tcam	both	1074.70	14
 ------------ > scripts\1074_03wave_2beam_14sums_1_rep_BOTH.rcp
------------------> data	rcam	both	1074.59	14
------------------> data	rcam	both	1074.81	14
------------------> data	rcam	both	1074.70	14
------------------> data	tcam	both	1074.59	14
------------------> data	tcam	both	1074.81	14
------------------> data	tcam	both	1074.70	14
 ------------ > scripts\1074_03wave_2beam_14sums_1_rep_BOTH.rcp
------------------> data	rcam	both	1074.59	14
------------------> data	rcam	both	1074.81	14
------------------> data	rcam	both	1074.70	14
------------------> data	tcam	both	1074.59	14
------------------> data	tcam	both	1074.81	14
------------------> data	tcam	both	1074.70	14
 ------------ > scripts\1074_03wave_2beam_14sums_1_rep_BOTH.rcp
------------------> data	rcam	both	1074.59	14
------------------> data	rcam	both	1074.81	14
------------------> data	rcam	both	1074.70	14
------------------> data	tcam	both	1074.59	14
------------------> data	tcam	both	1074.81	14
------------------> data	tcam	both	1074.70	14
 ------------ > scripts\1074_03wave_2beam_14sums_1_rep_BOTH.rcp
------------------> data	rcam	both	1074.59	14
------------------> data	rcam	both	1074.81	14
------------------> data	rcam	both	1074.70	14
------------------> data	tcam	both	1074.59	14
------------------> data	tcam	both	1074.81	14
------------------> data	tcam	both	1074.70	14
 ------------ > scripts\1074_03wave_2beam_14sums_1_rep_BOTH.rcp
------------------> data	rcam	both	1074.59	14
------------------> data	rcam	both	1074.81	14
------------------> data	rcam	both	1074.70	14
------------------> data	tcam	both	1074.59	14
------------------> data	tcam	both	1074.81	14
------------------> data	tcam	both	1074.70	14
 ------------ > scripts\1074_03wave_2beam_14sums_1_rep_BOTH.rcp
------------------> data	rcam	both	1074.59	14
------------------> data	rcam	both	1074.81	14
------------------> data	rcam	both	1074.70	14
------------------> data	tcam	both	1074.59	14
------------------> data	tcam	both	1074.81	14
------------------> data	tcam	both	1074.70	14
 ------------ > scripts\1074_03wave_2beam_14sums_1_rep_BOTH.rcp
------------------> data	rcam	both	1074.59	14
------------------> data	rcam	both	1074.81	14
------------------> data	rcam	both	1074.70	14
------------------> data	tcam	both	1074.59	14
------------------> data	tcam	both	1074.81	14
------------------> data	tcam	both	1074.70	14
 ------------ > scripts\1074_03wave_2beam_14sums_1_rep_BOTH.rcp
------------------> data	rcam	both	1074.59	14
------------------> data	rcam	both	1074.81	14
------------------> data	rcam	both	1074.70	14
------------------> data	tcam	both	1074.59	14
------------------> data	tcam	both	1074.81	14
------------------> data	tcam	both	1074.70	14
 ------------ > scripts\1074_03wave_2beam_14sums_1_rep_BOTH.rcp
------------------> data	rcam	both	1074.59	14
------------------> data	rcam	both	1074.81	14
------------------> data	rcam	both	1074.70	14
------------------> data	tcam	both	1074.59	14
------------------> data	tcam	both	1074.81	14
------------------> data	tcam	both	1074.70	14
 ------------ > scripts\1074_03wave_2beam_14sums_1_rep_BOTH.rcp
------------------> data	rcam	both	1074.59	14
------------------> data	rcam	both	1074.81	14
------------------> data	rcam	both	1074.70	14
------------------> data	tcam	both	1074.59	14
------------------> data	tcam	both	1074.81	14
------------------> data	tcam	both	1074.70	14
 ------------ > scripts\1074_03wave_2beam_14sums_1_rep_BOTH.rcp
------------------> data	rcam	both	1074.59	14
------------------> data	rcam	both	1074.81	14
------------------> data	rcam	both	1074.70	14
------------------> data	tcam	both	1074.59	14
------------------> data	tcam	both	1074.81	14
------------------> data	tcam	both	1074.70	14
 ------------ > scripts\1074_03wave_2beam_14sums_1_rep_BOTH.rcp
------------------> data	rcam	both	1074.59	14
------------------> data	rcam	both	1074.81	14
------------------> data	rcam	both	1074.70	14
------------------> data	tcam	both	1074.59	14
------------------> data	tcam	both	1074.81	14
------------------> data	tcam	both	1074.70	14
 ------------ > scripts\1074_03wave_2beam_14sums_1_rep_BOTH.rcp
------------------> data	rcam	both	1074.59	14
------------------> data	rcam	both	1074.81	14
------------------> data	rcam	both	1074.70	14
------------------> data	tcam	both	1074.59	14
------------------> data	tcam	both	1074.81	14
------------------> data	tcam	both	1074.70	14
 ------------ > scripts\1074_03wave_2beam_14sums_1_rep_BOTH.rcp
------------------> data	rcam	both	1074.59	14
------------------> data	rcam	both	1074.81	14
------------------> data	rcam	both	1074.70	14
------------------> data	tcam	both	1074.59	14
------------------> data	tcam	both	1074.81	14
------------------> data	tcam	both	1074.70	14
 ------------ > scripts\1074_03wave_2beam_14sums_1_rep_BOTH.rcp
------------------> data	rcam	both	1074.59	14
------------------> data	rcam	both	1074.81	14
------------------> data	rcam	both	1074.70	14
------------------> data	tcam	both	1074.59	14
------------------> data	tcam	both	1074.81	14
------------------> data	tcam	both	1074.70	14
 ------------ > scripts\1074_03wave_2beam_14sums_1_rep_BOTH.rcp
------------------> data	rcam	both	1074.59	14
------------------> data	rcam	both	1074.81	14
------------------> data	rcam	both	1074.70	14
------------------> data	tcam	both	1074.59	14
------------------> data	tcam	both	1074.81	14
------------------> data	tcam	both	1074.70	14
 ------------ > scripts\1074_03wave_2beam_14sums_1_rep_BOTH.rcp
------------------> data	rcam	both	1074.59	14
------------------> data	rcam	both	1074.81	14
------------------> data	rcam	both	1074.70	14
------------------> data	tcam	both	1074.59	14
------------------> data	tcam	both	1074.81	14
------------------> data	tcam	both	1074.70	14
 ------------ > scripts\1074_03wave_2beam_14sums_1_rep_BOTH.rcp
------------------> data	rcam	both	1074.59	14
------------------> data	rcam	both	1074.81	14
------------------> data	rcam	both	1074.70	14
------------------> data	tcam	both	1074.59	14
------------------> data	tcam	both	1074.81	14
------------------> data	tcam	both	1074.70	14
 ------------ > scripts\1074_03wave_2beam_14sums_1_rep_BOTH.rcp
------------------> data	rcam	both	1074.59	14
------------------> data	rcam	both	1074.81	14
------------------> data	rcam	both	1074.70	14
------------------> data	tcam	both	1074.59	14
------------------> data	tcam	both	1074.81	14
------------------> data	tcam	both	1074.70	14
 ------------ > scripts\1074_03wave_2beam_14sums_1_rep_BOTH.rcp
------------------> data	rcam	both	1074.59	14
------------------> data	rcam	both	1074.81	14
------------------> data	rcam	both	1074.70	14
------------------> data	tcam	both	1074.59	14
------------------> data	tcam	both	1074.81	14
------------------> data	tcam	both	1074.70	14
 ------------ > scripts\1074_03wave_2beam_14sums_1_rep_BOTH.rcp
------------------> data	rcam	both	1074.59	14
------------------> data	rcam	both	1074.81	14
------------------> data	rcam	both	1074.70	14
------------------> data	tcam	both	1074.59	14
------------------> data	tcam	both	1074.81	14
------------------> data	tcam	both	1074.70	14
 ------------ > scripts\1074_03wave_2beam_14sums_1_rep_BOTH.rcp
------------------> data	rcam	both	1074.59	14
------------------> data	rcam	both	1074.81	14
------------------> data	rcam	both	1074.70	14
------------------> data	tcam	both	1074.59	14
------------------> data	tcam	both	1074.81	14
------------------> data	tcam	both	1074.70	14
 ------------ > scripts\1074_03wave_2beam_14sums_1_rep_BOTH.rcp
------------------> data	rcam	both	1074.59	14
------------------> data	rcam	both	1074.81	14
------------------> data	rcam	both	1074.70	14
------------------> data	tcam	both	1074.59	14
------------------> data	tcam	both	1074.81	14
------------------> data	tcam	both	1074.70	14
 ------------ > scripts\1074_03wave_2beam_14sums_1_rep_BOTH.rcp
------------------> data	rcam	both	1074.59	14
------------------> data	rcam	both	1074.81	14
------------------> data	rcam	both	1074.70	14
------------------> data	tcam	both	1074.59	14
------------------> data	tcam	both	1074.81	14
------------------> data	tcam	both	1074.70	14
 ------------ > scripts\1074_03wave_2beam_14sums_1_rep_BOTH.rcp
------------------> data	rcam	both	1074.59	14
------------------> data	rcam	both	1074.81	14
------------------> data	rcam	both	1074.70	14
------------------> data	tcam	both	1074.59	14
------------------> data	tcam	both	1074.81	14
------------------> data	tcam	both	1074.70	14
 ------------ > scripts\1074_03wave_2beam_14sums_1_rep_BOTH.rcp
------------------> data	rcam	both	1074.59	14
------------------> data	rcam	both	1074.81	14
------------------> data	rcam	both	1074.70	14
------------------> data	tcam	both	1074.59	14
------------------> data	tcam	both	1074.81	14
------------------> data	tcam	both	1074.70	14
 ------------ > scripts\1074_03wave_2beam_14sums_1_rep_BOTH.rcp
------------------> data	rcam	both	1074.59	14
------------------> data	rcam	both	1074.81	14
------------------> data	rcam	both	1074.70	14
------------------> data	tcam	both	1074.59	14
------------------> data	tcam	both	1074.81	14
------------------> data	tcam	both	1074.70	14
 ------------ > scripts\1074_03wave_2beam_14sums_1_rep_BOTH.rcp
------------------> data	rcam	both	1074.59	14
------------------> data	rcam	both	1074.81	14
------------------> data	rcam	both	1074.70	14
------------------> data	tcam	both	1074.59	14
------------------> data	tcam	both	1074.81	14
------------------> data	tcam	both	1074.70	14
 ------------ > scripts\1074_03wave_2beam_14sums_1_rep_BOTH.rcp
------------------> data	rcam	both	1074.59	14
------------------> data	rcam	both	1074.81	14
------------------> data	rcam	both	1074.70	14
------------------> data	tcam	both	1074.59	14
------------------> data	tcam	both	1074.81	14
------------------> data	tcam	both	1074.70	14
 ------------ > scripts\1074_03wave_2beam_14sums_1_rep_BOTH.rcp
------------------> data	rcam	both	1074.59	14
------------------> data	rcam	both	1074.81	14
------------------> data	rcam	both	1074.70	14
------------------> data	tcam	both	1074.59	14
------------------> data	tcam	both	1074.81	14
------------------> data	tcam	both	1074.70	14
 ------------ > scripts\1074_03wave_2beam_14sums_1_rep_BOTH.rcp
------------------> data	rcam	both	1074.59	14
------------------> data	rcam	both	1074.81	14
------------------> data	rcam	both	1074.70	14
------------------> data	tcam	both	1074.59	14
------------------> data	tcam	both	1074.81	14
------------------> data	tcam	both	1074.70	14
 ------------ > scripts\1074_03wave_2beam_14sums_1_rep_BOTH.rcp
------------------> data	rcam	both	1074.59	14
------------------> data	rcam	both	1074.81	14
------------------> data	rcam	both	1074.70	14
------------------> data	tcam	both	1074.59	14
------------------> data	tcam	both	1074.81	14
------------------> data	tcam	both	1074.70	14
 ------------ > scripts\1074_03wave_2beam_14sums_1_rep_BOTH.rcp
------------------> data	rcam	both	1074.59	14
------------------> data	rcam	both	1074.81	14
------------------> data	rcam	both	1074.70	14
------------------> data	tcam	both	1074.59	14
------------------> data	tcam	both	1074.81	14
------------------> data	tcam	both	1074.70	14
 ------------ > scripts\1074_03wave_2beam_14sums_1_rep_BOTH.rcp
------------------> data	rcam	both	1074.59	14
------------------> data	rcam	both	1074.81	14
------------------> data	rcam	both	1074.70	14
------------------> data	tcam	both	1074.59	14
------------------> data	tcam	both	1074.81	14
------------------> data	tcam	both	1074.70	14
 ------------ > scripts\1074_03wave_2beam_14sums_1_rep_BOTH.rcp
------------------> data	rcam	both	1074.59	14
------------------> data	rcam	both	1074.81	14
------------------> data	rcam	both	1074.70	14
------------------> data	tcam	both	1074.59	14
------------------> data	tcam	both	1074.81	14
------------------> data	tcam	both	1074.70	14
 ------------ > scripts\1074_03wave_2beam_14sums_1_rep_BOTH.rcp
------------------> data	rcam	both	1074.59	14
------------------> data	rcam	both	1074.81	14
------------------> data	rcam	both	1074.70	14
------------------> data	tcam	both	1074.59	14
------------------> data	tcam	both	1074.81	14
------------------> data	tcam	both	1074.70	14
 ------------ > scripts\1074_03wave_2beam_14sums_1_rep_BOTH.rcp
------------------> data	rcam	both	1074.59	14
------------------> data	rcam	both	1074.81	14
------------------> data	rcam	both	1074.70	14
------------------> data	tcam	both	1074.59	14
------------------> data	tcam	both	1074.81	14
------------------> data	tcam	both	1074.70	14
 ------------ > scripts\1074_03wave_2beam_14sums_1_rep_BOTH.rcp
------------------> data	rcam	both	1074.59	14
------------------> data	rcam	both	1074.81	14
------------------> data	rcam	both	1074.70	14
------------------> data	tcam	both	1074.59	14
------------------> data	tcam	both	1074.81	14
------------------> data	tcam	both	1074.70	14
 ------------ > scripts\1074_03wave_2beam_14sums_1_rep_BOTH.rcp
------------------> data	rcam	both	1074.59	14
------------------> data	rcam	both	1074.81	14
------------------> data	rcam	both	1074.70	14
------------------> data	tcam	both	1074.59	14
------------------> data	tcam	both	1074.81	14
------------------> data	tcam	both	1074.70	14
 ------------ > scripts\1074_03wave_2beam_14sums_1_rep_BOTH.rcp
------------------> data	rcam	both	1074.59	14
------------------> data	rcam	both	1074.81	14
------------------> data	rcam	both	1074.70	14
------------------> data	tcam	both	1074.59	14
------------------> data	tcam	both	1074.81	14
------------------> data	tcam	both	1074.70	14
 ------------ > scripts\1074_03wave_2beam_14sums_1_rep_BOTH.rcp
------------------> data	rcam	both	1074.59	14
------------------> data	rcam	both	1074.81	14
------------------> data	rcam	both	1074.70	14
------------------> data	tcam	both	1074.59	14
------------------> data	tcam	both	1074.81	14
------------------> data	tcam	both	1074.70	14
 ------------ > scripts\1074_03wave_2beam_14sums_1_rep_BOTH.rcp
------------------> data	rcam	both	1074.59	14
------------------> data	rcam	both	1074.81	14
------------------> data	rcam	both	1074.70	14
------------------> data	tcam	both	1074.59	14
------------------> data	tcam	both	1074.81	14
------------------> data	tcam	both	1074.70	14
 ------------ > scripts\1074_03wave_2beam_14sums_1_rep_BOTH.rcp
------------------> data	rcam	both	1074.59	14
------------------> data	rcam	both	1074.81	14
------------------> data	rcam	both	1074.70	14
------------------> data	tcam	both	1074.59	14
------------------> data	tcam	both	1074.81	14
------------------> data	tcam	both	1074.70	14
 ------------ > scripts\1074_03wave_2beam_14sums_1_rep_BOTH.rcp
------------------> data	rcam	both	1074.59	14
------------------> data	rcam	both	1074.81	14
------------------> data	rcam	both	1074.70	14
------------------> data	tcam	both	1074.59	14
------------------> data	tcam	both	1074.81	14
------------------> data	tcam	both	1074.70	14
 ------------ > scripts\1074_03wave_2beam_14sums_1_rep_BOTH.rcp
------------------> data	rcam	both	1074.59	14
------------------> data	rcam	both	1074.81	14
------------------> data	rcam	both	1074.70	14
------------------> data	tcam	both	1074.59	14
------------------> data	tcam	both	1074.81	14
------------------> data	tcam	both	1074.70	14
 ------------ > scripts\1074_03wave_2beam_14sums_1_rep_BOTH.rcp
------------------> data	rcam	both	1074.59	14
------------------> data	rcam	both	1074.81	14
------------------> data	rcam	both	1074.70	14
------------------> data	tcam	both	1074.59	14
------------------> data	tcam	both	1074.81	14
------------------> data	tcam	both	1074.70	14
 ------------ > scripts\1074_03wave_2beam_14sums_1_rep_BOTH.rcp
------------------> data	rcam	both	1074.59	14
------------------> data	rcam	both	1074.81	14
------------------> data	rcam	both	1074.70	14
------------------> data	tcam	both	1074.59	14
------------------> data	tcam	both	1074.81	14
------------------> data	tcam	both	1074.70	14
 ------------ > scripts\1074_03wave_2beam_14sums_1_rep_BOTH.rcp
------------------> data	rcam	both	1074.59	14
------------------> data	rcam	both	1074.81	14
------------------> data	rcam	both	1074.70	14
------------------> data	tcam	both	1074.59	14
------------------> data	tcam	both	1074.81	14
------------------> data	tcam	both	1074.70	14
 ------------ > scripts\1074_03wave_2beam_14sums_1_rep_BOTH.rcp
------------------> data	rcam	both	1074.59	14
------------------> data	rcam	both	1074.81	14
------------------> data	rcam	both	1074.70	14
------------------> data	tcam	both	1074.59	14
------------------> data	tcam	both	1074.81	14
------------------> data	tcam	both	1074.70	14
 ------------ > scripts\1074_03wave_2beam_14sums_1_rep_BOTH.rcp
------------------> data	rcam	both	1074.59	14
------------------> data	rcam	both	1074.81	14
------------------> data	rcam	both	1074.70	14
------------------> data	tcam	both	1074.59	14
------------------> data	tcam	both	1074.81	14
------------------> data	tcam	both	1074.70	14
 ------------ > scripts\1074_03wave_2beam_14sums_1_rep_BOTH.rcp
------------------> data	rcam	both	1074.59	14
------------------> data	rcam	both	1074.81	14
------------------> data	rcam	both	1074.70	14
------------------> data	tcam	both	1074.59	14
------------------> data	tcam	both	1074.81	14
------------------> data	tcam	both	1074.70	14
 ------------ > scripts\1074_03wave_2beam_14sums_1_rep_BOTH.rcp
------------------> data	rcam	both	1074.59	14
------------------> data	rcam	both	1074.81	14
------------------> data	rcam	both	1074.70	14
------------------> data	tcam	both	1074.59	14
------------------> data	tcam	both	1074.81	14
------------------> data	tcam	both	1074.70	14
 ------------ > scripts\1074_03wave_2beam_14sums_1_rep_BOTH.rcp
------------------> data	rcam	both	1074.59	14
------------------> data	rcam	both	1074.81	14
------------------> data	rcam	both	1074.70	14
------------------> data	tcam	both	1074.59	14
------------------> data	tcam	both	1074.81	14
------------------> data	tcam	both	1074.70	14
 ------------ > scripts\1074_03wave_2beam_14sums_1_rep_BOTH.rcp
------------------> data	rcam	both	1074.59	14
------------------> data	rcam	both	1074.81	14
------------------> data	rcam	both	1074.70	14
------------------> data	tcam	both	1074.59	14
------------------> data	tcam	both	1074.81	14
------------------> data	tcam	both	1074.70	14
 ------------ > scripts\1074_03wave_2beam_14sums_1_rep_BOTH.rcp
------------------> data	rcam	both	1074.59	14
------------------> data	rcam	both	1074.81	14
------------------> data	rcam	both	1074.70	14
------------------> data	tcam	both	1074.59	14
------------------> data	tcam	both	1074.81	14
------------------> data	tcam	both	1074.70	14
 ------------ > scripts\1074_03wave_2beam_14sums_1_rep_BOTH.rcp
------------------> data	rcam	both	1074.59	14
------------------> data	rcam	both	1074.81	14
------------------> data	rcam	both	1074.70	14
------------------> data	tcam	both	1074.59	14
------------------> data	tcam	both	1074.81	14
------------------> data	tcam	both	1074.70	14
 ------------ > scripts\1074_03wave_2beam_14sums_1_rep_BOTH.rcp
------------------> data	rcam	both	1074.59	14
------------------> data	rcam	both	1074.81	14
------------------> data	rcam	both	1074.70	14
------------------> data	tcam	both	1074.59	14
------------------> data	tcam	both	1074.81	14
------------------> data	tcam	both	1074.70	14
 ------------ > scripts\1074_03wave_2beam_14sums_1_rep_BOTH.rcp
------------------> data	rcam	both	1074.59	14
------------------> data	rcam	both	1074.81	14
------------------> data	rcam	both	1074.70	14
------------------> data	tcam	both	1074.59	14
------------------> data	tcam	both	1074.81	14
------------------> data	tcam	both	1074.70	14
 ------------ > scripts\1074_03wave_2beam_14sums_1_rep_BOTH.rcp
------------------> data	rcam	both	1074.59	14
------------------> data	rcam	both	1074.81	14
------------------> data	rcam	both	1074.70	14
------------------> data	tcam	both	1074.59	14
------------------> data	tcam	both	1074.81	14
------------------> data	tcam	both	1074.70	14
 ------------ > scripts\1074_03wave_2beam_14sums_1_rep_BOTH.rcp
------------------> data	rcam	both	1074.59	14
------------------> data	rcam	both	1074.81	14
------------------> data	rcam	both	1074.70	14
------------------> data	tcam	both	1074.59	14
------------------> data	tcam	both	1074.81	14
------------------> data	tcam	both	1074.70	14
 ------------ > scripts\1074_03wave_2beam_14sums_1_rep_BOTH.rcp
------------------> data	rcam	both	1074.59	14
------------------> data	rcam	both	1074.81	14
------------------> data	rcam	both	1074.70	14
------------------> data	tcam	both	1074.59	14
------------------> data	tcam	both	1074.81	14
------------------> data	tcam	both	1074.70	14
 ------------ > scripts\1074_03wave_2beam_14sums_1_rep_BOTH.rcp
------------------> data	rcam	both	1074.59	14
------------------> data	rcam	both	1074.81	14
------------------> data	rcam	both	1074.70	14
------------------> data	tcam	both	1074.59	14
------------------> data	tcam	both	1074.81	14
------------------> data	tcam	both	1074.70	14
 ------------ > scripts\1074_03wave_2beam_14sums_1_rep_BOTH.rcp
------------------> data	rcam	both	1074.59	14
------------------> data	rcam	both	1074.81	14
------------------> data	rcam	both	1074.70	14
------------------> data	tcam	both	1074.59	14
------------------> data	tcam	both	1074.81	14
------------------> data	tcam	both	1074.70	14
 ------------ > scripts\1074_03wave_2beam_14sums_1_rep_BOTH.rcp
------------------> data	rcam	both	1074.59	14
------------------> data	rcam	both	1074.81	14
------------------> data	rcam	both	1074.70	14
------------------> data	tcam	both	1074.59	14
------------------> data	tcam	both	1074.81	14
------------------> data	tcam	both	1074.70	14
 ------------ > scripts\1074_03wave_2beam_14sums_1_rep_BOTH.rcp
------------------> data	rcam	both	1074.59	14
------------------> data	rcam	both	1074.81	14
------------------> data	rcam	both	1074.70	14
------------------> data	tcam	both	1074.59	14
------------------> data	tcam	both	1074.81	14
------------------> data	tcam	both	1074.70	14
 ------------ > scripts\1074_03wave_2beam_14sums_1_rep_BOTH.rcp
------------------> data	rcam	both	1074.59	14
------------------> data	rcam	both	1074.81	14
------------------> data	rcam	both	1074.70	14
------------------> data	tcam	both	1074.59	14
------------------> data	tcam	both	1074.81	14
------------------> data	tcam	both	1074.70	14
 ------------ > scripts\1074_03wave_2beam_14sums_1_rep_BOTH.rcp
------------------> data	rcam	both	1074.59	14
------------------> data	rcam	both	1074.81	14
------------------> data	rcam	both	1074.70	14
------------------> data	tcam	both	1074.59	14
------------------> data	tcam	both	1074.81	14
------------------> data	tcam	both	1074.70	14
 ------------ > scripts\1074_03wave_2beam_14sums_1_rep_BOTH.rcp
------------------> data	rcam	both	1074.59	14
------------------> data	rcam	both	1074.81	14
------------------> data	rcam	both	1074.70	14
------------------> data	tcam	both	1074.59	14
------------------> data	tcam	both	1074.81	14
------------------> data	tcam	both	1074.70	14
 ------------ > scripts\1074_03wave_2beam_14sums_1_rep_BOTH.rcp
------------------> data	rcam	both	1074.59	14
------------------> data	rcam	both	1074.81	14
------------------> data	rcam	both	1074.70	14
------------------> data	tcam	both	1074.59	14
------------------> data	tcam	both	1074.81	14
------------------> data	tcam	both	1074.70	14
 ------------ > scripts\1074_03wave_2beam_14sums_1_rep_BOTH.rcp
------------------> data	rcam	both	1074.59	14
------------------> data	rcam	both	1074.81	14
------------------> data	rcam	both	1074.70	14
------------------> data	tcam	both	1074.59	14
------------------> data	tcam	both	1074.81	14
------------------> data	tcam	both	1074.70	14
 ------------ > scripts\1074_03wave_2beam_14sums_1_rep_BOTH.rcp
------------------> data	rcam	both	1074.59	14
------------------> data	rcam	both	1074.81	14
------------------> data	rcam	both	1074.70	14
------------------> data	tcam	both	1074.59	14
------------------> data	tcam	both	1074.81	14
------------------> data	tcam	both	1074.70	14
 ------------ > scripts\1074_03wave_2beam_14sums_1_rep_BOTH.rcp
------------------> data	rcam	both	1074.59	14
------------------> data	rcam	both	1074.81	14
------------------> data	rcam	both	1074.70	14
------------------> data	tcam	both	1074.59	14
------------------> data	tcam	both	1074.81	14
------------------> data	tcam	both	1074.70	14
 ------------ > scripts\1074_03wave_2beam_14sums_1_rep_BOTH.rcp
------------------> data	rcam	both	1074.59	14
------------------> data	rcam	both	1074.81	14
------------------> data	rcam	both	1074.70	14
------------------> data	tcam	both	1074.59	14
------------------> data	tcam	both	1074.81	14
------------------> data	tcam	both	1074.70	14
 ------------ > scripts\1074_03wave_2beam_14sums_1_rep_BOTH.rcp
------------------> data	rcam	both	1074.59	14
------------------> data	rcam	both	1074.81	14
------------------> data	rcam	both	1074.70	14
------------------> data	tcam	both	1074.59	14
------------------> data	tcam	both	1074.81	14
------------------> data	tcam	both	1074.70	14
 ------------ > scripts\1074_03wave_2beam_14sums_1_rep_BOTH.rcp
------------------> data	rcam	both	1074.59	14
------------------> data	rcam	both	1074.81	14
------------------> data	rcam	both	1074.70	14
------------------> data	tcam	both	1074.59	14
------------------> data	tcam	both	1074.81	14
------------------> data	tcam	both	1074.70	14
 ------------ > scripts\1074_03wave_2beam_14sums_1_rep_BOTH.rcp
------------------> data	rcam	both	1074.59	14
------------------> data	rcam	both	1074.81	14
------------------> data	rcam	both	1074.70	14
------------------> data	tcam	both	1074.59	14
------------------> data	tcam	both	1074.81	14
------------------> data	tcam	both	1074.70	14
 ------------ > scripts\1074_03wave_2beam_14sums_1_rep_BOTH.rcp
------------------> data	rcam	both	1074.59	14
------------------> data	rcam	both	1074.81	14
------------------> data	rcam	both	1074.70	14
------------------> data	tcam	both	1074.59	14
------------------> data	tcam	both	1074.81	14
------------------> data	tcam	both	1074.70	14
 ------------ > scripts\1074_03wave_2beam_14sums_1_rep_BOTH.rcp
------------------> data	rcam	both	1074.59	14
------------------> data	rcam	both	1074.81	14
------------------> data	rcam	both	1074.70	14
------------------> data	tcam	both	1074.59	14
------------------> data	tcam	both	1074.81	14
------------------> data	tcam	both	1074.70	14
 ------------ > scripts\1074_03wave_2beam_14sums_1_rep_BOTH.rcp
------------------> data	rcam	both	1074.59	14
------------------> data	rcam	both	1074.81	14
------------------> data	rcam	both	1074.70	14
------------------> data	tcam	both	1074.59	14
------------------> data	tcam	both	1074.81	14
------------------> data	tcam	both	1074.70	14
 ------------ > scripts\1074_03wave_2beam_14sums_1_rep_BOTH.rcp
------------------> data	rcam	both	1074.59	14
------------------> data	rcam	both	1074.81	14
------------------> data	rcam	both	1074.70	14
------------------> data	tcam	both	1074.59	14
------------------> data	tcam	both	1074.81	14
------------------> data	tcam	both	1074.70	14
 ------------ > scripts\1074_03wave_2beam_14sums_1_rep_BOTH.rcp
------------------> data	rcam	both	1074.59	14
------------------> data	rcam	both	1074.81	14
------------------> data	rcam	both	1074.70	14
------------------> data	tcam	both	1074.59	14
------------------> data	tcam	both	1074.81	14
------------------> data	tcam	both	1074.70	14
 ------------ > scripts\1074_03wave_2beam_14sums_1_rep_BOTH.rcp
------------------> data	rcam	both	1074.59	14
------------------> data	rcam	both	1074.81	14
------------------> data	rcam	both	1074.70	14
------------------> data	tcam	both	1074.59	14
------------------> data	tcam	both	1074.81	14
------------------> data	tcam	both	1074.70	14
 ------------ > scripts\1074_03wave_2beam_14sums_1_rep_BOTH.rcp
------------------> data	rcam	both	1074.59	14
------------------> data	rcam	both	1074.81	14
------------------> data	rcam	both	1074.70	14
------------------> data	tcam	both	1074.59	14
------------------> data	tcam	both	1074.81	14
------------------> data	tcam	both	1074.70	14
 ------------ > scripts\1074_03wave_2beam_14sums_1_rep_BOTH.rcp
------------------> data	rcam	both	1074.59	14
------------------> data	rcam	both	1074.81	14
------------------> data	rcam	both	1074.70	14
------------------> data	tcam	both	1074.59	14
------------------> data	tcam	both	1074.81	14
------------------> data	tcam	both	1074.70	14
 ------------ > scripts\1074_03wave_2beam_14sums_1_rep_BOTH.rcp
------------------> data	rcam	both	1074.59	14
------------------> data	rcam	both	1074.81	14
------------------> data	rcam	both	1074.70	14
------------------> data	tcam	both	1074.59	14
------------------> data	tcam	both	1074.81	14
------------------> data	tcam	both	1074.70	14
 ------------ > scripts\1074_03wave_2beam_14sums_1_rep_BOTH.rcp
------------------> data	rcam	both	1074.59	14
------------------> data	rcam	both	1074.81	14
------------------> data	rcam	both	1074.70	14
------------------> data	tcam	both	1074.59	14
------------------> data	tcam	both	1074.81	14
------------------> data	tcam	both	1074.70	14
 ------------ > scripts\1074_03wave_2beam_14sums_1_rep_BOTH.rcp
------------------> data	rcam	both	1074.59	14
------------------> data	rcam	both	1074.81	14
------------------> data	rcam	both	1074.70	14
------------------> data	tcam	both	1074.59	14
------------------> data	tcam	both	1074.81	14
------------------> data	tcam	both	1074.70	14
 ------------ > scripts\1074_03wave_2beam_14sums_1_rep_BOTH.rcp
------------------> data	rcam	both	1074.59	14
------------------> data	rcam	both	1074.81	14
------------------> data	rcam	both	1074.70	14
------------------> data	tcam	both	1074.59	14
------------------> data	tcam	both	1074.81	14
------------------> data	tcam	both	1074.70	14
 ------------ > scripts\1074_03wave_2beam_14sums_1_rep_BOTH.rcp
------------------> data	rcam	both	1074.59	14
------------------> data	rcam	both	1074.81	14
------------------> data	rcam	both	1074.70	14
------------------> data	tcam	both	1074.59	14
------------------> data	tcam	both	1074.81	14
------------------> data	tcam	both	1074.70	14
 ------------ > scripts\1074_03wave_2beam_14sums_1_rep_BOTH.rcp
------------------> data	rcam	both	1074.59	14
------------------> data	rcam	both	1074.81	14
------------------> data	rcam	both	1074.70	14
------------------> data	tcam	both	1074.59	14
------------------> data	tcam	both	1074.81	14
------------------> data	tcam	both	1074.70	14
 ------------ > scripts\1074_03wave_2beam_14sums_1_rep_BOTH.rcp
------------------> data	rcam	both	1074.59	14
------------------> data	rcam	both	1074.81	14
------------------> data	rcam	both	1074.70	14
------------------> data	tcam	both	1074.59	14
------------------> data	tcam	both	1074.81	14
------------------> data	tcam	both	1074.70	14
 ------------ > scripts\1074_03wave_2beam_14sums_1_rep_BOTH.rcp
------------------> data	rcam	both	1074.59	14
------------------> data	rcam	both	1074.81	14
------------------> data	rcam	both	1074.70	14
------------------> data	tcam	both	1074.59	14
------------------> data	tcam	both	1074.81	14
------------------> data	tcam	both	1074.70	14
 ------------ > scripts\1074_03wave_2beam_14sums_1_rep_BOTH.rcp
------------------> data	rcam	both	1074.59	14
------------------> data	rcam	both	1074.81	14
------------------> data	rcam	both	1074.70	14
------------------> data	tcam	both	1074.59	14
------------------> data	tcam	both	1074.81	14
------------------> data	tcam	both	1074.70	14
 ------------ > scripts\1074_03wave_2beam_14sums_1_rep_BOTH.rcp
------------------> data	rcam	both	1074.59	14
------------------> data	rcam	both	1074.81	14
------------------> data	rcam	both	1074.70	14
------------------> data	tcam	both	1074.59	14
------------------> data	tcam	both	1074.81	14
------------------> data	tcam	both	1074.70	14
 ------------ > scripts\1074_03wave_2beam_14sums_1_rep_BOTH.rcp
------------------> data	rcam	both	1074.59	14
------------------> data	rcam	both	1074.81	14
------------------> data	rcam	both	1074.70	14
------------------> data	tcam	both	1074.59	14
------------------> data	tcam	both	1074.81	14
------------------> data	tcam	both	1074.70	14
 ------------ > scripts\1074_03wave_2beam_14sums_1_rep_BOTH.rcp
------------------> data	rcam	both	1074.59	14
------------------> data	rcam	both	1074.81	14
------------------> data	rcam	both	1074.70	14
------------------> data	tcam	both	1074.59	14
------------------> data	tcam	both	1074.81	14
------------------> data	tcam	both	1074.70	14
 ------------ > scripts\1074_03wave_2beam_14sums_1_rep_BOTH.rcp
------------------> data	rcam	both	1074.59	14
------------------> data	rcam	both	1074.81	14
------------------> data	rcam	both	1074.70	14
------------------> data	tcam	both	1074.59	14
------------------> data	tcam	both	1074.81	14
------------------> data	tcam	both	1074.70	14
 ------------ > scripts\1074_03wave_2beam_14sums_1_rep_BOTH.rcp
------------------> data	rcam	both	1074.59	14
------------------> data	rcam	both	1074.81	14
------------------> data	rcam	both	1074.70	14
------------------> data	tcam	both	1074.59	14
------------------> data	tcam	both	1074.81	14
------------------> data	tcam	both	1074.70	14
 ------------ > scripts\1074_03wave_2beam_14sums_1_rep_BOTH.rcp
------------------> data	rcam	both	1074.59	14
------------------> data	rcam	both	1074.81	14
------------------> data	rcam	both	1074.70	14
------------------> data	tcam	both	1074.59	14
------------------> data	tcam	both	1074.81	14
------------------> data	tcam	both	1074.70	14
 ------------ > scripts\1074_03wave_2beam_14sums_1_rep_BOTH.rcp
------------------> data	rcam	both	1074.59	14
------------------> data	rcam	both	1074.81	14
------------------> data	rcam	both	1074.70	14
------------------> data	tcam	both	1074.59	14
------------------> data	tcam	both	1074.81	14
------------------> data	tcam	both	1074.70	14
 ------------ > scripts\1074_03wave_2beam_14sums_1_rep_BOTH.rcp
------------------> data	rcam	both	1074.59	14
------------------> data	rcam	both	1074.81	14
------------------> data	rcam	both	1074.70	14
------------------> data	tcam	both	1074.59	14
------------------> data	tcam	both	1074.81	14
------------------> data	tcam	both	1074.70	14
 ------------ > scripts\1074_03wave_2beam_14sums_1_rep_BOTH.rcp
------------------> data	rcam	both	1074.59	14
------------------> data	rcam	both	1074.81	14
------------------> data	rcam	both	1074.70	14
------------------> data	tcam	both	1074.59	14
------------------> data	tcam	both	1074.81	14
------------------> data	tcam	both	1074.70	14
 ------------ > scripts\1074_03wave_2beam_14sums_1_rep_BOTH.rcp
------------------> data	rcam	both	1074.59	14
------------------> data	rcam	both	1074.81	14
------------------> data	rcam	both	1074.70	14
------------------> data	tcam	both	1074.59	14
------------------> data	tcam	both	1074.81	14
------------------> data	tcam	both	1074.70	14
 ------------ > scripts\1074_03wave_2beam_14sums_1_rep_BOTH.rcp
------------------> data	rcam	both	1074.59	14
------------------> data	rcam	both	1074.81	14
------------------> data	rcam	both	1074.70	14
------------------> data	tcam	both	1074.59	14
------------------> data	tcam	both	1074.81	14
------------------> data	tcam	both	1074.70	14
 ------------ > scripts\1074_03wave_2beam_14sums_1_rep_BOTH.rcp
------------------> data	rcam	both	1074.59	14
------------------> data	rcam	both	1074.81	14
------------------> data	rcam	both	1074.70	14
------------------> data	tcam	both	1074.59	14
------------------> data	tcam	both	1074.81	14
------------------> data	tcam	both	1074.70	14
 ------------ > scripts\1074_03wave_2beam_14sums_1_rep_BOTH.rcp
------------------> data	rcam	both	1074.59	14
------------------> data	rcam	both	1074.81	14
------------------> data	rcam	both	1074.70	14
------------------> data	tcam	both	1074.59	14
------------------> data	tcam	both	1074.81	14
------------------> data	tcam	both	1074.70	14
 ------------ > scripts\setupFlat.rcp
------------------> diffuser	in
------------------> cover	out
------------------> occ	out
------------------> shut	out
------------------> calib	out
 ------------ > scripts\1074_03wave_2beam_14sums_1_rep_BOTH.rcp
------------------> data	rcam	both	1074.59	14
------------------> data	rcam	both	1074.81	14
------------------> data	rcam	both	1074.70	14
------------------> data	tcam	both	1074.59	14
------------------> data	tcam	both	1074.81	14
------------------> data	tcam	both	1074.70	14
